C:/analog/cfs/1.0.1/SDK/MAX/Libraries/USS/adin1110/src/adi_phy.c:358:13:irqCb	8	static
C:/analog/cfs/1.0.1/SDK/MAX/Libraries/USS/adin1110/src/adi_phy.c:156:18:PHY_UnInit	8	static
C:/analog/cfs/1.0.1/SDK/MAX/Libraries/USS/adin1110/src/adi_phy.c:1444:18:PHY_Write	24	static
C:/analog/cfs/1.0.1/SDK/MAX/Libraries/USS/adin1110/src/adi_phy.c:1740:18:PHY_FrameChkSourceSelect	8	static
C:/analog/cfs/1.0.1/SDK/MAX/Libraries/USS/adin1110/src/adi_phy.c:1721:18:PHY_FrameChkEn	8	static
C:/analog/cfs/1.0.1/SDK/MAX/Libraries/USS/adin1110/src/adi_phy.c:1662:18:PHY_FrameGenSetIfgLen	8	static
C:/analog/cfs/1.0.1/SDK/MAX/Libraries/USS/adin1110/src/adi_phy.c:1653:18:PHY_FrameGenSetFrameLen	8	static
C:/analog/cfs/1.0.1/SDK/MAX/Libraries/USS/adin1110/src/adi_phy.c:1635:18:PHY_FrameGenSetFramePayload	8	static
C:/analog/cfs/1.0.1/SDK/MAX/Libraries/USS/adin1110/src/adi_phy.c:1612:18:PHY_FrameGenSetFrameCnt	16	static
C:/analog/cfs/1.0.1/SDK/MAX/Libraries/USS/adin1110/src/adi_phy.c:1603:18:PHY_FrameGenSetMode	8	static
C:/analog/cfs/1.0.1/SDK/MAX/Libraries/USS/adin1110/src/adi_phy.c:1406:25:PHY_LedBlinkTime	16	static
C:/analog/cfs/1.0.1/SDK/MAX/Libraries/USS/adin1110/src/adi_phy.c:904:25:phyStaticConfig	16	static
C:/analog/cfs/1.0.1/SDK/MAX/Libraries/USS/adin1110/src/adi_phy.c:574:18:PHY_Renegotiate	8	static
C:/analog/cfs/1.0.1/SDK/MAX/Libraries/USS/adin1110/src/adi_phy.c:544:18:PHY_AnEnable	8	static
C:/analog/cfs/1.0.1/SDK/MAX/Libraries/USS/adin1110/src/adi_phy.c:319:18:PHY_RegisterCallback	16	static
C:/analog/cfs/1.0.1/SDK/MAX/Libraries/USS/adin1110/src/adi_phy.c:1475:18:PHY_Read	24	static
C:/analog/cfs/1.0.1/SDK/MAX/Libraries/USS/adin1110/src/adi_phy.c:1781:18:PHY_FrameChkReadErrorCnt	16	static
C:/analog/cfs/1.0.1/SDK/MAX/Libraries/USS/adin1110/src/adi_phy.c:1772:18:PHY_FrameChkReadRxErrCnt	8	static
C:/analog/cfs/1.0.1/SDK/MAX/Libraries/USS/adin1110/src/adi_phy.c:1749:18:PHY_FrameChkReadFrameCnt	24	static
C:/analog/cfs/1.0.1/SDK/MAX/Libraries/USS/adin1110/src/adi_phy.c:1704:18:PHY_FrameGenDone	16	static
C:/analog/cfs/1.0.1/SDK/MAX/Libraries/USS/adin1110/src/adi_phy.c:1672:18:PHY_FrameGenRestart	16	static
C:/analog/cfs/1.0.1/SDK/MAX/Libraries/USS/adin1110/src/adi_phy.c:1537:18:PHY_FrameGenEn	16	static
C:/analog/cfs/1.0.1/SDK/MAX/Libraries/USS/adin1110/src/adi_phy.c:1499:18:PHY_GetMseLinkQuality	8	static
C:/analog/cfs/1.0.1/SDK/MAX/Libraries/USS/adin1110/src/adi_phy.c:697:18:PHY_GetCapabilities	16	static
C:/analog/cfs/1.0.1/SDK/MAX/Libraries/USS/adin1110/src/adi_phy.c:1367:25:PHY_LedEn	24	static
C:/analog/cfs/1.0.1/SDK/MAX/Libraries/USS/adin1110/src/adi_phy.c:1857:25:checkIdentity	24	static
C:/analog/cfs/1.0.1/SDK/MAX/Libraries/USS/adin1110/src/adi_phy.c:609:18:PHY_GetAnStatus	24	static
C:/analog/cfs/1.0.1/SDK/MAX/Libraries/USS/adin1110/src/adi_phy.c:482:18:PHY_AnAdvMstSlvCfg	24	static
C:/analog/cfs/1.0.1/SDK/MAX/Libraries/USS/adin1110/src/adi_phy.c:436:18:PHY_AnAdvTxMode	24	static
C:/analog/cfs/1.0.1/SDK/MAX/Libraries/USS/adin1110/src/adi_phy.c:852:18:PHY_GetLinkStatus	24	static
C:/analog/cfs/1.0.1/SDK/MAX/Libraries/USS/adin1110/src/adi_phy.c:817:18:PHY_GetSoftwarePowerdown	16	static
C:/analog/cfs/1.0.1/SDK/MAX/Libraries/USS/adin1110/src/adi_phy.c:727:25:setSoftwarePowerdown	24	static
C:/analog/cfs/1.0.1/SDK/MAX/Libraries/USS/adin1110/src/adi_phy.c:801:18:PHY_ExitSoftwarePowerdown	8	static
C:/analog/cfs/1.0.1/SDK/MAX/Libraries/USS/adin1110/src/adi_phy.c:785:18:PHY_EnterSoftwarePowerdown	8	static
C:/analog/cfs/1.0.1/SDK/MAX/Libraries/USS/adin1110/src/adi_phy.c:193:25:phyInit	32	static
C:/analog/cfs/1.0.1/SDK/MAX/Libraries/USS/adin1110/src/adi_phy.c:1046:18:PHY_Reset	8	static
C:/analog/cfs/1.0.1/SDK/MAX/Libraries/USS/adin1110/src/adi_phy.c:175:18:PHY_ReInitPhy	8	static
C:/analog/cfs/1.0.1/SDK/MAX/Libraries/USS/adin1110/src/adi_phy.c:1239:18:PHY_SetTestMode	24	static
C:/analog/cfs/1.0.1/SDK/MAX/Libraries/USS/adin1110/src/adi_phy.c:1093:18:PHY_SetLoopbackMode	24	static
C:/analog/cfs/1.0.1/SDK/MAX/Libraries/USS/adin1110/src/adi_phy.c:388:18:PHY_ReadIrqStatus	24	static
C:/analog/cfs/1.0.1/SDK/MAX/Libraries/USS/adin1110/src/adi_phy.c:88:18:PHY_Init	24	static
