C:/analog/cfs/1.0.1/SDK/MAX/Libraries/USS/adin1110/src/adi_mac.c:2139:18:MAC_TsConvert	16	static
C:/analog/cfs/1.0.1/SDK/MAX/Libraries/USS/adin1110/src/adi_mac.c:2345:9:MAC_TsSubtract	4	static
C:/analog/cfs/1.0.1/SDK/MAX/Libraries/USS/adin1110/src/adi_mac.c:692:18:MAC_UnInit	8	static
C:/analog/cfs/1.0.1/SDK/MAX/Libraries/USS/adin1110/src/adi_mac.c:1468:18:MAC_GetStatCounters	72	static
C:/analog/cfs/1.0.1/SDK/MAX/Libraries/USS/adin1110/src/adi_mac.c:880:18:MAC_ReadRegister	40	static
C:/analog/cfs/1.0.1/SDK/MAX/Libraries/USS/adin1110/src/adi_mac.c:1860:18:MAC_GetCutThroughMode	24	static
C:/analog/cfs/1.0.1/SDK/MAX/Libraries/USS/adin1110/src/adi_mac.c:1897:18:MAC_GetFifoSizes	8	static
C:/analog/cfs/1.0.1/SDK/MAX/Libraries/USS/adin1110/src/adi_mac.c:2175:18:MAC_TsGetExtCaptTimestamp	24	static
C:/analog/cfs/1.0.1/SDK/MAX/Libraries/USS/adin1110/src/adi_mac.c:2216:18:MAC_TsGetEgressTimestamp	24	static
C:/analog/cfs/1.0.1/SDK/MAX/Libraries/USS/adin1110/src/adi_mac.c:1044:18:waitMdioReady	32	static
C:/analog/cfs/1.0.1/SDK/MAX/Libraries/USS/adin1110/src/adi_mac.c:1949:18:MAC_GetPromiscuousMode	16	static
C:/analog/cfs/1.0.1/SDK/MAX/Libraries/USS/adin1110/src/adi_mac.c:1738:18:MAC_GetLinkStatus	16	static
C:/analog/cfs/1.0.1/SDK/MAX/Libraries/USS/adin1110/src/adi_mac.c:962:18:MAC_WriteRegister	40	static
C:/analog/cfs/1.0.1/SDK/MAX/Libraries/USS/adin1110/src/adi_mac.c:1824:18:MAC_SetCutThroughMode	24	static
C:/analog/cfs/1.0.1/SDK/MAX/Libraries/USS/adin1110/src/adi_mac.c:1881:18:MAC_SetFifoSizes	8	static
C:/analog/cfs/1.0.1/SDK/MAX/Libraries/USS/adin1110/src/adi_mac.c:1902:18:MAC_ClearFifos	8	static
C:/analog/cfs/1.0.1/SDK/MAX/Libraries/USS/adin1110/src/adi_mac.c:1969:18:MAC_TsEnable	24	static
C:/analog/cfs/1.0.1/SDK/MAX/Libraries/USS/adin1110/src/adi_mac.c:2036:18:MAC_TsClear	16	static
C:/analog/cfs/1.0.1/SDK/MAX/Libraries/USS/adin1110/src/adi_mac.c:2054:18:MAC_TsTimerStart	24	static
C:/analog/cfs/1.0.1/SDK/MAX/Libraries/USS/adin1110/src/adi_mac.c:2121:18:MAC_TsTimerStop	16	static
C:/analog/cfs/1.0.1/SDK/MAX/Libraries/USS/adin1110/src/adi_mac.c:2261:18:MAC_TsSetTimerAbsolute	24	static
C:/analog/cfs/1.0.1/SDK/MAX/Libraries/USS/adin1110/src/adi_mac.c:2306:18:MAC_TsSyncClock	40	static
C:/analog/cfs/1.0.1/SDK/MAX/Libraries/USS/adin1110/src/adi_mac.c:1164:18:MAC_PhyWrite	16	static
C:/analog/cfs/1.0.1/SDK/MAX/Libraries/USS/adin1110/src/adi_mac.c:1125:18:MAC_PhyRead	24	static
C:/analog/cfs/1.0.1/SDK/MAX/Libraries/USS/adin1110/src/adi_mac.c:1917:18:MAC_SetPromiscuousMode	24	static
C:/analog/cfs/1.0.1/SDK/MAX/Libraries/USS/adin1110/src/adi_mac.c:1700:18:MAC_ClearAddressFilter	16	static
C:/analog/cfs/1.0.1/SDK/MAX/Libraries/USS/adin1110/src/adi_mac.c:1605:18:MAC_AddAddressFilter	24	static
C:/analog/cfs/1.0.1/SDK/MAX/Libraries/USS/adin1110/src/adi_mac.c:817:18:MAC_RegisterCallback	8	static
C:/analog/cfs/1.0.1/SDK/MAX/Libraries/USS/adin1110/src/adi_mac.c:2365:18:MAC_SyncConfig	24	static
C:/analog/cfs/1.0.1/SDK/MAX/Libraries/USS/adin1110/src/adi_mac.c:1069:18:waitDeviceReady	32	static
C:/analog/cfs/1.0.1/SDK/MAX/Libraries/USS/adin1110/src/adi_mac.c:560:25:macInit	24	static
C:/analog/cfs/1.0.1/SDK/MAX/Libraries/USS/adin1110/src/adi_mac.c:717:18:MAC_Reset	24	static
C:/analog/cfs/1.0.1/SDK/MAX/Libraries/USS/adin1110/src/adi_mac.c:66:6:queueInit	4	static
C:/analog/cfs/1.0.1/SDK/MAX/Libraries/USS/adin1110/src/adi_mac.c:457:18:MAC_Init	24	static
C:/analog/cfs/1.0.1/SDK/MAX/Libraries/USS/adin1110/src/adi_mac.c:91:10:queueAvailable	0	static
C:/analog/cfs/1.0.1/SDK/MAX/Libraries/USS/adin1110/src/adi_mac.c:96:6:queueIsFull	0	static
C:/analog/cfs/1.0.1/SDK/MAX/Libraries/USS/adin1110/src/adi_mac.c:101:6:queueIsEmpty	0	static
C:/analog/cfs/1.0.1/SDK/MAX/Libraries/USS/adin1110/src/adi_mac.c:1423:18:MAC_ProcessTxQueue	16	static
C:/analog/cfs/1.0.1/SDK/MAX/Libraries/USS/adin1110/src/adi_mac.c:130:13:macCallback	40	static
C:/analog/cfs/1.0.1/SDK/MAX/Libraries/USS/adin1110/src/adi_mac.c:109:6:queueAdd	0	static
C:/analog/cfs/1.0.1/SDK/MAX/Libraries/USS/adin1110/src/adi_mac.c:1271:18:MAC_SubmitRxBuffer	24	static
C:/analog/cfs/1.0.1/SDK/MAX/Libraries/USS/adin1110/src/adi_mac.c:1201:18:MAC_SubmitTxBuffer	24	static
C:/analog/cfs/1.0.1/SDK/MAX/Libraries/USS/adin1110/src/adi_mac.c:115:6:queueRemove	0	static
C:/analog/cfs/1.0.1/SDK/MAX/Libraries/USS/adin1110/src/adi_mac.c:2405:9:MAC_CalculateParity	0	static
