C:/analog/cfs/1.0.1/SDK/MAX/Libraries/USS/adin1110/src/adin1110.c:23:17:PhyWrite	16	static
C:/analog/cfs/1.0.1/SDK/MAX/Libraries/USS/adin1110/src/adin1110.c:28:17:PhyRead	16	static
C:/analog/cfs/1.0.1/SDK/MAX/Libraries/USS/adin1110/src/adin1110.c:56:18:adin1110_Init	56	static
C:/analog/cfs/1.0.1/SDK/MAX/Libraries/USS/adin1110/src/adin1110.c:111:18:adin1110_UnInit	16	static
C:/analog/cfs/1.0.1/SDK/MAX/Libraries/USS/adin1110/src/adin1110.c:148:18:adin1110_Enable	8	static
C:/analog/cfs/1.0.1/SDK/MAX/Libraries/USS/adin1110/src/adin1110.c:169:18:adin1110_Disable	8	static
C:/analog/cfs/1.0.1/SDK/MAX/Libraries/USS/adin1110/src/adin1110.c:242:18:adin1110_Reset	16	static
C:/analog/cfs/1.0.1/SDK/MAX/Libraries/USS/adin1110/src/adin1110.c:277:18:adin1110_SyncConfig	8	static
C:/analog/cfs/1.0.1/SDK/MAX/Libraries/USS/adin1110/src/adin1110.c:296:18:adin1110_GetLinkStatus	8	static
C:/analog/cfs/1.0.1/SDK/MAX/Libraries/USS/adin1110/src/adin1110.c:312:18:adin1110_GetStatCounters	8	static
C:/analog/cfs/1.0.1/SDK/MAX/Libraries/USS/adin1110/src/adin1110.c:327:18:adin1110_LedEn	8	static
C:/analog/cfs/1.0.1/SDK/MAX/Libraries/USS/adin1110/src/adin1110.c:351:18:adin1110_SetLoopbackMode	8	static
C:/analog/cfs/1.0.1/SDK/MAX/Libraries/USS/adin1110/src/adin1110.c:374:18:adin1110_SetTestMode	8	static
C:/analog/cfs/1.0.1/SDK/MAX/Libraries/USS/adin1110/src/adin1110.c:396:18:adin1110_AddAddressFilter	8	static
C:/analog/cfs/1.0.1/SDK/MAX/Libraries/USS/adin1110/src/adin1110.c:419:18:adin1110_ClearAddressFilter	8	static
C:/analog/cfs/1.0.1/SDK/MAX/Libraries/USS/adin1110/src/adin1110.c:440:18:adin1110_SubmitTxBuffer	8	static
C:/analog/cfs/1.0.1/SDK/MAX/Libraries/USS/adin1110/src/adin1110.c:468:18:adin1110_SubmitRxBuffer	8	static
C:/analog/cfs/1.0.1/SDK/MAX/Libraries/USS/adin1110/src/adin1110.c:539:18:adin1110_SetCutThroughMode	8	static
C:/analog/cfs/1.0.1/SDK/MAX/Libraries/USS/adin1110/src/adin1110.c:555:18:adin1110_GetCutThroughMode	8	static
C:/analog/cfs/1.0.1/SDK/MAX/Libraries/USS/adin1110/src/adin1110.c:572:18:adin1110_SetFifoSizes	16	static
C:/analog/cfs/1.0.1/SDK/MAX/Libraries/USS/adin1110/src/adin1110.c:601:18:adin1110_GetFifoSizes	16	static
C:/analog/cfs/1.0.1/SDK/MAX/Libraries/USS/adin1110/src/adin1110.c:623:18:adin1110_ClearFifos	8	static
C:/analog/cfs/1.0.1/SDK/MAX/Libraries/USS/adin1110/src/adin1110.c:642:18:adin1110_SetPromiscuousMode	8	static
C:/analog/cfs/1.0.1/SDK/MAX/Libraries/USS/adin1110/src/adin1110.c:657:18:adin1110_GetPromiscuousMode	8	static
C:/analog/cfs/1.0.1/SDK/MAX/Libraries/USS/adin1110/src/adin1110.c:677:18:adin1110_TsEnable	8	static
C:/analog/cfs/1.0.1/SDK/MAX/Libraries/USS/adin1110/src/adin1110.c:691:18:adin1110_TsClear	8	static
C:/analog/cfs/1.0.1/SDK/MAX/Libraries/USS/adin1110/src/adin1110.c:710:18:adin1110_TsTimerStart	8	static
C:/analog/cfs/1.0.1/SDK/MAX/Libraries/USS/adin1110/src/adin1110.c:724:18:adin1110_TsTimerStop	8	static
C:/analog/cfs/1.0.1/SDK/MAX/Libraries/USS/adin1110/src/adin1110.c:743:18:adin1110_TsSetTimerAbsolute	8	static
C:/analog/cfs/1.0.1/SDK/MAX/Libraries/USS/adin1110/src/adin1110.c:763:18:adin1110_TsSyncClock	24	static
C:/analog/cfs/1.0.1/SDK/MAX/Libraries/USS/adin1110/src/adin1110.c:780:18:adin1110_TsGetExtCaptTimestamp	8	static
C:/analog/cfs/1.0.1/SDK/MAX/Libraries/USS/adin1110/src/adin1110.c:799:18:adin1110_TsGetEgressTimestamp	8	static
C:/analog/cfs/1.0.1/SDK/MAX/Libraries/USS/adin1110/src/adin1110.c:816:18:adin1110_TsConvert	8	static
C:/analog/cfs/1.0.1/SDK/MAX/Libraries/USS/adin1110/src/adin1110.c:833:9:adin1110_TsSubtract	8	static
C:/analog/cfs/1.0.1/SDK/MAX/Libraries/USS/adin1110/src/adin1110.c:850:18:adin1110_RegisterCallback	8	static
C:/analog/cfs/1.0.1/SDK/MAX/Libraries/USS/adin1110/src/adin1110.c:867:18:adin1110_SetUserContext	0	static
C:/analog/cfs/1.0.1/SDK/MAX/Libraries/USS/adin1110/src/adin1110.c:902:7:adin1110_GetUserContext	0	static
C:/analog/cfs/1.0.1/SDK/MAX/Libraries/USS/adin1110/src/adin1110.c:940:18:adin1110_WriteRegister	8	static
C:/analog/cfs/1.0.1/SDK/MAX/Libraries/USS/adin1110/src/adin1110.c:959:18:adin1110_ReadRegister	8	static
C:/analog/cfs/1.0.1/SDK/MAX/Libraries/USS/adin1110/src/adin1110.c:975:18:adin1110_PhyWrite	8	static
C:/analog/cfs/1.0.1/SDK/MAX/Libraries/USS/adin1110/src/adin1110.c:991:18:adin1110_PhyRead	8	static
C:/analog/cfs/1.0.1/SDK/MAX/Libraries/USS/adin1110/src/adin1110.c:190:18:adin1110_GetDeviceId	24	static
C:/analog/cfs/1.0.1/SDK/MAX/Libraries/USS/adin1110/src/adin1110.c:1006:18:adin1110_GetMseLinkQuality	8	static
C:/analog/cfs/1.0.1/SDK/MAX/Libraries/USS/adin1110/src/adin1110.c:1021:18:adin1110_FrameGenEn	8	static
C:/analog/cfs/1.0.1/SDK/MAX/Libraries/USS/adin1110/src/adin1110.c:1037:18:adin1110_FrameGenSetMode	8	static
C:/analog/cfs/1.0.1/SDK/MAX/Libraries/USS/adin1110/src/adin1110.c:1051:18:adin1110_FrameGenSetFrameCnt	8	static
C:/analog/cfs/1.0.1/SDK/MAX/Libraries/USS/adin1110/src/adin1110.c:1071:18:adin1110_FrameGenSetFramePayload	8	static
C:/analog/cfs/1.0.1/SDK/MAX/Libraries/USS/adin1110/src/adin1110.c:1091:18:adin1110_FrameGenSetFrameLen	8	static
C:/analog/cfs/1.0.1/SDK/MAX/Libraries/USS/adin1110/src/adin1110.c:1105:18:adin1110_FrameGenSetIfgLen	8	static
C:/analog/cfs/1.0.1/SDK/MAX/Libraries/USS/adin1110/src/adin1110.c:1121:18:adin1110_FrameGenRestart	8	static
C:/analog/cfs/1.0.1/SDK/MAX/Libraries/USS/adin1110/src/adin1110.c:1135:18:adin1110_FrameGenDone	8	static
C:/analog/cfs/1.0.1/SDK/MAX/Libraries/USS/adin1110/src/adin1110.c:1149:18:adin1110_FrameChkEn	8	static
C:/analog/cfs/1.0.1/SDK/MAX/Libraries/USS/adin1110/src/adin1110.c:1165:19:adin1110_FrameChkSourceSelect	8	static
C:/analog/cfs/1.0.1/SDK/MAX/Libraries/USS/adin1110/src/adin1110.c:1181:18:adin1110_FrameChkReadFrameCnt	8	static
C:/analog/cfs/1.0.1/SDK/MAX/Libraries/USS/adin1110/src/adin1110.c:1199:18:adin1110_FrameChkReadRxErrCnt	8	static
C:/analog/cfs/1.0.1/SDK/MAX/Libraries/USS/adin1110/src/adin1110.c:1215:18:adin1110_FrameChkReadErrorCnt	8	static
