C:/analog/cfs/1.0.1/SDK/MAX/Libraries/USS/maxq10xx-sdk/mbedtls/library/asn1write.c:422:33:asn1_find_named_data	16	static
C:/analog/cfs/1.0.1/SDK/MAX/Libraries/USS/maxq10xx-sdk/mbedtls/library/asn1write.c:34:5:mbedtls_asn1_write_len	0	static
C:/analog/cfs/1.0.1/SDK/MAX/Libraries/USS/maxq10xx-sdk/mbedtls/library/asn1write.c:98:5:mbedtls_asn1_write_tag	0	static
C:/analog/cfs/1.0.1/SDK/MAX/Libraries/USS/maxq10xx-sdk/mbedtls/library/asn1write.c:238:12:asn1_write_tagged_int	24	static
C:/analog/cfs/1.0.1/SDK/MAX/Libraries/USS/maxq10xx-sdk/mbedtls/library/asn1write.c:109:5:mbedtls_asn1_write_raw_buffer	8	static
C:/analog/cfs/1.0.1/SDK/MAX/Libraries/USS/maxq10xx-sdk/mbedtls/library/asn1write.c:126:5:mbedtls_asn1_write_mpi	24	static
C:/analog/cfs/1.0.1/SDK/MAX/Libraries/USS/maxq10xx-sdk/mbedtls/library/asn1write.c:170:5:mbedtls_asn1_write_null	16	static
C:/analog/cfs/1.0.1/SDK/MAX/Libraries/USS/maxq10xx-sdk/mbedtls/library/asn1write.c:183:5:mbedtls_asn1_write_oid	16	static
C:/analog/cfs/1.0.1/SDK/MAX/Libraries/USS/maxq10xx-sdk/mbedtls/library/asn1write.c:197:5:mbedtls_asn1_write_algorithm_identifier	24	static
C:/analog/cfs/1.0.1/SDK/MAX/Libraries/USS/maxq10xx-sdk/mbedtls/library/asn1write.c:220:5:mbedtls_asn1_write_bool	16	static
C:/analog/cfs/1.0.1/SDK/MAX/Libraries/USS/maxq10xx-sdk/mbedtls/library/asn1write.c:266:5:mbedtls_asn1_write_int	8	static
C:/analog/cfs/1.0.1/SDK/MAX/Libraries/USS/maxq10xx-sdk/mbedtls/library/asn1write.c:271:5:mbedtls_asn1_write_enum	8	static
C:/analog/cfs/1.0.1/SDK/MAX/Libraries/USS/maxq10xx-sdk/mbedtls/library/asn1write.c:276:5:mbedtls_asn1_write_tagged_string	24	static
C:/analog/cfs/1.0.1/SDK/MAX/Libraries/USS/maxq10xx-sdk/mbedtls/library/asn1write.c:292:5:mbedtls_asn1_write_utf8_string	16	static
C:/analog/cfs/1.0.1/SDK/MAX/Libraries/USS/maxq10xx-sdk/mbedtls/library/asn1write.c:298:5:mbedtls_asn1_write_printable_string	16	static
C:/analog/cfs/1.0.1/SDK/MAX/Libraries/USS/maxq10xx-sdk/mbedtls/library/asn1write.c:305:5:mbedtls_asn1_write_ia5_string	16	static
C:/analog/cfs/1.0.1/SDK/MAX/Libraries/USS/maxq10xx-sdk/mbedtls/library/asn1write.c:355:5:mbedtls_asn1_write_bitstring	24	static
C:/analog/cfs/1.0.1/SDK/MAX/Libraries/USS/maxq10xx-sdk/mbedtls/library/asn1write.c:311:5:mbedtls_asn1_write_named_bitstring	8	static
C:/analog/cfs/1.0.1/SDK/MAX/Libraries/USS/maxq10xx-sdk/mbedtls/library/asn1write.c:389:5:mbedtls_asn1_write_longint	16	static
C:/analog/cfs/1.0.1/SDK/MAX/Libraries/USS/maxq10xx-sdk/mbedtls/library/asn1write.c:405:5:mbedtls_asn1_write_octet_string	16	static
C:/analog/cfs/1.0.1/SDK/MAX/Libraries/USS/maxq10xx-sdk/mbedtls/library/asn1write.c:438:26:mbedtls_asn1_store_named_data	32	static
