C:/analog/cfs/1.0.1/SDK/MAX/Libraries/USS/maxq10xx-sdk/mbedtls/library/bignum_core.c:634:15:exp_mod_get_window_size	0	static
C:/analog/cfs/1.0.1/SDK/MAX/Libraries/USS/maxq10xx-sdk/mbedtls/library/bignum_core.c:87:25:mpi_bigendian_to_host	0	static
C:/analog/cfs/1.0.1/SDK/MAX/Libraries/USS/maxq10xx-sdk/mbedtls/library/bignum_core.c:36:8:mbedtls_mpi_core_clz	0	static
C:/analog/cfs/1.0.1/SDK/MAX/Libraries/USS/maxq10xx-sdk/mbedtls/library/bignum_core.c:52:8:mbedtls_mpi_core_bitlen	8	static
C:/analog/cfs/1.0.1/SDK/MAX/Libraries/USS/maxq10xx-sdk/mbedtls/library/bignum_core.c:106:6:mbedtls_mpi_core_bigendian_to_host	16	static
C:/analog/cfs/1.0.1/SDK/MAX/Libraries/USS/maxq10xx-sdk/mbedtls/library/bignum_core.c:138:10:mbedtls_mpi_core_uint_le_mpi	16	static
C:/analog/cfs/1.0.1/SDK/MAX/Libraries/USS/maxq10xx-sdk/mbedtls/library/bignum_core.c:158:6:mbedtls_mpi_core_cond_assign	8	static
C:/analog/cfs/1.0.1/SDK/MAX/Libraries/USS/maxq10xx-sdk/mbedtls/library/bignum_core.c:534:6:mbedtls_mpi_core_ct_uint_table_lookup	32	static
C:/analog/cfs/1.0.1/SDK/MAX/Libraries/USS/maxq10xx-sdk/mbedtls/library/bignum_core.c:170:6:mbedtls_mpi_core_cond_swap	16	static
C:/analog/cfs/1.0.1/SDK/MAX/Libraries/USS/maxq10xx-sdk/mbedtls/library/bignum_core.c:189:5:mbedtls_mpi_core_read_le	24	static
C:/analog/cfs/1.0.1/SDK/MAX/Libraries/USS/maxq10xx-sdk/mbedtls/library/bignum_core.c:212:5:mbedtls_mpi_core_read_be	24	static
C:/analog/cfs/1.0.1/SDK/MAX/Libraries/USS/maxq10xx-sdk/mbedtls/library/bignum_core.c:243:5:mbedtls_mpi_core_write_le	16	static
C:/analog/cfs/1.0.1/SDK/MAX/Libraries/USS/maxq10xx-sdk/mbedtls/library/bignum_core.c:277:5:mbedtls_mpi_core_write_be	16	static
C:/analog/cfs/1.0.1/SDK/MAX/Libraries/USS/maxq10xx-sdk/mbedtls/library/bignum_core.c:316:6:mbedtls_mpi_core_shift_r	16	static
C:/analog/cfs/1.0.1/SDK/MAX/Libraries/USS/maxq10xx-sdk/mbedtls/library/bignum_core.c:356:18:mbedtls_mpi_core_add	12	static
C:/analog/cfs/1.0.1/SDK/MAX/Libraries/USS/maxq10xx-sdk/mbedtls/library/bignum_core.c:374:18:mbedtls_mpi_core_add_if	24	static
C:/analog/cfs/1.0.1/SDK/MAX/Libraries/USS/maxq10xx-sdk/mbedtls/library/bignum_core.c:396:18:mbedtls_mpi_core_sub	20	static
C:/analog/cfs/1.0.1/SDK/MAX/Libraries/USS/maxq10xx-sdk/mbedtls/library/bignum_core.c:413:18:mbedtls_mpi_core_mla	24	static
C:/analog/cfs/1.0.1/SDK/MAX/Libraries/USS/maxq10xx-sdk/mbedtls/library/bignum_core.c:454:18:mbedtls_mpi_core_montmul_init	0	static
C:/analog/cfs/1.0.1/SDK/MAX/Libraries/USS/maxq10xx-sdk/mbedtls/library/bignum_core.c:467:6:mbedtls_mpi_core_montmul	56	static
C:/analog/cfs/1.0.1/SDK/MAX/Libraries/USS/maxq10xx-sdk/mbedtls/library/bignum_core.c:661:13:exp_mod_precompute_window	56	static
C:/analog/cfs/1.0.1/SDK/MAX/Libraries/USS/maxq10xx-sdk/mbedtls/library/bignum_core.c:519:5:mbedtls_mpi_core_get_mont_r2_unsafe	16	static
C:/analog/cfs/1.0.1/SDK/MAX/Libraries/USS/maxq10xx-sdk/mbedtls/library/bignum_core.c:552:5:mbedtls_mpi_core_fill_random	32	static
C:/analog/cfs/1.0.1/SDK/MAX/Libraries/USS/maxq10xx-sdk/mbedtls/library/bignum_core.c:574:5:mbedtls_mpi_core_random	56	static
C:/analog/cfs/1.0.1/SDK/MAX/Libraries/USS/maxq10xx-sdk/mbedtls/library/bignum_core.c:648:8:mbedtls_mpi_core_exp_mod_working_limbs	8	static
C:/analog/cfs/1.0.1/SDK/MAX/Libraries/USS/maxq10xx-sdk/mbedtls/library/bignum_core.c:700:6:mbedtls_mpi_core_exp_mod	80	static
C:/analog/cfs/1.0.1/SDK/MAX/Libraries/USS/maxq10xx-sdk/mbedtls/library/bignum_core.c:791:18:mbedtls_mpi_core_sub_int	12	static
C:/analog/cfs/1.0.1/SDK/MAX/Libraries/USS/maxq10xx-sdk/mbedtls/library/bignum_core.c:806:18:mbedtls_mpi_core_check_zero_ct	0	static
C:/analog/cfs/1.0.1/SDK/MAX/Libraries/USS/maxq10xx-sdk/mbedtls/library/bignum_core.c:818:6:mbedtls_mpi_core_to_mont_rep	24	static
C:/analog/cfs/1.0.1/SDK/MAX/Libraries/USS/maxq10xx-sdk/mbedtls/library/bignum_core.c:829:6:mbedtls_mpi_core_from_mont_rep	40	static
