C:/analog/cfs/1.0.1/SDK/MAX/Libraries/USS/maxq10xx-sdk/mbedtls/library/cipher_wrap.c:2014:13:kw_ctx_free	8	static
C:/analog/cfs/1.0.1/SDK/MAX/Libraries/USS/maxq10xx-sdk/mbedtls/library/cipher_wrap.c:2003:14:kw_ctx_alloc	8	static
C:/analog/cfs/1.0.1/SDK/MAX/Libraries/USS/maxq10xx-sdk/mbedtls/library/cipher_wrap.c:2027:12:kw_aes_setkey_unwrap	16	static
C:/analog/cfs/1.0.1/SDK/MAX/Libraries/USS/maxq10xx-sdk/mbedtls/library/cipher_wrap.c:2020:12:kw_aes_setkey_wrap	16	static
C:/analog/cfs/1.0.1/SDK/MAX/Libraries/USS/maxq10xx-sdk/mbedtls/library/cipher_wrap.c:1611:13:des3_ctx_free	8	static
C:/analog/cfs/1.0.1/SDK/MAX/Libraries/USS/maxq10xx-sdk/mbedtls/library/cipher_wrap.c:1597:14:des3_ctx_alloc	8	static
C:/analog/cfs/1.0.1/SDK/MAX/Libraries/USS/maxq10xx-sdk/mbedtls/library/cipher_wrap.c:1562:12:des3_set3key_dec_wrap	8	static
C:/analog/cfs/1.0.1/SDK/MAX/Libraries/USS/maxq10xx-sdk/mbedtls/library/cipher_wrap.c:1570:12:des3_set3key_enc_wrap	8	static
C:/analog/cfs/1.0.1/SDK/MAX/Libraries/USS/maxq10xx-sdk/mbedtls/library/cipher_wrap.c:1522:12:des3_crypt_cbc_wrap	16	static
C:/analog/cfs/1.0.1/SDK/MAX/Libraries/USS/maxq10xx-sdk/mbedtls/library/cipher_wrap.c:1505:12:des3_crypt_ecb_wrap	8	static
C:/analog/cfs/1.0.1/SDK/MAX/Libraries/USS/maxq10xx-sdk/mbedtls/library/cipher_wrap.c:1546:12:des3_set2key_dec_wrap	8	static
C:/analog/cfs/1.0.1/SDK/MAX/Libraries/USS/maxq10xx-sdk/mbedtls/library/cipher_wrap.c:1554:12:des3_set2key_enc_wrap	8	static
C:/analog/cfs/1.0.1/SDK/MAX/Libraries/USS/maxq10xx-sdk/mbedtls/library/cipher_wrap.c:1591:13:des_ctx_free	8	static
C:/analog/cfs/1.0.1/SDK/MAX/Libraries/USS/maxq10xx-sdk/mbedtls/library/cipher_wrap.c:1578:14:des_ctx_alloc	8	static
C:/analog/cfs/1.0.1/SDK/MAX/Libraries/USS/maxq10xx-sdk/mbedtls/library/cipher_wrap.c:1530:12:des_setkey_dec_wrap	8	static
C:/analog/cfs/1.0.1/SDK/MAX/Libraries/USS/maxq10xx-sdk/mbedtls/library/cipher_wrap.c:1538:12:des_setkey_enc_wrap	8	static
C:/analog/cfs/1.0.1/SDK/MAX/Libraries/USS/maxq10xx-sdk/mbedtls/library/cipher_wrap.c:1513:12:des_crypt_cbc_wrap	16	static
C:/analog/cfs/1.0.1/SDK/MAX/Libraries/USS/maxq10xx-sdk/mbedtls/library/cipher_wrap.c:1498:12:des_crypt_ecb_wrap	8	static
C:/analog/cfs/1.0.1/SDK/MAX/Libraries/USS/maxq10xx-sdk/mbedtls/library/cipher_wrap.c:106:13:ccm_ctx_free	8	static
C:/analog/cfs/1.0.1/SDK/MAX/Libraries/USS/maxq10xx-sdk/mbedtls/library/cipher_wrap.c:95:14:ccm_ctx_alloc	8	static
C:/analog/cfs/1.0.1/SDK/MAX/Libraries/USS/maxq10xx-sdk/mbedtls/library/cipher_wrap.c:574:12:ccm_aes_setkey_wrap	8	static
C:/analog/cfs/1.0.1/SDK/MAX/Libraries/USS/maxq10xx-sdk/mbedtls/library/cipher_wrap.c:86:13:gcm_ctx_free	8	static
C:/analog/cfs/1.0.1/SDK/MAX/Libraries/USS/maxq10xx-sdk/mbedtls/library/cipher_wrap.c:75:14:gcm_ctx_alloc	8	static
C:/analog/cfs/1.0.1/SDK/MAX/Libraries/USS/maxq10xx-sdk/mbedtls/library/cipher_wrap.c:505:12:gcm_aes_setkey_wrap	8	static
C:/analog/cfs/1.0.1/SDK/MAX/Libraries/USS/maxq10xx-sdk/mbedtls/library/cipher_wrap.c:210:13:aes_ctx_free	8	static
C:/analog/cfs/1.0.1/SDK/MAX/Libraries/USS/maxq10xx-sdk/mbedtls/library/cipher_wrap.c:197:14:aes_ctx_alloc	8	static
C:/analog/cfs/1.0.1/SDK/MAX/Libraries/USS/maxq10xx-sdk/mbedtls/library/cipher_wrap.c:185:12:aes_setkey_dec_wrap	8	static
C:/analog/cfs/1.0.1/SDK/MAX/Libraries/USS/maxq10xx-sdk/mbedtls/library/cipher_wrap.c:191:12:aes_setkey_enc_wrap	8	static
C:/analog/cfs/1.0.1/SDK/MAX/Libraries/USS/maxq10xx-sdk/mbedtls/library/cipher_wrap.c:150:12:aes_crypt_ctr_wrap	24	static
C:/analog/cfs/1.0.1/SDK/MAX/Libraries/USS/maxq10xx-sdk/mbedtls/library/cipher_wrap.c:122:12:aes_crypt_cbc_wrap	16	static
C:/analog/cfs/1.0.1/SDK/MAX/Libraries/USS/maxq10xx-sdk/mbedtls/library/cipher_wrap.c:115:12:aes_crypt_ecb_wrap	8	static
