C:/analog/cfs/1.0.1/SDK/MAX/Libraries/USS/maxq10xx-sdk/mbedtls/library/constant_time.c:216:15:mbedtls_ct_uchar_mask_of_range	0	static
C:/analog/cfs/1.0.1/SDK/MAX/Libraries/USS/maxq10xx-sdk/mbedtls/library/constant_time.c:268:17:mbedtls_ct_size_gt	0	static
C:/analog/cfs/1.0.1/SDK/MAX/Libraries/USS/maxq10xx-sdk/mbedtls/library/constant_time.c:333:12:mbedtls_ct_cond_select_sign	0	static
C:/analog/cfs/1.0.1/SDK/MAX/Libraries/USS/maxq10xx-sdk/mbedtls/library/constant_time.c:88:5:mbedtls_ct_memcmp	8	static
C:/analog/cfs/1.0.1/SDK/MAX/Libraries/USS/maxq10xx-sdk/mbedtls/library/constant_time.c:122:10:mbedtls_ct_uint_mask	0	static
C:/analog/cfs/1.0.1/SDK/MAX/Libraries/USS/maxq10xx-sdk/mbedtls/library/constant_time.c:138:8:mbedtls_ct_size_mask	0	static
C:/analog/cfs/1.0.1/SDK/MAX/Libraries/USS/maxq10xx-sdk/mbedtls/library/constant_time.c:186:15:mbedtls_ct_size_mask_lt	8	static
C:/analog/cfs/1.0.1/SDK/MAX/Libraries/USS/maxq10xx-sdk/mbedtls/library/constant_time.c:156:18:mbedtls_ct_mpi_uint_mask	0	static
C:/analog/cfs/1.0.1/SDK/MAX/Libraries/USS/maxq10xx-sdk/mbedtls/library/constant_time.c:201:8:mbedtls_ct_size_mask_ge	8	static
C:/analog/cfs/1.0.1/SDK/MAX/Libraries/USS/maxq10xx-sdk/mbedtls/library/constant_time.c:229:10:mbedtls_ct_size_bool_eq	0	static
C:/analog/cfs/1.0.1/SDK/MAX/Libraries/USS/maxq10xx-sdk/mbedtls/library/constant_time.c:279:10:mbedtls_ct_mpi_uint_lt	0	static
C:/analog/cfs/1.0.1/SDK/MAX/Libraries/USS/maxq10xx-sdk/mbedtls/library/constant_time.c:309:10:mbedtls_ct_uint_if	16	static
C:/analog/cfs/1.0.1/SDK/MAX/Libraries/USS/maxq10xx-sdk/mbedtls/library/constant_time.c:434:13:mbedtls_ct_mem_move_to_left	32	static
C:/analog/cfs/1.0.1/SDK/MAX/Libraries/USS/maxq10xx-sdk/mbedtls/library/constant_time.c:353:6:mbedtls_ct_mpi_uint_cond_assign	16	static
C:/analog/cfs/1.0.1/SDK/MAX/Libraries/USS/maxq10xx-sdk/mbedtls/library/constant_time.c:383:15:mbedtls_ct_base64_enc_char	16	static
C:/analog/cfs/1.0.1/SDK/MAX/Libraries/USS/maxq10xx-sdk/mbedtls/library/constant_time.c:397:13:mbedtls_ct_base64_dec_value	16	static
C:/analog/cfs/1.0.1/SDK/MAX/Libraries/USS/maxq10xx-sdk/mbedtls/library/constant_time.c:461:6:mbedtls_ct_memcpy_if_eq	16	static
C:/analog/cfs/1.0.1/SDK/MAX/Libraries/USS/maxq10xx-sdk/mbedtls/library/constant_time.c:489:6:mbedtls_ct_memcpy_offset	40	static
C:/analog/cfs/1.0.1/SDK/MAX/Libraries/USS/maxq10xx-sdk/mbedtls/library/constant_time.c:634:5:mbedtls_ct_hmac	104	static
C:/analog/cfs/1.0.1/SDK/MAX/Libraries/USS/maxq10xx-sdk/mbedtls/library/constant_time.c:744:5:mbedtls_mpi_safe_cond_assign	24	static
C:/analog/cfs/1.0.1/SDK/MAX/Libraries/USS/maxq10xx-sdk/mbedtls/library/constant_time.c:775:5:mbedtls_mpi_safe_cond_swap	24	static
C:/analog/cfs/1.0.1/SDK/MAX/Libraries/USS/maxq10xx-sdk/mbedtls/library/constant_time.c:804:10:mbedtls_mpi_core_lt_ct	32	static
C:/analog/cfs/1.0.1/SDK/MAX/Libraries/USS/maxq10xx-sdk/mbedtls/library/constant_time.c:847:5:mbedtls_mpi_lt_mpi_ct	40	static
C:/analog/cfs/1.0.1/SDK/MAX/Libraries/USS/maxq10xx-sdk/mbedtls/library/constant_time.c:915:5:mbedtls_ct_rsaes_pkcs1_v15_unpadding	48	static
