C:/analog/cfs/1.0.1/SDK/MAX/Libraries/USS/maxq10xx-sdk/mbedtls/library/ctr_drbg.c:410:15:good_nonce_len	0	static
C:/analog/cfs/1.0.1/SDK/MAX/Libraries/USS/maxq10xx-sdk/mbedtls/library/ctr_drbg.c:805:12:ctr_drbg_self_test_entropy	16	static
C:/analog/cfs/1.0.1/SDK/MAX/Libraries/USS/maxq10xx-sdk/mbedtls/library/ctr_drbg.c:123:12:block_cipher_df	824	static
C:/analog/cfs/1.0.1/SDK/MAX/Libraries/USS/maxq10xx-sdk/mbedtls/library/ctr_drbg.c:244:12:ctr_drbg_update_internal	72	static
C:/analog/cfs/1.0.1/SDK/MAX/Libraries/USS/maxq10xx-sdk/mbedtls/library/ctr_drbg.c:342:12:mbedtls_ctr_drbg_reseed_internal	408	static
C:/analog/cfs/1.0.1/SDK/MAX/Libraries/USS/maxq10xx-sdk/mbedtls/library/ctr_drbg.c:44:6:mbedtls_ctr_drbg_init	8	static
C:/analog/cfs/1.0.1/SDK/MAX/Libraries/USS/maxq10xx-sdk/mbedtls/library/ctr_drbg.c:59:6:mbedtls_ctr_drbg_free	8	static
C:/analog/cfs/1.0.1/SDK/MAX/Libraries/USS/maxq10xx-sdk/mbedtls/library/ctr_drbg.c:77:6:mbedtls_ctr_drbg_set_prediction_resistance	0	static
C:/analog/cfs/1.0.1/SDK/MAX/Libraries/USS/maxq10xx-sdk/mbedtls/library/ctr_drbg.c:83:6:mbedtls_ctr_drbg_set_entropy_len	0	static
C:/analog/cfs/1.0.1/SDK/MAX/Libraries/USS/maxq10xx-sdk/mbedtls/library/ctr_drbg.c:89:5:mbedtls_ctr_drbg_set_nonce_len	0	static
C:/analog/cfs/1.0.1/SDK/MAX/Libraries/USS/maxq10xx-sdk/mbedtls/library/ctr_drbg.c:117:6:mbedtls_ctr_drbg_set_reseed_interval	0	static
C:/analog/cfs/1.0.1/SDK/MAX/Libraries/USS/maxq10xx-sdk/mbedtls/library/ctr_drbg.c:306:5:mbedtls_ctr_drbg_update	64	static
C:/analog/cfs/1.0.1/SDK/MAX/Libraries/USS/maxq10xx-sdk/mbedtls/library/ctr_drbg.c:399:5:mbedtls_ctr_drbg_reseed	8	static
C:/analog/cfs/1.0.1/SDK/MAX/Libraries/USS/maxq10xx-sdk/mbedtls/library/ctr_drbg.c:430:5:mbedtls_ctr_drbg_seed	56	static
C:/analog/cfs/1.0.1/SDK/MAX/Libraries/USS/maxq10xx-sdk/mbedtls/library/ctr_drbg.c:494:5:mbedtls_ctr_drbg_random_with_add	88	static
C:/analog/cfs/1.0.1/SDK/MAX/Libraries/USS/maxq10xx-sdk/mbedtls/library/ctr_drbg.c:573:5:mbedtls_ctr_drbg_random	32	static
C:/analog/cfs/1.0.1/SDK/MAX/Libraries/USS/maxq10xx-sdk/mbedtls/library/ctr_drbg.c:826:5:mbedtls_ctr_drbg_self_test	416	static
