C:/analog/cfs/1.0.1/SDK/MAX/Libraries/USS/maxq10xx-sdk/mbedtls/tests/src/helpers.c:35:5:mbedtls_test_platform_setup	8	static
C:/analog/cfs/1.0.1/SDK/MAX/Libraries/USS/maxq10xx-sdk/mbedtls/tests/src/helpers.c:44:6:mbedtls_test_platform_teardown	8	static
C:/analog/cfs/1.0.1/SDK/MAX/Libraries/USS/maxq10xx-sdk/mbedtls/tests/src/helpers.c:51:5:mbedtls_test_ascii2uc	0	static
C:/analog/cfs/1.0.1/SDK/MAX/Libraries/USS/maxq10xx-sdk/mbedtls/tests/src/helpers.c:66:6:mbedtls_test_fail	0	static
C:/analog/cfs/1.0.1/SDK/MAX/Libraries/USS/maxq10xx-sdk/mbedtls/tests/src/helpers.c:79:6:mbedtls_test_skip	0	static
C:/analog/cfs/1.0.1/SDK/MAX/Libraries/USS/maxq10xx-sdk/mbedtls/tests/src/helpers.c:87:6:mbedtls_test_set_step	0	static
C:/analog/cfs/1.0.1/SDK/MAX/Libraries/USS/maxq10xx-sdk/mbedtls/tests/src/helpers.c:96:6:mbedtls_test_info_reset	16	static
C:/analog/cfs/1.0.1/SDK/MAX/Libraries/USS/maxq10xx-sdk/mbedtls/tests/src/helpers.c:110:5:mbedtls_test_equal	40	static
C:/analog/cfs/1.0.1/SDK/MAX/Libraries/USS/maxq10xx-sdk/mbedtls/tests/src/helpers.c:137:5:mbedtls_test_le_u	40	static
C:/analog/cfs/1.0.1/SDK/MAX/Libraries/USS/maxq10xx-sdk/mbedtls/tests/src/helpers.c:164:5:mbedtls_test_le_s	40	static
C:/analog/cfs/1.0.1/SDK/MAX/Libraries/USS/maxq10xx-sdk/mbedtls/tests/src/helpers.c:191:5:mbedtls_test_unhexify	32	static
C:/analog/cfs/1.0.1/SDK/MAX/Libraries/USS/maxq10xx-sdk/mbedtls/tests/src/helpers.c:225:6:mbedtls_test_hexify	4	static
C:/analog/cfs/1.0.1/SDK/MAX/Libraries/USS/maxq10xx-sdk/mbedtls/tests/src/helpers.c:252:16:mbedtls_test_zero_alloc	24	static
C:/analog/cfs/1.0.1/SDK/MAX/Libraries/USS/maxq10xx-sdk/mbedtls/tests/src/helpers.c:265:16:mbedtls_test_unhexify_alloc	32	static
C:/analog/cfs/1.0.1/SDK/MAX/Libraries/USS/maxq10xx-sdk/mbedtls/tests/src/helpers.c:283:5:mbedtls_test_hexcmp	4	static
