C:/analog/cfs/1.0.1/SDK/MAX/Libraries/USS/maxq10xx-sdk/mbedtls/library/hmac_drbg.c:561:12:hmac_drbg_self_test_entropy	16	static
C:/analog/cfs/1.0.1/SDK/MAX/Libraries/USS/maxq10xx-sdk/mbedtls/library/hmac_drbg.c:45:6:mbedtls_hmac_drbg_init	8	static
C:/analog/cfs/1.0.1/SDK/MAX/Libraries/USS/maxq10xx-sdk/mbedtls/library/hmac_drbg.c:55:5:mbedtls_hmac_drbg_update	72	static
C:/analog/cfs/1.0.1/SDK/MAX/Libraries/USS/maxq10xx-sdk/mbedtls/library/hmac_drbg.c:146:12:hmac_drbg_reseed_core	408	static
C:/analog/cfs/1.0.1/SDK/MAX/Libraries/USS/maxq10xx-sdk/mbedtls/library/hmac_drbg.c:109:5:mbedtls_hmac_drbg_seed_buf	24	static
C:/analog/cfs/1.0.1/SDK/MAX/Libraries/USS/maxq10xx-sdk/mbedtls/library/hmac_drbg.c:222:5:mbedtls_hmac_drbg_reseed	8	static
C:/analog/cfs/1.0.1/SDK/MAX/Libraries/USS/maxq10xx-sdk/mbedtls/library/hmac_drbg.c:234:5:mbedtls_hmac_drbg_seed	24	static
C:/analog/cfs/1.0.1/SDK/MAX/Libraries/USS/maxq10xx-sdk/mbedtls/library/hmac_drbg.c:292:6:mbedtls_hmac_drbg_set_prediction_resistance	0	static
C:/analog/cfs/1.0.1/SDK/MAX/Libraries/USS/maxq10xx-sdk/mbedtls/library/hmac_drbg.c:301:6:mbedtls_hmac_drbg_set_entropy_len	0	static
C:/analog/cfs/1.0.1/SDK/MAX/Libraries/USS/maxq10xx-sdk/mbedtls/library/hmac_drbg.c:309:6:mbedtls_hmac_drbg_set_reseed_interval	0	static
C:/analog/cfs/1.0.1/SDK/MAX/Libraries/USS/maxq10xx-sdk/mbedtls/library/hmac_drbg.c:318:5:mbedtls_hmac_drbg_random_with_add	40	static
C:/analog/cfs/1.0.1/SDK/MAX/Libraries/USS/maxq10xx-sdk/mbedtls/library/hmac_drbg.c:394:5:mbedtls_hmac_drbg_random	32	static
C:/analog/cfs/1.0.1/SDK/MAX/Libraries/USS/maxq10xx-sdk/mbedtls/library/hmac_drbg.c:420:6:mbedtls_hmac_drbg_free	8	static
C:/analog/cfs/1.0.1/SDK/MAX/Libraries/USS/maxq10xx-sdk/mbedtls/library/hmac_drbg.c:580:5:mbedtls_hmac_drbg_self_test	176	static
