C:/analog/cfs/1.0.1/SDK/MAX/Libraries/USS/maxq10xx-sdk/mbedtls/library/maxq_wrap.c:73:13:mbedtls_zeroize	0	static
C:/analog/cfs/1.0.1/SDK/MAX/Libraries/USS/maxq10xx-sdk/mbedtls/library/maxq_wrap.c:261:12:calculate_modulus_offset	0	static
C:/analog/cfs/1.0.1/SDK/MAX/Libraries/USS/maxq10xx-sdk/mbedtls/library/maxq_wrap.c:1397:12:alloc_temp_key_id	0	static
C:/analog/cfs/1.0.1/SDK/MAX/Libraries/USS/maxq10xx-sdk/mbedtls/library/maxq_wrap.c:1415:13:free_temp_key_id	0	static
C:/analog/cfs/1.0.1/SDK/MAX/Libraries/USS/maxq10xx-sdk/mbedtls/library/maxq_wrap.c:1443:12:get_tls13_server_cert_id	8	static
C:/analog/cfs/1.0.1/SDK/MAX/Libraries/USS/maxq10xx-sdk/mbedtls/library/maxq_wrap.c:1451:13:set_tls13_server_key_algo_len	0	static
C:/analog/cfs/1.0.1/SDK/MAX/Libraries/USS/maxq10xx-sdk/mbedtls/library/maxq_wrap.c:1457:12:getMaxqKeyParamFromCurve	0	static
C:/analog/cfs/1.0.1/SDK/MAX/Libraries/USS/maxq10xx-sdk/mbedtls/library/maxq_wrap.c:84:12:char2int	8	static
C:/analog/cfs/1.0.1/SDK/MAX/Libraries/USS/maxq10xx-sdk/mbedtls/library/maxq_wrap.c:97:13:parse_hex	24	static
C:/analog/cfs/1.0.1/SDK/MAX/Libraries/USS/maxq10xx-sdk/mbedtls/library/maxq_wrap.c:107:15:getKeyId	24	static
C:/analog/cfs/1.0.1/SDK/MAX/Libraries/USS/maxq10xx-sdk/mbedtls/library/maxq_wrap.c:699:12:maxq_tls_prf	32	static
C:/analog/cfs/1.0.1/SDK/MAX/Libraries/USS/maxq10xx-sdk/mbedtls/library/maxq_wrap.c:1424:14:strstr_with_size	24	static
C:/analog/cfs/1.0.1/SDK/MAX/Libraries/USS/maxq10xx-sdk/mbedtls/library/maxq_wrap.c:1471:12:maxq_cipher_do	2160	static
C:/analog/cfs/1.0.1/SDK/MAX/Libraries/USS/maxq10xx-sdk/mbedtls/library/maxq_wrap.c:2397:5:ssl_calc_finished_tls_sha256	112	static
C:/analog/cfs/1.0.1/SDK/MAX/Libraries/USS/maxq10xx-sdk/mbedtls/library/maxq_wrap.c:2484:5:ssl_calc_verify_tls_sha256	56	static
C:/analog/cfs/1.0.1/SDK/MAX/Libraries/USS/maxq10xx-sdk/mbedtls/library/maxq_wrap.c:126:5:maxq_curve_mbedtls_id2mxq_id	0	static
C:/analog/cfs/1.0.1/SDK/MAX/Libraries/USS/maxq10xx-sdk/mbedtls/library/maxq_wrap.c:160:5:mxq_get_sign_alg_from_curve	0	static
C:/analog/cfs/1.0.1/SDK/MAX/Libraries/USS/maxq10xx-sdk/mbedtls/library/maxq_wrap.c:182:5:mxq_curve_size	0	static
C:/analog/cfs/1.0.1/SDK/MAX/Libraries/USS/maxq10xx-sdk/mbedtls/library/maxq_wrap.c:204:5:mxq_x509_cli_cert_read	2072	static
C:/analog/cfs/1.0.1/SDK/MAX/Libraries/USS/maxq10xx-sdk/mbedtls/library/maxq_wrap.c:222:5:mxq_x509_root_cert_read	2072	static
C:/analog/cfs/1.0.1/SDK/MAX/Libraries/USS/maxq10xx-sdk/mbedtls/library/maxq_wrap.c:286:5:mxq_pk_verify_ext	1152	static
C:/analog/cfs/1.0.1/SDK/MAX/Libraries/USS/maxq10xx-sdk/mbedtls/library/maxq_wrap.c:401:5:mxq_pk_sign_ec	1064	static
C:/analog/cfs/1.0.1/SDK/MAX/Libraries/USS/maxq10xx-sdk/mbedtls/library/maxq_wrap.c:492:5:mxq_pk_sign_rsa	24	static
C:/analog/cfs/1.0.1/SDK/MAX/Libraries/USS/maxq10xx-sdk/mbedtls/library/maxq_wrap.c:532:5:mxq_rsaes_pkcs1_v15_encrypt	16	static
C:/analog/cfs/1.0.1/SDK/MAX/Libraries/USS/maxq10xx-sdk/mbedtls/library/maxq_wrap.c:538:5:mxq_dh_calc	6216	static
C:/analog/cfs/1.0.1/SDK/MAX/Libraries/USS/maxq10xx-sdk/mbedtls/library/maxq_wrap.c:592:5:mxq_verifyDHEparamsSignature	32	static
C:/analog/cfs/1.0.1/SDK/MAX/Libraries/USS/maxq10xx-sdk/mbedtls/library/maxq_wrap.c:618:5:mxq_verifyECDHEparamsSignature	40	static
C:/analog/cfs/1.0.1/SDK/MAX/Libraries/USS/maxq10xx-sdk/mbedtls/library/maxq_wrap.c:648:5:mxq_ecdh_calc	552	static
C:/analog/cfs/1.0.1/SDK/MAX/Libraries/USS/maxq10xx-sdk/mbedtls/library/maxq_wrap.c:725:5:maxq_ssl_derive_keys	616	static
C:/analog/cfs/1.0.1/SDK/MAX/Libraries/USS/maxq10xx-sdk/mbedtls/library/maxq_wrap.c:1113:5:maxq_cipher_aead_decrypt	64	static
C:/analog/cfs/1.0.1/SDK/MAX/Libraries/USS/maxq10xx-sdk/mbedtls/library/maxq_wrap.c:1188:5:maxq_cipher_cbc_decrypt	48	static
C:/analog/cfs/1.0.1/SDK/MAX/Libraries/USS/maxq10xx-sdk/mbedtls/library/maxq_wrap.c:1227:5:maxq_cipher_aead_encrypt	64	static
C:/analog/cfs/1.0.1/SDK/MAX/Libraries/USS/maxq10xx-sdk/mbedtls/library/maxq_wrap.c:1298:5:maxq_cipher_cbc_encrypt	48	static
C:/analog/cfs/1.0.1/SDK/MAX/Libraries/USS/maxq10xx-sdk/mbedtls/library/maxq_wrap.c:1554:5:maxq_tls13_ecc_key_gen	184	static
C:/analog/cfs/1.0.1/SDK/MAX/Libraries/USS/maxq10xx-sdk/mbedtls/library/maxq_wrap.c:1596:5:maxq_tls13_ecc_shared_secret	56	static
C:/analog/cfs/1.0.1/SDK/MAX/Libraries/USS/maxq10xx-sdk/mbedtls/library/maxq_wrap.c:1647:5:maxq_tls13_hkdf_extract	80	static
C:/analog/cfs/1.0.1/SDK/MAX/Libraries/USS/maxq10xx-sdk/mbedtls/library/maxq_wrap.c:1771:6:maxq_tls13_hkdf_set_side	0	static
C:/analog/cfs/1.0.1/SDK/MAX/Libraries/USS/maxq10xx-sdk/mbedtls/library/maxq_wrap.c:1777:5:maxq_tls13_hkdf_get_side	0	static
C:/analog/cfs/1.0.1/SDK/MAX/Libraries/USS/maxq10xx-sdk/mbedtls/library/maxq_wrap.c:1782:5:maxq_tls13_hkdf_expand	80	static
C:/analog/cfs/1.0.1/SDK/MAX/Libraries/USS/maxq10xx-sdk/mbedtls/library/maxq_wrap.c:2246:5:maxq_tls13_record_processing	72	static
C:/analog/cfs/1.0.1/SDK/MAX/Libraries/USS/maxq10xx-sdk/mbedtls/library/maxq_wrap.c:2320:5:maxq_tls13_hmac_set_key	24	static
C:/analog/cfs/1.0.1/SDK/MAX/Libraries/USS/maxq10xx-sdk/mbedtls/library/maxq_wrap.c:2354:5:maxq_tls13_hmac_update	8	static
C:/analog/cfs/1.0.1/SDK/MAX/Libraries/USS/maxq10xx-sdk/mbedtls/library/maxq_wrap.c:2368:5:maxq_tls13_hmac_final	24	static
