C:/analog/cfs/1.0.1/SDK/MAX/Libraries/USS/maxq10xx-sdk/mbedtls/library/md.c:131:26:mbedtls_md_info_from_type	0	static
C:/analog/cfs/1.0.1/SDK/MAX/Libraries/USS/maxq10xx-sdk/mbedtls/library/md.c:229:6:mbedtls_md_init	0	static
C:/analog/cfs/1.0.1/SDK/MAX/Libraries/USS/maxq10xx-sdk/mbedtls/library/md.c:235:6:mbedtls_md_free	8	static
C:/analog/cfs/1.0.1/SDK/MAX/Libraries/USS/maxq10xx-sdk/mbedtls/library/md.c:301:5:mbedtls_md_clone	8	static
C:/analog/cfs/1.0.1/SDK/MAX/Libraries/USS/maxq10xx-sdk/mbedtls/library/md.c:377:5:mbedtls_md_setup	16	static
C:/analog/cfs/1.0.1/SDK/MAX/Libraries/USS/maxq10xx-sdk/mbedtls/library/md.c:456:5:mbedtls_md_starts	8	static
C:/analog/cfs/1.0.1/SDK/MAX/Libraries/USS/maxq10xx-sdk/mbedtls/library/md.c:505:5:mbedtls_md_update	8	static
C:/analog/cfs/1.0.1/SDK/MAX/Libraries/USS/maxq10xx-sdk/mbedtls/library/md.c:552:5:mbedtls_md_finish	8	static
C:/analog/cfs/1.0.1/SDK/MAX/Libraries/USS/maxq10xx-sdk/mbedtls/library/md.c:601:5:mbedtls_md	8	static
C:/analog/cfs/1.0.1/SDK/MAX/Libraries/USS/maxq10xx-sdk/mbedtls/library/md.c:652:15:mbedtls_md_get_size	0	static
C:/analog/cfs/1.0.1/SDK/MAX/Libraries/USS/maxq10xx-sdk/mbedtls/library/md.c:661:19:mbedtls_md_get_type	0	static
C:/analog/cfs/1.0.1/SDK/MAX/Libraries/USS/maxq10xx-sdk/mbedtls/library/md.c:711:12:mbedtls_md_list	0	static
C:/analog/cfs/1.0.1/SDK/MAX/Libraries/USS/maxq10xx-sdk/mbedtls/library/md.c:716:26:mbedtls_md_info_from_string	8	static
C:/analog/cfs/1.0.1/SDK/MAX/Libraries/USS/maxq10xx-sdk/mbedtls/library/md.c:761:26:mbedtls_md_info_from_ctx	0	static
C:/analog/cfs/1.0.1/SDK/MAX/Libraries/USS/maxq10xx-sdk/mbedtls/library/md.c:822:5:mbedtls_md_hmac_starts	56	static
C:/analog/cfs/1.0.1/SDK/MAX/Libraries/USS/maxq10xx-sdk/mbedtls/library/md.c:870:5:mbedtls_md_hmac_update	8	static
C:/analog/cfs/1.0.1/SDK/MAX/Libraries/USS/maxq10xx-sdk/mbedtls/library/md.c:879:5:mbedtls_md_hmac_finish	48	static
C:/analog/cfs/1.0.1/SDK/MAX/Libraries/USS/maxq10xx-sdk/mbedtls/library/md.c:908:5:mbedtls_md_hmac_reset	16	static
C:/analog/cfs/1.0.1/SDK/MAX/Libraries/USS/maxq10xx-sdk/mbedtls/library/md.c:925:5:mbedtls_md_hmac	40	static
C:/analog/cfs/1.0.1/SDK/MAX/Libraries/USS/maxq10xx-sdk/mbedtls/library/md.c:959:13:mbedtls_md_get_name	0	static
