C:/analog/cfs/1.0.1/SDK/MAX/Libraries/USS/maxq10xx-sdk/mbedtls/library/oid.c:272:1:oid_x520_attr_from_asn1	16	static
C:/analog/cfs/1.0.1/SDK/MAX/Libraries/USS/maxq10xx-sdk/mbedtls/library/oid.c:329:1:oid_x509_ext_from_asn1	16	static
C:/analog/cfs/1.0.1/SDK/MAX/Libraries/USS/maxq10xx-sdk/mbedtls/library/oid.c:351:1:oid_ext_key_usage_from_asn1	16	static
C:/analog/cfs/1.0.1/SDK/MAX/Libraries/USS/maxq10xx-sdk/mbedtls/library/oid.c:364:1:oid_certificate_policies_from_asn1	16	static
C:/analog/cfs/1.0.1/SDK/MAX/Libraries/USS/maxq10xx-sdk/mbedtls/library/oid.c:475:1:oid_sig_alg_from_asn1	16	static
C:/analog/cfs/1.0.1/SDK/MAX/Libraries/USS/maxq10xx-sdk/mbedtls/library/oid.c:528:1:oid_pk_alg_from_asn1	16	static
C:/analog/cfs/1.0.1/SDK/MAX/Libraries/USS/maxq10xx-sdk/mbedtls/library/oid.c:619:1:oid_grp_id_from_asn1	16	static
C:/analog/cfs/1.0.1/SDK/MAX/Libraries/USS/maxq10xx-sdk/mbedtls/library/oid.c:653:1:oid_cipher_alg_from_asn1	16	static
C:/analog/cfs/1.0.1/SDK/MAX/Libraries/USS/maxq10xx-sdk/mbedtls/library/oid.c:719:1:oid_md_alg_from_asn1	16	static
C:/analog/cfs/1.0.1/SDK/MAX/Libraries/USS/maxq10xx-sdk/mbedtls/library/oid.c:773:1:oid_md_hmac_from_asn1	16	static
C:/analog/cfs/1.0.1/SDK/MAX/Libraries/USS/maxq10xx-sdk/mbedtls/library/oid.c:806:1:oid_pkcs12_pbe_alg_from_asn1	16	static
C:/analog/cfs/1.0.1/SDK/MAX/Libraries/USS/maxq10xx-sdk/mbedtls/library/oid.c:273:1:mbedtls_oid_get_attr_short_name	8	static
C:/analog/cfs/1.0.1/SDK/MAX/Libraries/USS/maxq10xx-sdk/mbedtls/library/oid.c:330:1:mbedtls_oid_get_x509_ext_type	8	static
C:/analog/cfs/1.0.1/SDK/MAX/Libraries/USS/maxq10xx-sdk/mbedtls/library/oid.c:352:1:mbedtls_oid_get_extended_key_usage	8	static
C:/analog/cfs/1.0.1/SDK/MAX/Libraries/USS/maxq10xx-sdk/mbedtls/library/oid.c:365:1:mbedtls_oid_get_certificate_policies	8	static
C:/analog/cfs/1.0.1/SDK/MAX/Libraries/USS/maxq10xx-sdk/mbedtls/library/oid.c:478:1:mbedtls_oid_get_sig_alg_desc	8	static
C:/analog/cfs/1.0.1/SDK/MAX/Libraries/USS/maxq10xx-sdk/mbedtls/library/oid.c:485:1:mbedtls_oid_get_sig_alg	16	static
C:/analog/cfs/1.0.1/SDK/MAX/Libraries/USS/maxq10xx-sdk/mbedtls/library/oid.c:492:1:mbedtls_oid_get_oid_by_sig_alg	8	static
C:/analog/cfs/1.0.1/SDK/MAX/Libraries/USS/maxq10xx-sdk/mbedtls/library/oid.c:529:1:mbedtls_oid_get_pk_alg	8	static
C:/analog/cfs/1.0.1/SDK/MAX/Libraries/USS/maxq10xx-sdk/mbedtls/library/oid.c:530:1:mbedtls_oid_get_oid_by_pk_alg	4	static
C:/analog/cfs/1.0.1/SDK/MAX/Libraries/USS/maxq10xx-sdk/mbedtls/library/oid.c:620:1:mbedtls_oid_get_ec_grp	8	static
C:/analog/cfs/1.0.1/SDK/MAX/Libraries/USS/maxq10xx-sdk/mbedtls/library/oid.c:621:1:mbedtls_oid_get_oid_by_ec_grp	4	static
C:/analog/cfs/1.0.1/SDK/MAX/Libraries/USS/maxq10xx-sdk/mbedtls/library/oid.c:654:1:mbedtls_oid_get_cipher_alg	8	static
C:/analog/cfs/1.0.1/SDK/MAX/Libraries/USS/maxq10xx-sdk/mbedtls/library/oid.c:720:1:mbedtls_oid_get_md_alg	8	static
C:/analog/cfs/1.0.1/SDK/MAX/Libraries/USS/maxq10xx-sdk/mbedtls/library/oid.c:721:1:mbedtls_oid_get_oid_by_md	4	static
C:/analog/cfs/1.0.1/SDK/MAX/Libraries/USS/maxq10xx-sdk/mbedtls/library/oid.c:774:1:mbedtls_oid_get_md_hmac	8	static
C:/analog/cfs/1.0.1/SDK/MAX/Libraries/USS/maxq10xx-sdk/mbedtls/library/oid.c:807:1:mbedtls_oid_get_pkcs12_pbe_alg	16	static
C:/analog/cfs/1.0.1/SDK/MAX/Libraries/USS/maxq10xx-sdk/mbedtls/library/oid.c:817:5:mbedtls_oid_get_numeric_string	32	static
