C:/analog/cfs/1.0.1/SDK/MAX/Libraries/USS/maxq10xx-sdk/mbedtls/library/pk.c:382:19:pk_hashlen_helper	8	static
C:/analog/cfs/1.0.1/SDK/MAX/Libraries/USS/maxq10xx-sdk/mbedtls/library/pk.c:62:6:mbedtls_pk_init	0	static
C:/analog/cfs/1.0.1/SDK/MAX/Libraries/USS/maxq10xx-sdk/mbedtls/library/pk.c:71:6:mbedtls_pk_free	8	static
C:/analog/cfs/1.0.1/SDK/MAX/Libraries/USS/maxq10xx-sdk/mbedtls/library/pk.c:114:26:mbedtls_pk_info_from_type	0	static
C:/analog/cfs/1.0.1/SDK/MAX/Libraries/USS/maxq10xx-sdk/mbedtls/library/pk.c:144:5:mbedtls_pk_setup	16	static
C:/analog/cfs/1.0.1/SDK/MAX/Libraries/USS/maxq10xx-sdk/mbedtls/library/pk.c:206:5:mbedtls_pk_setup_rsa_alt	24	static
C:/analog/cfs/1.0.1/SDK/MAX/Libraries/USS/maxq10xx-sdk/mbedtls/library/pk.c:238:5:mbedtls_pk_can_do	8	static
C:/analog/cfs/1.0.1/SDK/MAX/Libraries/USS/maxq10xx-sdk/mbedtls/library/pk.c:427:5:mbedtls_pk_verify_restartable	40	static
C:/analog/cfs/1.0.1/SDK/MAX/Libraries/USS/maxq10xx-sdk/mbedtls/library/pk.c:477:5:mbedtls_pk_verify	24	static
C:/analog/cfs/1.0.1/SDK/MAX/Libraries/USS/maxq10xx-sdk/mbedtls/library/pk.c:610:5:mbedtls_pk_sign_restartable	56	static
C:/analog/cfs/1.0.1/SDK/MAX/Libraries/USS/maxq10xx-sdk/mbedtls/library/pk.c:664:5:mbedtls_pk_sign	32	static
C:/analog/cfs/1.0.1/SDK/MAX/Libraries/USS/maxq10xx-sdk/mbedtls/library/pk.c:733:5:mbedtls_pk_decrypt	32	static
C:/analog/cfs/1.0.1/SDK/MAX/Libraries/USS/maxq10xx-sdk/mbedtls/library/pk.c:753:5:mbedtls_pk_encrypt	32	static
C:/analog/cfs/1.0.1/SDK/MAX/Libraries/USS/maxq10xx-sdk/mbedtls/library/pk.c:773:5:mbedtls_pk_check_pair	16	static
C:/analog/cfs/1.0.1/SDK/MAX/Libraries/USS/maxq10xx-sdk/mbedtls/library/pk.c:807:8:mbedtls_pk_get_bitlen	8	static
C:/analog/cfs/1.0.1/SDK/MAX/Libraries/USS/maxq10xx-sdk/mbedtls/library/pk.c:821:5:mbedtls_pk_debug	8	static
C:/analog/cfs/1.0.1/SDK/MAX/Libraries/USS/maxq10xx-sdk/mbedtls/library/pk.c:838:13:mbedtls_pk_get_name	0	static
C:/analog/cfs/1.0.1/SDK/MAX/Libraries/USS/maxq10xx-sdk/mbedtls/library/pk.c:850:19:mbedtls_pk_get_type	0	static
C:/analog/cfs/1.0.1/SDK/MAX/Libraries/USS/maxq10xx-sdk/mbedtls/library/pk.c:488:5:mbedtls_pk_verify_ext	64	static
C:/analog/cfs/1.0.1/SDK/MAX/Libraries/USS/maxq10xx-sdk/mbedtls/library/pk.c:678:5:mbedtls_pk_sign_ext	56	static
