C:/analog/cfs/1.0.1/SDK/MAX/Libraries/USS/maxq10xx-sdk/mbedtls/include/psa/crypto_struct.h:414:20:psa_extend_key_usage_flags	0	static
C:/analog/cfs/1.0.1/SDK/MAX/Libraries/USS/maxq10xx-sdk/mbedtls/library/pk_wrap.c:195:12:rsa_can_do	0	static
C:/analog/cfs/1.0.1/SDK/MAX/Libraries/USS/maxq10xx-sdk/mbedtls/library/pk_wrap.c:605:13:rsa_debug	0	static
C:/analog/cfs/1.0.1/SDK/MAX/Libraries/USS/maxq10xx-sdk/mbedtls/library/pk_wrap.c:652:12:eckey_can_do	0	static
C:/analog/cfs/1.0.1/SDK/MAX/Libraries/USS/maxq10xx-sdk/mbedtls/library/pk_wrap.c:659:15:eckey_get_bitlen	0	static
C:/analog/cfs/1.0.1/SDK/MAX/Libraries/USS/maxq10xx-sdk/mbedtls/library/pk_wrap.c:1131:13:eckey_debug	0	static
C:/analog/cfs/1.0.1/SDK/MAX/Libraries/USS/maxq10xx-sdk/mbedtls/library/pk_wrap.c:1172:12:eckeydh_can_do	0	static
C:/analog/cfs/1.0.1/SDK/MAX/Libraries/USS/maxq10xx-sdk/mbedtls/library/pk_wrap.c:1203:12:ecdsa_can_do	0	static
C:/analog/cfs/1.0.1/SDK/MAX/Libraries/USS/maxq10xx-sdk/mbedtls/library/pk_wrap.c:1302:12:maxq10xx_can_do	0	static
C:/analog/cfs/1.0.1/SDK/MAX/Libraries/USS/maxq10xx-sdk/mbedtls/library/pk_wrap.c:1532:12:rsa_alt_can_do	0	static
C:/analog/cfs/1.0.1/SDK/MAX/Libraries/USS/maxq10xx-sdk/mbedtls/library/pk_wrap.c:1537:15:rsa_alt_get_bitlen	8	static
C:/analog/cfs/1.0.1/SDK/MAX/Libraries/USS/maxq10xx-sdk/mbedtls/library/pk_wrap.c:1544:12:rsa_alt_sign_wrap	40	static
C:/analog/cfs/1.0.1/SDK/MAX/Libraries/USS/maxq10xx-sdk/mbedtls/library/pk_wrap.c:1567:12:rsa_alt_decrypt_wrap	32	static
C:/analog/cfs/1.0.1/SDK/MAX/Libraries/USS/maxq10xx-sdk/mbedtls/library/pk_wrap.c:201:15:rsa_get_bitlen	8	static
C:/analog/cfs/1.0.1/SDK/MAX/Libraries/USS/maxq10xx-sdk/mbedtls/include/psa/crypto_struct.h:457:20:psa_set_key_type	8	static
C:/analog/cfs/1.0.1/SDK/MAX/Libraries/USS/maxq10xx-sdk/mbedtls/library/pk_wrap.c:599:13:rsa_free_wrap	8	static
C:/analog/cfs/1.0.1/SDK/MAX/Libraries/USS/maxq10xx-sdk/mbedtls/library/pk_wrap.c:1506:13:maxq10xx_free_wrap	8	static
C:/analog/cfs/1.0.1/SDK/MAX/Libraries/USS/maxq10xx-sdk/mbedtls/library/pk_wrap.c:1498:14:maxq10xx_alloc_wrap	8	static
C:/analog/cfs/1.0.1/SDK/MAX/Libraries/USS/maxq10xx-sdk/mbedtls/library/pk_wrap.c:588:14:rsa_alloc_wrap	8	static
C:/analog/cfs/1.0.1/SDK/MAX/Libraries/USS/maxq10xx-sdk/mbedtls/library/pk_wrap.c:578:12:rsa_check_pair_wrap	8	static
C:/analog/cfs/1.0.1/SDK/MAX/Libraries/USS/maxq10xx-sdk/mbedtls/library/pk_wrap.c:561:12:rsa_encrypt_wrap	32	static
C:/analog/cfs/1.0.1/SDK/MAX/Libraries/USS/maxq10xx-sdk/mbedtls/library/pk_wrap.c:476:12:rsa_decrypt_wrap	40	static
C:/analog/cfs/1.0.1/SDK/MAX/Libraries/USS/maxq10xx-sdk/mbedtls/library/pk_wrap.c:384:12:rsa_sign_wrap	40	static
C:/analog/cfs/1.0.1/SDK/MAX/Libraries/USS/maxq10xx-sdk/mbedtls/library/pk_wrap.c:270:12:rsa_verify_wrap	40	static
C:/analog/cfs/1.0.1/SDK/MAX/Libraries/USS/maxq10xx-sdk/mbedtls/library/pk_wrap.c:1125:13:eckey_free_wrap	8	static
C:/analog/cfs/1.0.1/SDK/MAX/Libraries/USS/maxq10xx-sdk/mbedtls/library/pk_wrap.c:1114:14:eckey_alloc_wrap	8	static
C:/analog/cfs/1.0.1/SDK/MAX/Libraries/USS/maxq10xx-sdk/mbedtls/library/pk_wrap.c:1105:12:eckey_check_pair	8	static
C:/analog/cfs/1.0.1/SDK/MAX/Libraries/USS/maxq10xx-sdk/mbedtls/library/pk_wrap.c:984:12:ecdsa_sign_wrap	32	static
C:/analog/cfs/1.0.1/SDK/MAX/Libraries/USS/maxq10xx-sdk/mbedtls/library/pk_wrap.c:809:12:ecdsa_verify_wrap	16	static
C:/analog/cfs/1.0.1/SDK/MAX/Libraries/USS/maxq10xx-sdk/mbedtls/library/pk_wrap.c:1402:12:maxq10xx_sign_wrap	1064	static
C:/analog/cfs/1.0.1/SDK/MAX/Libraries/USS/maxq10xx-sdk/mbedtls/library/pk_wrap.c:1311:12:extract_ecdsa_sig_int	32	static
C:/analog/cfs/1.0.1/SDK/MAX/Libraries/USS/maxq10xx-sdk/mbedtls/library/pk_wrap.c:1347:12:extract_ecdsa_sig	32	static
C:/analog/cfs/1.0.1/SDK/MAX/Libraries/USS/maxq10xx-sdk/mbedtls/library/pk_wrap.c:1367:12:maxq10xx_verify_wrap	160	static
C:/analog/cfs/1.0.1/SDK/MAX/Libraries/USS/maxq10xx-sdk/mbedtls/library/pk_wrap.c:1617:14:rsa_alt_alloc_wrap	8	static
C:/analog/cfs/1.0.1/SDK/MAX/Libraries/USS/maxq10xx-sdk/mbedtls/library/pk_wrap.c:1586:12:rsa_alt_check_pair	1112	static
C:/analog/cfs/1.0.1/SDK/MAX/Libraries/USS/maxq10xx-sdk/mbedtls/library/pk_wrap.c:1628:13:rsa_alt_free_wrap	8	static
C:/analog/cfs/1.0.1/SDK/MAX/Libraries/USS/maxq10xx-sdk/mbedtls/library/pk_wrap.c:79:5:mbedtls_pk_error_from_psa	0	static
C:/analog/cfs/1.0.1/SDK/MAX/Libraries/USS/maxq10xx-sdk/mbedtls/library/pk_wrap.c:114:5:mbedtls_pk_error_from_psa_rsa	0	static
C:/analog/cfs/1.0.1/SDK/MAX/Libraries/USS/maxq10xx-sdk/mbedtls/library/pk_wrap.c:306:6:mbedtls_pk_psa_rsa_sign_ext	5840	static
