C:/analog/cfs/1.0.1/SDK/MAX/Libraries/USS/maxq10xx-sdk/mbedtls/library/psa_crypto_driver_wrappers.c:79:14:psa_driver_wrapper_init	0	static
C:/analog/cfs/1.0.1/SDK/MAX/Libraries/USS/maxq10xx-sdk/mbedtls/library/psa_crypto_driver_wrappers.c:103:6:psa_driver_wrapper_free	0	static
C:/analog/cfs/1.0.1/SDK/MAX/Libraries/USS/maxq10xx-sdk/mbedtls/library/psa_crypto_driver_wrappers.c:118:14:psa_driver_wrapper_sign_message	32	static
C:/analog/cfs/1.0.1/SDK/MAX/Libraries/USS/maxq10xx-sdk/mbedtls/library/psa_crypto_driver_wrappers.c:193:14:psa_driver_wrapper_verify_message	24	static
C:/analog/cfs/1.0.1/SDK/MAX/Libraries/USS/maxq10xx-sdk/mbedtls/library/psa_crypto_driver_wrappers.c:264:14:psa_driver_wrapper_sign_hash	32	static
C:/analog/cfs/1.0.1/SDK/MAX/Libraries/USS/maxq10xx-sdk/mbedtls/library/psa_crypto_driver_wrappers.c:348:14:psa_driver_wrapper_verify_hash	24	static
C:/analog/cfs/1.0.1/SDK/MAX/Libraries/USS/maxq10xx-sdk/mbedtls/library/psa_crypto_driver_wrappers.c:430:10:psa_driver_wrapper_sign_hash_get_num_ops	8	static
C:/analog/cfs/1.0.1/SDK/MAX/Libraries/USS/maxq10xx-sdk/mbedtls/library/psa_crypto_driver_wrappers.c:453:10:psa_driver_wrapper_verify_hash_get_num_ops	8	static
C:/analog/cfs/1.0.1/SDK/MAX/Libraries/USS/maxq10xx-sdk/mbedtls/library/psa_crypto_driver_wrappers.c:477:14:psa_driver_wrapper_sign_hash_start	24	static
C:/analog/cfs/1.0.1/SDK/MAX/Libraries/USS/maxq10xx-sdk/mbedtls/library/psa_crypto_driver_wrappers.c:530:14:psa_driver_wrapper_sign_hash_complete	8	static
C:/analog/cfs/1.0.1/SDK/MAX/Libraries/USS/maxq10xx-sdk/mbedtls/library/psa_crypto_driver_wrappers.c:557:14:psa_driver_wrapper_sign_hash_abort	8	static
C:/analog/cfs/1.0.1/SDK/MAX/Libraries/USS/maxq10xx-sdk/mbedtls/library/psa_crypto_driver_wrappers.c:576:14:psa_driver_wrapper_verify_hash_start	32	static
C:/analog/cfs/1.0.1/SDK/MAX/Libraries/USS/maxq10xx-sdk/mbedtls/library/psa_crypto_driver_wrappers.c:634:14:psa_driver_wrapper_verify_hash_complete	8	static
C:/analog/cfs/1.0.1/SDK/MAX/Libraries/USS/maxq10xx-sdk/mbedtls/library/psa_crypto_driver_wrappers.c:655:14:psa_driver_wrapper_verify_hash_abort	8	static
C:/analog/cfs/1.0.1/SDK/MAX/Libraries/USS/maxq10xx-sdk/mbedtls/library/psa_crypto_driver_wrappers.c:687:14:psa_driver_wrapper_get_key_buffer_size_from_key_data	0	static
C:/analog/cfs/1.0.1/SDK/MAX/Libraries/USS/maxq10xx-sdk/mbedtls/library/psa_crypto_driver_wrappers.c:731:14:psa_driver_wrapper_get_key_buffer_size	0	static
C:/analog/cfs/1.0.1/SDK/MAX/Libraries/USS/maxq10xx-sdk/mbedtls/library/psa_crypto_driver_wrappers.c:767:14:psa_driver_wrapper_generate_key	8	static
C:/analog/cfs/1.0.1/SDK/MAX/Libraries/USS/maxq10xx-sdk/mbedtls/library/psa_crypto_driver_wrappers.c:839:14:psa_driver_wrapper_import_key	24	static
C:/analog/cfs/1.0.1/SDK/MAX/Libraries/USS/maxq10xx-sdk/mbedtls/library/psa_crypto_driver_wrappers.c:937:14:psa_driver_wrapper_export_key	16	static
C:/analog/cfs/1.0.1/SDK/MAX/Libraries/USS/maxq10xx-sdk/mbedtls/library/psa_crypto_driver_wrappers.c:1002:14:psa_driver_wrapper_export_public_key	16	static
C:/analog/cfs/1.0.1/SDK/MAX/Libraries/USS/maxq10xx-sdk/mbedtls/library/psa_crypto_driver_wrappers.c:1088:14:psa_driver_wrapper_get_builtin_key	0	static
C:/analog/cfs/1.0.1/SDK/MAX/Libraries/USS/maxq10xx-sdk/mbedtls/library/psa_crypto_driver_wrappers.c:1122:14:psa_driver_wrapper_copy_key	0	static
C:/analog/cfs/1.0.1/SDK/MAX/Libraries/USS/maxq10xx-sdk/mbedtls/library/psa_crypto_driver_wrappers.c:1177:14:psa_driver_wrapper_cipher_encrypt	40	static
C:/analog/cfs/1.0.1/SDK/MAX/Libraries/USS/maxq10xx-sdk/mbedtls/library/psa_crypto_driver_wrappers.c:1269:14:psa_driver_wrapper_cipher_decrypt	32	static
C:/analog/cfs/1.0.1/SDK/MAX/Libraries/USS/maxq10xx-sdk/mbedtls/library/psa_crypto_driver_wrappers.c:1351:14:psa_driver_wrapper_cipher_encrypt_setup	16	static
C:/analog/cfs/1.0.1/SDK/MAX/Libraries/USS/maxq10xx-sdk/mbedtls/library/psa_crypto_driver_wrappers.c:1424:14:psa_driver_wrapper_cipher_decrypt_setup	16	static
C:/analog/cfs/1.0.1/SDK/MAX/Libraries/USS/maxq10xx-sdk/mbedtls/library/psa_crypto_driver_wrappers.c:1497:14:psa_driver_wrapper_cipher_set_iv	8	static
C:/analog/cfs/1.0.1/SDK/MAX/Libraries/USS/maxq10xx-sdk/mbedtls/library/psa_crypto_driver_wrappers.c:1532:14:psa_driver_wrapper_cipher_update	16	static
C:/analog/cfs/1.0.1/SDK/MAX/Libraries/USS/maxq10xx-sdk/mbedtls/library/psa_crypto_driver_wrappers.c:1578:14:psa_driver_wrapper_cipher_finish	8	static
C:/analog/cfs/1.0.1/SDK/MAX/Libraries/USS/maxq10xx-sdk/mbedtls/library/psa_crypto_driver_wrappers.c:1616:14:psa_driver_wrapper_cipher_abort	8	static
C:/analog/cfs/1.0.1/SDK/MAX/Libraries/USS/maxq10xx-sdk/mbedtls/library/psa_crypto_driver_wrappers.c:1656:14:psa_driver_wrapper_hash_compute	16	static
C:/analog/cfs/1.0.1/SDK/MAX/Libraries/USS/maxq10xx-sdk/mbedtls/library/psa_crypto_driver_wrappers.c:1692:14:psa_driver_wrapper_hash_setup	8	static
C:/analog/cfs/1.0.1/SDK/MAX/Libraries/USS/maxq10xx-sdk/mbedtls/library/psa_crypto_driver_wrappers.c:1725:14:psa_driver_wrapper_hash_clone	8	static
C:/analog/cfs/1.0.1/SDK/MAX/Libraries/USS/maxq10xx-sdk/mbedtls/library/psa_crypto_driver_wrappers.c:1750:14:psa_driver_wrapper_hash_update	8	static
C:/analog/cfs/1.0.1/SDK/MAX/Libraries/USS/maxq10xx-sdk/mbedtls/library/psa_crypto_driver_wrappers.c:1775:14:psa_driver_wrapper_hash_finish	8	static
C:/analog/cfs/1.0.1/SDK/MAX/Libraries/USS/maxq10xx-sdk/mbedtls/library/psa_crypto_driver_wrappers.c:1802:14:psa_driver_wrapper_hash_abort	8	static
C:/analog/cfs/1.0.1/SDK/MAX/Libraries/USS/maxq10xx-sdk/mbedtls/library/psa_crypto_driver_wrappers.c:1821:14:psa_driver_wrapper_aead_encrypt	48	static
C:/analog/cfs/1.0.1/SDK/MAX/Libraries/USS/maxq10xx-sdk/mbedtls/library/psa_crypto_driver_wrappers.c:1873:14:psa_driver_wrapper_aead_decrypt	48	static
C:/analog/cfs/1.0.1/SDK/MAX/Libraries/USS/maxq10xx-sdk/mbedtls/library/psa_crypto_driver_wrappers.c:1925:14:psa_driver_wrapper_aead_encrypt_setup	16	static
C:/analog/cfs/1.0.1/SDK/MAX/Libraries/USS/maxq10xx-sdk/mbedtls/library/psa_crypto_driver_wrappers.c:1973:14:psa_driver_wrapper_aead_decrypt_setup	16	static
C:/analog/cfs/1.0.1/SDK/MAX/Libraries/USS/maxq10xx-sdk/mbedtls/library/psa_crypto_driver_wrappers.c:2023:14:psa_driver_wrapper_aead_set_nonce	8	static
C:/analog/cfs/1.0.1/SDK/MAX/Libraries/USS/maxq10xx-sdk/mbedtls/library/psa_crypto_driver_wrappers.c:2057:14:psa_driver_wrapper_aead_set_lengths	8	static
C:/analog/cfs/1.0.1/SDK/MAX/Libraries/USS/maxq10xx-sdk/mbedtls/library/psa_crypto_driver_wrappers.c:2091:14:psa_driver_wrapper_aead_update_ad	8	static
C:/analog/cfs/1.0.1/SDK/MAX/Libraries/USS/maxq10xx-sdk/mbedtls/library/psa_crypto_driver_wrappers.c:2125:14:psa_driver_wrapper_aead_update	16	static
C:/analog/cfs/1.0.1/SDK/MAX/Libraries/USS/maxq10xx-sdk/mbedtls/library/psa_crypto_driver_wrappers.c:2167:14:psa_driver_wrapper_aead_finish	24	static
C:/analog/cfs/1.0.1/SDK/MAX/Libraries/USS/maxq10xx-sdk/mbedtls/library/psa_crypto_driver_wrappers.c:2212:14:psa_driver_wrapper_aead_verify	56	static
C:/analog/cfs/1.0.1/SDK/MAX/Libraries/USS/maxq10xx-sdk/mbedtls/library/psa_crypto_driver_wrappers.c:2275:14:psa_driver_wrapper_aead_abort	8	static
C:/analog/cfs/1.0.1/SDK/MAX/Libraries/USS/maxq10xx-sdk/mbedtls/library/psa_crypto_driver_wrappers.c:2304:14:psa_driver_wrapper_mac_compute	32	static
C:/analog/cfs/1.0.1/SDK/MAX/Libraries/USS/maxq10xx-sdk/mbedtls/library/psa_crypto_driver_wrappers.c:2372:14:psa_driver_wrapper_mac_sign_setup	16	static
C:/analog/cfs/1.0.1/SDK/MAX/Libraries/USS/maxq10xx-sdk/mbedtls/library/psa_crypto_driver_wrappers.c:2444:14:psa_driver_wrapper_mac_verify_setup	16	static
C:/analog/cfs/1.0.1/SDK/MAX/Libraries/USS/maxq10xx-sdk/mbedtls/library/psa_crypto_driver_wrappers.c:2516:14:psa_driver_wrapper_mac_update	8	static
C:/analog/cfs/1.0.1/SDK/MAX/Libraries/USS/maxq10xx-sdk/mbedtls/library/psa_crypto_driver_wrappers.c:2549:14:psa_driver_wrapper_mac_sign_finish	8	static
C:/analog/cfs/1.0.1/SDK/MAX/Libraries/USS/maxq10xx-sdk/mbedtls/library/psa_crypto_driver_wrappers.c:2584:14:psa_driver_wrapper_mac_verify_finish	8	static
C:/analog/cfs/1.0.1/SDK/MAX/Libraries/USS/maxq10xx-sdk/mbedtls/library/psa_crypto_driver_wrappers.c:2617:14:psa_driver_wrapper_mac_abort	8	static
C:/analog/cfs/1.0.1/SDK/MAX/Libraries/USS/maxq10xx-sdk/mbedtls/library/psa_crypto_driver_wrappers.c:2645:14:psa_driver_wrapper_asymmetric_encrypt	40	static
C:/analog/cfs/1.0.1/SDK/MAX/Libraries/USS/maxq10xx-sdk/mbedtls/library/psa_crypto_driver_wrappers.c:2703:14:psa_driver_wrapper_asymmetric_decrypt	40	static
C:/analog/cfs/1.0.1/SDK/MAX/Libraries/USS/maxq10xx-sdk/mbedtls/library/psa_crypto_driver_wrappers.c:2761:14:psa_driver_wrapper_key_agreement	32	static
C:/analog/cfs/1.0.1/SDK/MAX/Libraries/USS/maxq10xx-sdk/mbedtls/library/psa_crypto_driver_wrappers.c:2829:14:psa_driver_wrapper_pake_setup	0	static
C:/analog/cfs/1.0.1/SDK/MAX/Libraries/USS/maxq10xx-sdk/mbedtls/library/psa_crypto_driver_wrappers.c:2872:14:psa_driver_wrapper_pake_output	0	static
C:/analog/cfs/1.0.1/SDK/MAX/Libraries/USS/maxq10xx-sdk/mbedtls/library/psa_crypto_driver_wrappers.c:2904:14:psa_driver_wrapper_pake_input	0	static
C:/analog/cfs/1.0.1/SDK/MAX/Libraries/USS/maxq10xx-sdk/mbedtls/library/psa_crypto_driver_wrappers.c:2936:14:psa_driver_wrapper_pake_get_implicit_key	0	static
C:/analog/cfs/1.0.1/SDK/MAX/Libraries/USS/maxq10xx-sdk/mbedtls/library/psa_crypto_driver_wrappers.c:2965:14:psa_driver_wrapper_pake_abort	0	static
