C:/analog/cfs/1.0.1/SDK/MAX/Libraries/USS/maxq10xx-sdk/mbedtls/library/rsa.c:139:12:rsa_check_context	24	static
C:/analog/cfs/1.0.1/SDK/MAX/Libraries/USS/maxq10xx-sdk/mbedtls/library/rsa.c:777:12:rsa_prepare_blinding	56	static
C:/analog/cfs/1.0.1/SDK/MAX/Libraries/USS/maxq10xx-sdk/mbedtls/library/rsa.c:1269:12:compute_hash	16	static
C:/analog/cfs/1.0.1/SDK/MAX/Libraries/USS/maxq10xx-sdk/mbedtls/library/rsa.c:1084:12:mgf_mask	80	static
C:/analog/cfs/1.0.1/SDK/MAX/Libraries/USS/maxq10xx-sdk/mbedtls/library/rsa.c:1191:12:hash_mprime	48	static
C:/analog/cfs/1.0.1/SDK/MAX/Libraries/USS/maxq10xx-sdk/mbedtls/library/rsa.c:1818:12:rsa_rsassa_pkcs1_v15_encode	48	static
C:/analog/cfs/1.0.1/SDK/MAX/Libraries/USS/maxq10xx-sdk/mbedtls/library/rsa.c:2404:12:myrand	16	static
C:/analog/cfs/1.0.1/SDK/MAX/Libraries/USS/maxq10xx-sdk/mbedtls/library/rsa.c:73:5:mbedtls_rsa_import	24	static
C:/analog/cfs/1.0.1/SDK/MAX/Libraries/USS/maxq10xx-sdk/mbedtls/library/rsa.c:95:5:mbedtls_rsa_import_raw	24	static
C:/analog/cfs/1.0.1/SDK/MAX/Libraries/USS/maxq10xx-sdk/mbedtls/library/rsa.c:223:5:mbedtls_rsa_complete	96	static
C:/analog/cfs/1.0.1/SDK/MAX/Libraries/USS/maxq10xx-sdk/mbedtls/library/rsa.c:321:5:mbedtls_rsa_export_raw	32	static
C:/analog/cfs/1.0.1/SDK/MAX/Libraries/USS/maxq10xx-sdk/mbedtls/library/rsa.c:373:5:mbedtls_rsa_export	32	static
C:/analog/cfs/1.0.1/SDK/MAX/Libraries/USS/maxq10xx-sdk/mbedtls/library/rsa.c:416:5:mbedtls_rsa_export_crt	24	static
C:/analog/cfs/1.0.1/SDK/MAX/Libraries/USS/maxq10xx-sdk/mbedtls/library/rsa.c:454:6:mbedtls_rsa_init	8	static
C:/analog/cfs/1.0.1/SDK/MAX/Libraries/USS/maxq10xx-sdk/mbedtls/library/rsa.c:472:5:mbedtls_rsa_set_padding	16	static
C:/analog/cfs/1.0.1/SDK/MAX/Libraries/USS/maxq10xx-sdk/mbedtls/library/rsa.c:508:5:mbedtls_rsa_get_padding_mode	0	static
C:/analog/cfs/1.0.1/SDK/MAX/Libraries/USS/maxq10xx-sdk/mbedtls/library/rsa.c:516:5:mbedtls_rsa_get_md_alg	0	static
C:/analog/cfs/1.0.1/SDK/MAX/Libraries/USS/maxq10xx-sdk/mbedtls/library/rsa.c:524:8:mbedtls_rsa_get_len	0	static
C:/analog/cfs/1.0.1/SDK/MAX/Libraries/USS/maxq10xx-sdk/mbedtls/library/rsa.c:658:5:mbedtls_rsa_check_pubkey	16	static
C:/analog/cfs/1.0.1/SDK/MAX/Libraries/USS/maxq10xx-sdk/mbedtls/library/rsa.c:680:5:mbedtls_rsa_check_privkey	40	static
C:/analog/cfs/1.0.1/SDK/MAX/Libraries/USS/maxq10xx-sdk/mbedtls/library/rsa.c:705:5:mbedtls_rsa_check_pub_priv	16	static
C:/analog/cfs/1.0.1/SDK/MAX/Libraries/USS/maxq10xx-sdk/mbedtls/library/rsa.c:724:5:mbedtls_rsa_public	48	static
C:/analog/cfs/1.0.1/SDK/MAX/Libraries/USS/maxq10xx-sdk/mbedtls/library/rsa.c:859:5:mbedtls_rsa_private	176	static
C:/analog/cfs/1.0.1/SDK/MAX/Libraries/USS/maxq10xx-sdk/mbedtls/library/rsa.c:1651:12:rsa_rsassa_pss_sign	64	static
C:/analog/cfs/1.0.1/SDK/MAX/Libraries/USS/maxq10xx-sdk/mbedtls/library/rsa.c:1299:5:mbedtls_rsa_rsaes_oaep_encrypt	56	static
C:/analog/cfs/1.0.1/SDK/MAX/Libraries/USS/maxq10xx-sdk/mbedtls/library/rsa.c:1371:5:mbedtls_rsa_rsaes_pkcs1_v15_encrypt	40	static
C:/analog/cfs/1.0.1/SDK/MAX/Libraries/USS/maxq10xx-sdk/mbedtls/library/rsa.c:1425:5:mbedtls_rsa_pkcs1_encrypt	24	static
C:/analog/cfs/1.0.1/SDK/MAX/Libraries/USS/maxq10xx-sdk/mbedtls/library/rsa.c:1454:5:mbedtls_rsa_rsaes_oaep_decrypt	1096	static
C:/analog/cfs/1.0.1/SDK/MAX/Libraries/USS/maxq10xx-sdk/mbedtls/library/rsa.c:1582:5:mbedtls_rsa_rsaes_pkcs1_v15_decrypt	1048	static
C:/analog/cfs/1.0.1/SDK/MAX/Libraries/USS/maxq10xx-sdk/mbedtls/library/rsa.c:1623:5:mbedtls_rsa_pkcs1_decrypt	32	static
C:/analog/cfs/1.0.1/SDK/MAX/Libraries/USS/maxq10xx-sdk/mbedtls/library/rsa.c:1766:5:mbedtls_rsa_rsassa_pss_sign_ext	24	static
C:/analog/cfs/1.0.1/SDK/MAX/Libraries/USS/maxq10xx-sdk/mbedtls/library/rsa.c:1783:5:mbedtls_rsa_rsassa_pss_sign	24	static
C:/analog/cfs/1.0.1/SDK/MAX/Libraries/USS/maxq10xx-sdk/mbedtls/library/rsa.c:1936:5:mbedtls_rsa_rsassa_pkcs1_v15_sign	40	static
C:/analog/cfs/1.0.1/SDK/MAX/Libraries/USS/maxq10xx-sdk/mbedtls/library/rsa.c:2007:5:mbedtls_rsa_pkcs1_sign	32	static
C:/analog/cfs/1.0.1/SDK/MAX/Libraries/USS/maxq10xx-sdk/mbedtls/library/rsa.c:2041:5:mbedtls_rsa_rsassa_pss_verify_ext	1104	static
C:/analog/cfs/1.0.1/SDK/MAX/Libraries/USS/maxq10xx-sdk/mbedtls/library/rsa.c:2158:5:mbedtls_rsa_rsassa_pss_verify	24	static
C:/analog/cfs/1.0.1/SDK/MAX/Libraries/USS/maxq10xx-sdk/mbedtls/library/rsa.c:2186:5:mbedtls_rsa_rsassa_pkcs1_v15_verify	40	static
C:/analog/cfs/1.0.1/SDK/MAX/Libraries/USS/maxq10xx-sdk/mbedtls/library/rsa.c:2255:5:mbedtls_rsa_pkcs1_verify	16	static
C:/analog/cfs/1.0.1/SDK/MAX/Libraries/USS/maxq10xx-sdk/mbedtls/library/rsa.c:2326:6:mbedtls_rsa_free	8	static
C:/analog/cfs/1.0.1/SDK/MAX/Libraries/USS/maxq10xx-sdk/mbedtls/library/rsa.c:2286:5:mbedtls_rsa_copy	16	static
C:/analog/cfs/1.0.1/SDK/MAX/Libraries/USS/maxq10xx-sdk/mbedtls/library/rsa.c:2431:5:mbedtls_rsa_self_test	424	static
