C:/analog/cfs/1.0.1/SDK/MAX/Libraries/USS/maxq10xx-sdk/mbedtls/library/ssl_misc.h:1646:33:mbedtls_ssl_own_cert	0	static
C:/analog/cfs/1.0.1/SDK/MAX/Libraries/USS/maxq10xx-sdk/mbedtls/library/ssl_misc.h:2244:27:mbedtls_ssl_get_sig_algs	0	static
C:/analog/cfs/1.0.1/SDK/MAX/Libraries/USS/maxq10xx-sdk/mbedtls/library/ssl_misc.h:2353:19:mbedtls_ssl_sig_alg_is_offered	8	static
C:/analog/cfs/1.0.1/SDK/MAX/Libraries/USS/maxq10xx-sdk/mbedtls/library/ssl_misc.h:2407:19:mbedtls_ssl_tls12_sig_alg_is_supported	0	static
C:/analog/cfs/1.0.1/SDK/MAX/Libraries/USS/maxq10xx-sdk/mbedtls/library/ssl_misc.h:2468:19:mbedtls_ssl_sig_alg_is_supported	8	static
C:/analog/cfs/1.0.1/SDK/MAX/Libraries/USS/maxq10xx-sdk/mbedtls/library/ssl_tls.c:224:21:ssl_mfl_code_to_length	0	static
C:/analog/cfs/1.0.1/SDK/MAX/Libraries/USS/maxq10xx-sdk/mbedtls/library/ssl_tls.c:691:20:ssl_tls13_get_hs_msg_name	0	static
C:/analog/cfs/1.0.1/SDK/MAX/Libraries/USS/maxq10xx-sdk/mbedtls/library/ssl_tls.c:2379:27:mbedtls_ssl_get_base_mode	0	static
C:/analog/cfs/1.0.1/SDK/MAX/Libraries/USS/maxq10xx-sdk/mbedtls/library/ssl_tls.c:2402:27:mbedtls_ssl_get_actual_mode	0	static
C:/analog/cfs/1.0.1/SDK/MAX/Libraries/USS/maxq10xx-sdk/mbedtls/library/ssl_tls.c:7322:12:ssl_parse_certificate_coordinate	0	static
C:/analog/cfs/1.0.1/SDK/MAX/Libraries/USS/maxq10xx-sdk/mbedtls/library/ssl_tls.c:8238:30:tls_prf_get_type	0	static
C:/analog/cfs/1.0.1/SDK/MAX/Libraries/USS/maxq10xx-sdk/mbedtls/library/ssl_tls.c:1309:12:ssl_conf_version_check	16	static
C:/analog/cfs/1.0.1/SDK/MAX/Libraries/USS/maxq10xx-sdk/mbedtls/library/ssl_tls.c:1355:12:ssl_conf_check	16	static
C:/analog/cfs/1.0.1/SDK/MAX/Libraries/USS/maxq10xx-sdk/mbedtls/library/ssl_tls.c:2161:12:ssl_conf_set_psk_identity	16	static
C:/analog/cfs/1.0.1/SDK/MAX/Libraries/USS/maxq10xx-sdk/mbedtls/library/ssl_tls.c:1824:13:ssl_key_cert_free	8	static
C:/analog/cfs/1.0.1/SDK/MAX/Libraries/USS/maxq10xx-sdk/mbedtls/library/ssl_tls.c:1837:12:ssl_append_key_cert	16	static
C:/analog/cfs/1.0.1/SDK/MAX/Libraries/USS/maxq10xx-sdk/mbedtls/library/ssl_tls.c:6189:12:tls_prf_generic	96	static
C:/analog/cfs/1.0.1/SDK/MAX/Libraries/USS/maxq10xx-sdk/mbedtls/library/ssl_tls.c:6296:12:tls_prf_sha256	24	static
C:/analog/cfs/1.0.1/SDK/MAX/Libraries/USS/maxq10xx-sdk/mbedtls/library/ssl_tls.c:2130:13:ssl_conf_remove_psk	8	static
C:/analog/cfs/1.0.1/SDK/MAX/Libraries/USS/maxq10xx-sdk/mbedtls/library/ssl_tls.c:2221:13:ssl_remove_psk	8	static
C:/analog/cfs/1.0.1/SDK/MAX/Libraries/USS/maxq10xx-sdk/mbedtls/library/ssl_tls.c:950:12:ssl_update_checksum_sha256	8	static
C:/analog/cfs/1.0.1/SDK/MAX/Libraries/USS/maxq10xx-sdk/mbedtls/library/ssl_tls.c:905:12:ssl_update_checksum_start	8	static
C:/analog/cfs/1.0.1/SDK/MAX/Libraries/USS/maxq10xx-sdk/mbedtls/library/ssl_tls.c:975:13:ssl_handshake_params_init	8	static
C:/analog/cfs/1.0.1/SDK/MAX/Libraries/USS/maxq10xx-sdk/mbedtls/library/ssl_tls.c:8213:19:ssl_tls12prf_from_cs	8	static
C:/analog/cfs/1.0.1/SDK/MAX/Libraries/USS/maxq10xx-sdk/mbedtls/library/ssl_tls.c:9007:15:ssl_tls12_session_save	24	static
C:/analog/cfs/1.0.1/SDK/MAX/Libraries/USS/maxq10xx-sdk/mbedtls/library/ssl_tls.c:2495:12:ssl_tls13_session_save	24	static
C:/analog/cfs/1.0.1/SDK/MAX/Libraries/USS/maxq10xx-sdk/mbedtls/library/ssl_tls.c:3644:12:ssl_session_save	24	static
C:/analog/cfs/1.0.1/SDK/MAX/Libraries/USS/maxq10xx-sdk/mbedtls/library/ssl_tls.c:2596:12:ssl_tls13_session_load	24	static
C:/analog/cfs/1.0.1/SDK/MAX/Libraries/USS/maxq10xx-sdk/mbedtls/library/ssl_tls.c:7094:12:ssl_check_peer_crt_unchanged	8	static
C:/analog/cfs/1.0.1/SDK/MAX/Libraries/USS/maxq10xx-sdk/mbedtls/library/ssl_tls.c:9148:12:ssl_tls12_session_load	24	static
C:/analog/cfs/1.0.1/SDK/MAX/Libraries/USS/maxq10xx-sdk/mbedtls/library/ssl_tls.c:3731:12:ssl_session_load	16	static
C:/analog/cfs/1.0.1/SDK/MAX/Libraries/USS/maxq10xx-sdk/mbedtls/library/ssl_tls.c:503:13:ssl_clear_peer_cert	8	static
C:/analog/cfs/1.0.1/SDK/MAX/Libraries/USS/maxq10xx-sdk/mbedtls/library/ssl_tls.c:3811:12:ssl_prepare_handshake_step	8	static
C:/analog/cfs/1.0.1/SDK/MAX/Libraries/USS/maxq10xx-sdk/mbedtls/library/ssl_tls.c:5173:12:ssl_check_no_sig_alg_duplication	24	static
C:/analog/cfs/1.0.1/SDK/MAX/Libraries/USS/maxq10xx-sdk/mbedtls/library/ssl_tls.c:5864:12:ssl_get_handshake_transcript_sha256	48	static
C:/analog/cfs/1.0.1/SDK/MAX/Libraries/USS/maxq10xx-sdk/mbedtls/library/ssl_tls.c:7150:12:ssl_parse_certificate_chain	40	static
C:/analog/cfs/1.0.1/SDK/MAX/Libraries/USS/maxq10xx-sdk/mbedtls/library/ssl_tls.c:98:5:mbedtls_ssl_conf_cid	0	static
C:/analog/cfs/1.0.1/SDK/MAX/Libraries/USS/maxq10xx-sdk/mbedtls/library/ssl_tls.c:116:5:mbedtls_ssl_set_cid	40	static
C:/analog/cfs/1.0.1/SDK/MAX/Libraries/USS/maxq10xx-sdk/mbedtls/library/ssl_tls.c:148:5:mbedtls_ssl_get_own_cid	8	static
C:/analog/cfs/1.0.1/SDK/MAX/Libraries/USS/maxq10xx-sdk/mbedtls/library/ssl_tls.c:178:5:mbedtls_ssl_get_peer_cid	8	static
C:/analog/cfs/1.0.1/SDK/MAX/Libraries/USS/maxq10xx-sdk/mbedtls/library/ssl_tls.c:474:6:mbedtls_ssl_tls_prf	24	static
C:/analog/cfs/1.0.1/SDK/MAX/Libraries/USS/maxq10xx-sdk/mbedtls/library/ssl_tls.c:523:10:mbedtls_ssl_get_extension_id	0	static
C:/analog/cfs/1.0.1/SDK/MAX/Libraries/USS/maxq10xx-sdk/mbedtls/library/ssl_tls.c:615:10:mbedtls_ssl_get_extension_mask	8	static
C:/analog/cfs/1.0.1/SDK/MAX/Libraries/USS/maxq10xx-sdk/mbedtls/library/ssl_misc.h:2018:20:mbedtls_ssl_tls13_set_hs_sent_ext_mask	8	static
C:/analog/cfs/1.0.1/SDK/MAX/Libraries/USS/maxq10xx-sdk/mbedtls/library/ssl_tls.c:685:13:mbedtls_ssl_get_extension_name	8	static
C:/analog/cfs/1.0.1/SDK/MAX/Libraries/USS/maxq10xx-sdk/mbedtls/library/ssl_tls.c:712:6:mbedtls_ssl_print_extension	64	static
C:/analog/cfs/1.0.1/SDK/MAX/Libraries/USS/maxq10xx-sdk/mbedtls/library/ssl_tls.c:745:6:mbedtls_ssl_print_extensions	56	static
C:/analog/cfs/1.0.1/SDK/MAX/Libraries/USS/maxq10xx-sdk/mbedtls/library/ssl_tls.c:770:6:mbedtls_ssl_print_ticket_flags	40	static
C:/analog/cfs/1.0.1/SDK/MAX/Libraries/USS/maxq10xx-sdk/mbedtls/library/ssl_tls.c:792:6:mbedtls_ssl_optimize_checksum	16	static
C:/analog/cfs/1.0.1/SDK/MAX/Libraries/USS/maxq10xx-sdk/mbedtls/library/ssl_tls.c:813:5:mbedtls_ssl_add_hs_hdr_to_checksum	16	static
C:/analog/cfs/1.0.1/SDK/MAX/Libraries/USS/maxq10xx-sdk/mbedtls/library/ssl_tls.c:828:5:mbedtls_ssl_add_hs_msg_to_checksum	16	static
C:/analog/cfs/1.0.1/SDK/MAX/Libraries/USS/maxq10xx-sdk/mbedtls/library/ssl_tls.c:841:5:mbedtls_ssl_reset_checksum	16	static
C:/analog/cfs/1.0.1/SDK/MAX/Libraries/USS/maxq10xx-sdk/mbedtls/library/ssl_tls.c:1029:6:mbedtls_ssl_transform_init	8	static
C:/analog/cfs/1.0.1/SDK/MAX/Libraries/USS/maxq10xx-sdk/mbedtls/library/ssl_tls.c:1052:6:mbedtls_ssl_session_init	8	static
C:/analog/cfs/1.0.1/SDK/MAX/Libraries/USS/maxq10xx-sdk/mbedtls/library/ssl_tls.c:1303:6:mbedtls_ssl_init	8	static
C:/analog/cfs/1.0.1/SDK/MAX/Libraries/USS/maxq10xx-sdk/mbedtls/library/ssl_tls.c:1482:6:mbedtls_ssl_session_reset_msg_layer	16	static
C:/analog/cfs/1.0.1/SDK/MAX/Libraries/USS/maxq10xx-sdk/mbedtls/library/ssl_tls.c:1626:6:mbedtls_ssl_conf_endpoint	0	static
C:/analog/cfs/1.0.1/SDK/MAX/Libraries/USS/maxq10xx-sdk/mbedtls/library/ssl_tls.c:1631:6:mbedtls_ssl_conf_transport	0	static
C:/analog/cfs/1.0.1/SDK/MAX/Libraries/USS/maxq10xx-sdk/mbedtls/library/ssl_tls.c:1643:6:mbedtls_ssl_conf_dtls_badmac_limit	0	static
C:/analog/cfs/1.0.1/SDK/MAX/Libraries/USS/maxq10xx-sdk/mbedtls/library/ssl_tls.c:1650:6:mbedtls_ssl_set_datagram_packing	0	static
C:/analog/cfs/1.0.1/SDK/MAX/Libraries/USS/maxq10xx-sdk/mbedtls/library/ssl_tls.c:1656:6:mbedtls_ssl_conf_handshake_timeout	0	static
C:/analog/cfs/1.0.1/SDK/MAX/Libraries/USS/maxq10xx-sdk/mbedtls/library/ssl_tls.c:1664:6:mbedtls_ssl_conf_authmode	0	static
C:/analog/cfs/1.0.1/SDK/MAX/Libraries/USS/maxq10xx-sdk/mbedtls/library/ssl_tls.c:1670:6:mbedtls_ssl_conf_verify	0	static
C:/analog/cfs/1.0.1/SDK/MAX/Libraries/USS/maxq10xx-sdk/mbedtls/library/ssl_tls.c:1679:6:mbedtls_ssl_conf_rng	0	static
C:/analog/cfs/1.0.1/SDK/MAX/Libraries/USS/maxq10xx-sdk/mbedtls/library/ssl_tls.c:1687:6:mbedtls_ssl_conf_dbg	0	static
C:/analog/cfs/1.0.1/SDK/MAX/Libraries/USS/maxq10xx-sdk/mbedtls/library/ssl_tls.c:1695:6:mbedtls_ssl_set_bio	0	static
C:/analog/cfs/1.0.1/SDK/MAX/Libraries/USS/maxq10xx-sdk/mbedtls/library/ssl_tls.c:1708:6:mbedtls_ssl_set_mtu	0	static
C:/analog/cfs/1.0.1/SDK/MAX/Libraries/USS/maxq10xx-sdk/mbedtls/library/ssl_tls.c:1714:6:mbedtls_ssl_conf_read_timeout	0	static
C:/analog/cfs/1.0.1/SDK/MAX/Libraries/USS/maxq10xx-sdk/mbedtls/library/ssl_tls.c:1719:6:mbedtls_ssl_set_timer_cb	8	static
C:/analog/cfs/1.0.1/SDK/MAX/Libraries/USS/maxq10xx-sdk/mbedtls/library/ssl_tls.c:1786:6:mbedtls_ssl_conf_ciphersuites	0	static
C:/analog/cfs/1.0.1/SDK/MAX/Libraries/USS/maxq10xx-sdk/mbedtls/library/ssl_tls.c:1793:6:mbedtls_ssl_conf_tls13_key_exchange_modes	0	static
C:/analog/cfs/1.0.1/SDK/MAX/Libraries/USS/maxq10xx-sdk/mbedtls/library/ssl_tls.c:1818:6:mbedtls_ssl_conf_cert_profile	0	static
C:/analog/cfs/1.0.1/SDK/MAX/Libraries/USS/maxq10xx-sdk/mbedtls/library/ssl_tls.c:1873:5:mbedtls_ssl_conf_own_cert	8	static
C:/analog/cfs/1.0.1/SDK/MAX/Libraries/USS/maxq10xx-sdk/mbedtls/library/ssl_tls.c:1880:6:mbedtls_ssl_conf_ca_chain	0	static
C:/analog/cfs/1.0.1/SDK/MAX/Libraries/USS/maxq10xx-sdk/mbedtls/library/ssl_tls.c:1912:22:mbedtls_ssl_get_hs_sni	0	static
C:/analog/cfs/1.0.1/SDK/MAX/Libraries/USS/maxq10xx-sdk/mbedtls/library/ssl_tls.c:1919:5:mbedtls_ssl_set_hs_own_cert	8	static
C:/analog/cfs/1.0.1/SDK/MAX/Libraries/USS/maxq10xx-sdk/mbedtls/library/ssl_tls.c:1927:6:mbedtls_ssl_set_hs_ca_chain	0	static
C:/analog/cfs/1.0.1/SDK/MAX/Libraries/USS/maxq10xx-sdk/mbedtls/library/ssl_tls.c:1936:6:mbedtls_ssl_set_hs_dn_hints	0	static
C:/analog/cfs/1.0.1/SDK/MAX/Libraries/USS/maxq10xx-sdk/mbedtls/library/ssl_tls.c:1943:6:mbedtls_ssl_set_hs_authmode	0	static
C:/analog/cfs/1.0.1/SDK/MAX/Libraries/USS/maxq10xx-sdk/mbedtls/library/ssl_tls.c:1951:6:mbedtls_ssl_set_verify	0	static
C:/analog/cfs/1.0.1/SDK/MAX/Libraries/USS/maxq10xx-sdk/mbedtls/library/ssl_tls.c:2110:5:mbedtls_ssl_conf_has_static_psk	0	static
C:/analog/cfs/1.0.1/SDK/MAX/Libraries/USS/maxq10xx-sdk/mbedtls/library/ssl_tls.c:2184:5:mbedtls_ssl_conf_psk	24	static
C:/analog/cfs/1.0.1/SDK/MAX/Libraries/USS/maxq10xx-sdk/mbedtls/library/ssl_tls.c:2243:5:mbedtls_ssl_set_hs_psk	24	static
C:/analog/cfs/1.0.1/SDK/MAX/Libraries/USS/maxq10xx-sdk/mbedtls/library/ssl_tls.c:2417:20:mbedtls_ssl_get_mode_from_transform	8	static
C:/analog/cfs/1.0.1/SDK/MAX/Libraries/USS/maxq10xx-sdk/mbedtls/library/ssl_tls.c:2435:20:mbedtls_ssl_get_mode_from_ciphersuite	8	static
C:/analog/cfs/1.0.1/SDK/MAX/Libraries/USS/maxq10xx-sdk/mbedtls/library/ssl_tls.c:2723:14:mbedtls_ssl_cipher_to_psa	0	static
C:/analog/cfs/1.0.1/SDK/MAX/Libraries/USS/maxq10xx-sdk/mbedtls/library/ssl_tls.c:2912:6:mbedtls_ssl_conf_dhm_min_bitlen	0	static
C:/analog/cfs/1.0.1/SDK/MAX/Libraries/USS/maxq10xx-sdk/mbedtls/library/ssl_tls.c:2924:6:mbedtls_ssl_conf_sig_hashes	0	static
C:/analog/cfs/1.0.1/SDK/MAX/Libraries/USS/maxq10xx-sdk/mbedtls/library/ssl_tls.c:2932:6:mbedtls_ssl_conf_sig_algs	0	static
C:/analog/cfs/1.0.1/SDK/MAX/Libraries/USS/maxq10xx-sdk/mbedtls/library/ssl_tls.c:2952:6:mbedtls_ssl_conf_curves	0	static
C:/analog/cfs/1.0.1/SDK/MAX/Libraries/USS/maxq10xx-sdk/mbedtls/library/ssl_tls.c:2964:6:mbedtls_ssl_conf_groups	0	static
C:/analog/cfs/1.0.1/SDK/MAX/Libraries/USS/maxq10xx-sdk/mbedtls/library/ssl_tls.c:2974:5:mbedtls_ssl_set_hostname	24	static
C:/analog/cfs/1.0.1/SDK/MAX/Libraries/USS/maxq10xx-sdk/mbedtls/library/ssl_tls.c:3017:6:mbedtls_ssl_conf_sni	0	static
C:/analog/cfs/1.0.1/SDK/MAX/Libraries/USS/maxq10xx-sdk/mbedtls/library/ssl_tls.c:3028:5:mbedtls_ssl_conf_alpn_protocols	24	static
C:/analog/cfs/1.0.1/SDK/MAX/Libraries/USS/maxq10xx-sdk/mbedtls/library/ssl_tls.c:3055:13:mbedtls_ssl_get_alpn_protocol	0	static
C:/analog/cfs/1.0.1/SDK/MAX/Libraries/USS/maxq10xx-sdk/mbedtls/library/ssl_tls.c:3132:6:mbedtls_ssl_conf_max_version	0	static
C:/analog/cfs/1.0.1/SDK/MAX/Libraries/USS/maxq10xx-sdk/mbedtls/library/ssl_tls.c:3137:6:mbedtls_ssl_conf_min_version	0	static
C:/analog/cfs/1.0.1/SDK/MAX/Libraries/USS/maxq10xx-sdk/mbedtls/library/ssl_tls.c:3152:6:mbedtls_ssl_conf_encrypt_then_mac	0	static
C:/analog/cfs/1.0.1/SDK/MAX/Libraries/USS/maxq10xx-sdk/mbedtls/library/ssl_tls.c:3159:6:mbedtls_ssl_conf_extended_master_secret	0	static
C:/analog/cfs/1.0.1/SDK/MAX/Libraries/USS/maxq10xx-sdk/mbedtls/library/ssl_tls.c:3166:5:mbedtls_ssl_conf_max_frag_len	16	static
C:/analog/cfs/1.0.1/SDK/MAX/Libraries/USS/maxq10xx-sdk/mbedtls/library/ssl_tls.c:3179:6:mbedtls_ssl_conf_legacy_renegotiation	0	static
C:/analog/cfs/1.0.1/SDK/MAX/Libraries/USS/maxq10xx-sdk/mbedtls/library/ssl_tls.c:3185:6:mbedtls_ssl_conf_renegotiation	0	static
C:/analog/cfs/1.0.1/SDK/MAX/Libraries/USS/maxq10xx-sdk/mbedtls/library/ssl_tls.c:3190:6:mbedtls_ssl_conf_renegotiation_enforced	0	static
C:/analog/cfs/1.0.1/SDK/MAX/Libraries/USS/maxq10xx-sdk/mbedtls/library/ssl_tls.c:3195:6:mbedtls_ssl_conf_renegotiation_period	0	static
C:/analog/cfs/1.0.1/SDK/MAX/Libraries/USS/maxq10xx-sdk/mbedtls/library/ssl_tls.c:3204:6:mbedtls_ssl_conf_session_tickets	0	static
C:/analog/cfs/1.0.1/SDK/MAX/Libraries/USS/maxq10xx-sdk/mbedtls/library/ssl_tls.c:3232:6:mbedtls_ssl_set_export_keys_cb	0	static
C:/analog/cfs/1.0.1/SDK/MAX/Libraries/USS/maxq10xx-sdk/mbedtls/library/ssl_tls.c:3282:10:mbedtls_ssl_get_verify_result	0	static
C:/analog/cfs/1.0.1/SDK/MAX/Libraries/USS/maxq10xx-sdk/mbedtls/library/ssl_tls.c:3295:5:mbedtls_ssl_get_ciphersuite_id_from_ssl	0	static
C:/analog/cfs/1.0.1/SDK/MAX/Libraries/USS/maxq10xx-sdk/mbedtls/library/ssl_tls.c:3304:13:mbedtls_ssl_get_ciphersuite	8	static
C:/analog/cfs/1.0.1/SDK/MAX/Libraries/USS/maxq10xx-sdk/mbedtls/library/ssl_tls.c:3313:13:mbedtls_ssl_get_version	0	static
C:/analog/cfs/1.0.1/SDK/MAX/Libraries/USS/maxq10xx-sdk/mbedtls/library/ssl_tls.c:3337:8:mbedtls_ssl_get_input_max_frag_len	16	static
C:/analog/cfs/1.0.1/SDK/MAX/Libraries/USS/maxq10xx-sdk/mbedtls/library/ssl_tls.c:3369:8:mbedtls_ssl_get_output_max_frag_len	16	static
C:/analog/cfs/1.0.1/SDK/MAX/Libraries/USS/maxq10xx-sdk/mbedtls/library/ssl_tls.c:3395:8:mbedtls_ssl_get_current_mtu	0	static
C:/analog/cfs/1.0.1/SDK/MAX/Libraries/USS/maxq10xx-sdk/mbedtls/library/ssl_tls.c:3417:5:mbedtls_ssl_get_max_out_record_payload	24	static
C:/analog/cfs/1.0.1/SDK/MAX/Libraries/USS/maxq10xx-sdk/mbedtls/library/ssl_tls.c:3463:5:mbedtls_ssl_get_max_in_record_payload	8	static
C:/analog/cfs/1.0.1/SDK/MAX/Libraries/USS/maxq10xx-sdk/mbedtls/library/ssl_tls.c:3483:25:mbedtls_ssl_get_peer_cert	0	static
C:/analog/cfs/1.0.1/SDK/MAX/Libraries/USS/maxq10xx-sdk/mbedtls/library/ssl_tls.c:3716:5:mbedtls_ssl_session_save	16	static
C:/analog/cfs/1.0.1/SDK/MAX/Libraries/USS/maxq10xx-sdk/mbedtls/library/ssl_tls.c:3846:5:mbedtls_ssl_handshake_step	16	static
C:/analog/cfs/1.0.1/SDK/MAX/Libraries/USS/maxq10xx-sdk/mbedtls/library/ssl_tls.c:3934:5:mbedtls_ssl_handshake	24	static
C:/analog/cfs/1.0.1/SDK/MAX/Libraries/USS/maxq10xx-sdk/mbedtls/library/ssl_tls.c:4097:6:mbedtls_ssl_handshake_free	16	static
C:/analog/cfs/1.0.1/SDK/MAX/Libraries/USS/maxq10xx-sdk/mbedtls/library/ssl_tls.c:4268:6:mbedtls_ssl_session_free	8	static
C:/analog/cfs/1.0.1/SDK/MAX/Libraries/USS/maxq10xx-sdk/mbedtls/library/ssl_tls.c:3794:5:mbedtls_ssl_session_load	16	static
C:/analog/cfs/1.0.1/SDK/MAX/Libraries/USS/maxq10xx-sdk/mbedtls/library/ssl_tls.c:4876:6:mbedtls_ssl_free	24	static
C:/analog/cfs/1.0.1/SDK/MAX/Libraries/USS/maxq10xx-sdk/mbedtls/library/ssl_tls.c:4956:6:mbedtls_ssl_config_init	8	static
C:/analog/cfs/1.0.1/SDK/MAX/Libraries/USS/maxq10xx-sdk/mbedtls/library/ssl_tls.c:5197:5:mbedtls_ssl_config_defaults	24	static
C:/analog/cfs/1.0.1/SDK/MAX/Libraries/USS/maxq10xx-sdk/mbedtls/library/ssl_tls.c:5407:6:mbedtls_ssl_config_free	8	static
C:/analog/cfs/1.0.1/SDK/MAX/Libraries/USS/maxq10xx-sdk/mbedtls/library/ssl_tls.c:5447:15:mbedtls_ssl_sig_from_pk	8	static
C:/analog/cfs/1.0.1/SDK/MAX/Libraries/USS/maxq10xx-sdk/mbedtls/library/ssl_tls.c:5462:15:mbedtls_ssl_sig_from_pk_alg	0	static
C:/analog/cfs/1.0.1/SDK/MAX/Libraries/USS/maxq10xx-sdk/mbedtls/library/ssl_tls.c:5475:19:mbedtls_ssl_pk_alg_from_sig	0	static
C:/analog/cfs/1.0.1/SDK/MAX/Libraries/USS/maxq10xx-sdk/mbedtls/library/ssl_tls.c:5495:19:mbedtls_ssl_md_alg_from_hash	0	static
C:/analog/cfs/1.0.1/SDK/MAX/Libraries/USS/maxq10xx-sdk/mbedtls/library/ssl_tls.c:5530:15:mbedtls_ssl_hash_from_md_alg	0	static
C:/analog/cfs/1.0.1/SDK/MAX/Libraries/USS/maxq10xx-sdk/mbedtls/library/ssl_tls.c:5566:5:mbedtls_ssl_check_curve_tls_id	0	static
C:/analog/cfs/1.0.1/SDK/MAX/Libraries/USS/maxq10xx-sdk/mbedtls/library/ssl_tls.c:5655:5:mbedtls_ssl_get_psa_curve_info_from_tls_id	4	static
C:/analog/cfs/1.0.1/SDK/MAX/Libraries/USS/maxq10xx-sdk/mbedtls/library/ssl_tls.c:5674:22:mbedtls_ssl_get_ecp_group_id_from_tls_id	0	static
C:/analog/cfs/1.0.1/SDK/MAX/Libraries/USS/maxq10xx-sdk/mbedtls/library/ssl_tls.c:5685:10:mbedtls_ssl_get_tls_id_from_ecp_group_id	0	static
C:/analog/cfs/1.0.1/SDK/MAX/Libraries/USS/maxq10xx-sdk/mbedtls/library/ssl_tls.c:1058:12:ssl_handshake_init	40	static
C:/analog/cfs/1.0.1/SDK/MAX/Libraries/USS/maxq10xx-sdk/mbedtls/library/ssl_tls.c:1395:5:mbedtls_ssl_setup	24	static
C:/analog/cfs/1.0.1/SDK/MAX/Libraries/USS/maxq10xx-sdk/mbedtls/library/ssl_tls.c:1564:5:mbedtls_ssl_session_reset_int	16	static
C:/analog/cfs/1.0.1/SDK/MAX/Libraries/USS/maxq10xx-sdk/mbedtls/library/ssl_tls.c:1618:5:mbedtls_ssl_session_reset	8	static
C:/analog/cfs/1.0.1/SDK/MAX/Libraries/USS/maxq10xx-sdk/mbedtls/library/ssl_tls.c:4376:5:mbedtls_ssl_context_save	72	static
C:/analog/cfs/1.0.1/SDK/MAX/Libraries/USS/maxq10xx-sdk/mbedtls/library/ssl_tls.c:4005:5:mbedtls_ssl_start_renegotiation	24	static
C:/analog/cfs/1.0.1/SDK/MAX/Libraries/USS/maxq10xx-sdk/mbedtls/library/ssl_tls.c:4045:5:mbedtls_ssl_renegotiate	24	static
C:/analog/cfs/1.0.1/SDK/MAX/Libraries/USS/maxq10xx-sdk/mbedtls/library/ssl_tls.c:5587:5:mbedtls_ssl_check_curve	8	static
C:/analog/cfs/1.0.1/SDK/MAX/Libraries/USS/maxq10xx-sdk/mbedtls/library/ssl_tls.c:5698:13:mbedtls_ssl_get_curve_name_from_tls_id	0	static
C:/analog/cfs/1.0.1/SDK/MAX/Libraries/USS/maxq10xx-sdk/mbedtls/library/ssl_tls.c:5711:5:mbedtls_ssl_check_cert_usage	24	static
C:/analog/cfs/1.0.1/SDK/MAX/Libraries/USS/maxq10xx-sdk/mbedtls/library/ssl_tls.c:7352:12:ssl_parse_certificate_verify	72	static
C:/analog/cfs/1.0.1/SDK/MAX/Libraries/USS/maxq10xx-sdk/mbedtls/library/ssl_tls.c:5900:5:mbedtls_ssl_get_handshake_transcript	8	static
C:/analog/cfs/1.0.1/SDK/MAX/Libraries/USS/maxq10xx-sdk/mbedtls/library/ssl_tls.c:5974:5:mbedtls_ssl_parse_sig_alg_ext	48	static
C:/analog/cfs/1.0.1/SDK/MAX/Libraries/USS/maxq10xx-sdk/mbedtls/library/ssl_tls.c:6333:5:ssl_set_handshake_prfs	0	static
C:/analog/cfs/1.0.1/SDK/MAX/Libraries/USS/maxq10xx-sdk/mbedtls/library/ssl_tls.c:6387:5:ssl_compute_master	96	static
C:/analog/cfs/1.0.1/SDK/MAX/Libraries/USS/maxq10xx-sdk/mbedtls/library/ssl_tls.c:6586:5:mbedtls_ssl_derive_keys	8	static
C:/analog/cfs/1.0.1/SDK/MAX/Libraries/USS/maxq10xx-sdk/mbedtls/library/ssl_tls.c:6654:5:mbedtls_ssl_set_calc_verify_md	0	static
C:/analog/cfs/1.0.1/SDK/MAX/Libraries/USS/maxq10xx-sdk/mbedtls/library/ssl_tls.c:7004:5:mbedtls_ssl_write_certificate	40	static
C:/analog/cfs/1.0.1/SDK/MAX/Libraries/USS/maxq10xx-sdk/mbedtls/library/ssl_tls.c:7594:5:mbedtls_ssl_parse_certificate	32	static
C:/analog/cfs/1.0.1/SDK/MAX/Libraries/USS/maxq10xx-sdk/mbedtls/library/ssl_tls.c:7927:6:mbedtls_ssl_handshake_wrapup_free_hs_transform	16	static
C:/analog/cfs/1.0.1/SDK/MAX/Libraries/USS/maxq10xx-sdk/mbedtls/library/ssl_tls.c:7951:6:mbedtls_ssl_handshake_wrapup	24	static
C:/analog/cfs/1.0.1/SDK/MAX/Libraries/USS/maxq10xx-sdk/mbedtls/library/ssl_tls.c:8012:5:mbedtls_ssl_write_finished	24	static
C:/analog/cfs/1.0.1/SDK/MAX/Libraries/USS/maxq10xx-sdk/mbedtls/library/ssl_tls.c:8125:5:mbedtls_ssl_parse_finished	40	static
C:/analog/cfs/1.0.1/SDK/MAX/Libraries/USS/maxq10xx-sdk/mbedtls/library/ssl_tls.c:8278:5:ssl_tls12_populate_transform	336	static
C:/analog/cfs/1.0.1/SDK/MAX/Libraries/USS/maxq10xx-sdk/mbedtls/library/ssl_tls.c:4576:12:ssl_context_load	64	static
C:/analog/cfs/1.0.1/SDK/MAX/Libraries/USS/maxq10xx-sdk/mbedtls/library/ssl_tls.c:4859:5:mbedtls_ssl_context_load	16	static
C:/analog/cfs/1.0.1/SDK/MAX/Libraries/USS/maxq10xx-sdk/mbedtls/library/ssl_tls.c:8882:5:mbedtls_ssl_get_key_exchange_md_tls1_2	48	static
C:/analog/cfs/1.0.1/SDK/MAX/Libraries/USS/maxq10xx-sdk/mbedtls/library/ssl_tls.c:8939:14:mbedtls_ssl_tls12_get_preferred_hash_for_sig_alg	4	static
C:/analog/cfs/1.0.1/SDK/MAX/Libraries/USS/maxq10xx-sdk/mbedtls/library/ssl_tls.c:9359:5:mbedtls_ssl_validate_ciphersuite	8	static
C:/analog/cfs/1.0.1/SDK/MAX/Libraries/USS/maxq10xx-sdk/mbedtls/library/ssl_tls.c:9444:5:mbedtls_ssl_write_sig_alg_ext	56	static
C:/analog/cfs/1.0.1/SDK/MAX/Libraries/USS/maxq10xx-sdk/mbedtls/library/ssl_tls.c:9530:5:mbedtls_ssl_parse_server_name_ext	24	static
C:/analog/cfs/1.0.1/SDK/MAX/Libraries/USS/maxq10xx-sdk/mbedtls/library/ssl_tls.c:9584:5:mbedtls_ssl_parse_alpn_ext	48	static
C:/analog/cfs/1.0.1/SDK/MAX/Libraries/USS/maxq10xx-sdk/mbedtls/library/ssl_tls.c:9659:5:mbedtls_ssl_write_alpn_ext	40	static
C:/analog/cfs/1.0.1/SDK/MAX/Libraries/USS/maxq10xx-sdk/mbedtls/library/ssl_tls.c:9708:5:mbedtls_ssl_session_set_hostname	24	static
C:/analog/cfs/1.0.1/SDK/MAX/Libraries/USS/maxq10xx-sdk/mbedtls/library/ssl_tls.c:243:5:mbedtls_ssl_session_copy	16	static
C:/analog/cfs/1.0.1/SDK/MAX/Libraries/USS/maxq10xx-sdk/mbedtls/library/ssl_tls.c:1745:5:mbedtls_ssl_set_session	24	static
C:/analog/cfs/1.0.1/SDK/MAX/Libraries/USS/maxq10xx-sdk/mbedtls/library/ssl_tls.c:3498:5:mbedtls_ssl_get_session	8	static
