C:/analog/cfs/1.0.1/SDK/MAX/Libraries/USS/maxq10xx-sdk/mbedtls/include/psa/crypto_struct.h:360:43:psa_key_attributes_init	56	static
C:/analog/cfs/1.0.1/SDK/MAX/Libraries/USS/maxq10xx-sdk/mbedtls/include/psa/crypto_struct.h:414:20:psa_extend_key_usage_flags	0	static
C:/analog/cfs/1.0.1/SDK/MAX/Libraries/USS/maxq10xx-sdk/mbedtls/library/ssl_misc.h:1633:35:mbedtls_ssl_own_key	0	static
C:/analog/cfs/1.0.1/SDK/MAX/Libraries/USS/maxq10xx-sdk/mbedtls/library/ssl_misc.h:1646:33:mbedtls_ssl_own_cert	0	static
C:/analog/cfs/1.0.1/SDK/MAX/Libraries/USS/maxq10xx-sdk/mbedtls/library/ssl_misc.h:2244:27:mbedtls_ssl_get_sig_algs	0	static
C:/analog/cfs/1.0.1/SDK/MAX/Libraries/USS/maxq10xx-sdk/mbedtls/library/ssl_misc.h:2353:19:mbedtls_ssl_sig_alg_is_offered	8	static
C:/analog/cfs/1.0.1/SDK/MAX/Libraries/USS/maxq10xx-sdk/mbedtls/library/ssl_tls13_generic.c:1311:12:ssl_tls13_write_change_cipher_spec_body	0	static
C:/analog/cfs/1.0.1/SDK/MAX/Libraries/USS/maxq10xx-sdk/mbedtls/library/ssl_tls13_generic.c:131:13:ssl_tls13_create_verify_structure	24	static
C:/analog/cfs/1.0.1/SDK/MAX/Libraries/USS/maxq10xx-sdk/mbedtls/library/ssl_tls13_generic.c:1232:12:ssl_tls13_write_finished_message_body	16	static
C:/analog/cfs/1.0.1/SDK/MAX/Libraries/USS/maxq10xx-sdk/mbedtls/library/ssl_misc.h:2369:19:mbedtls_ssl_get_pk_type_and_md_alg_from_sig_alg	16	static
C:/analog/cfs/1.0.1/SDK/MAX/Libraries/USS/maxq10xx-sdk/mbedtls/library/ssl_tls13_generic.c:168:12:ssl_tls13_parse_certificate_verify	96	static
C:/analog/cfs/1.0.1/SDK/MAX/Libraries/USS/maxq10xx-sdk/mbedtls/library/ssl_tls13_generic.c:806:12:ssl_tls13_write_certificate_body	56	static
C:/analog/cfs/1.0.1/SDK/MAX/Libraries/USS/maxq10xx-sdk/mbedtls/library/ssl_tls13_generic.c:578:12:ssl_tls13_validate_certificate	48	static
C:/analog/cfs/1.0.1/SDK/MAX/Libraries/USS/maxq10xx-sdk/mbedtls/library/ssl_tls13_generic.c:1114:12:ssl_tls13_preprocess_finished_message	24	static
C:/analog/cfs/1.0.1/SDK/MAX/Libraries/USS/maxq10xx-sdk/mbedtls/library/ssl_tls13_generic.c:1211:12:ssl_tls13_prepare_finished_message	24	static
C:/analog/cfs/1.0.1/SDK/MAX/Libraries/USS/maxq10xx-sdk/mbedtls/library/ssl_tls13_generic.c:1134:12:ssl_tls13_parse_finished_message	40	static
C:/analog/cfs/1.0.1/SDK/MAX/Libraries/USS/maxq10xx-sdk/mbedtls/include/psa/crypto_struct.h:457:20:psa_set_key_type	8	static
C:/analog/cfs/1.0.1/SDK/MAX/Libraries/USS/maxq10xx-sdk/mbedtls/library/ssl_tls13_generic.c:60:5:mbedtls_ssl_tls13_fetch_handshake_msg	32	static
C:/analog/cfs/1.0.1/SDK/MAX/Libraries/USS/maxq10xx-sdk/mbedtls/library/ssl_tls13_generic.c:290:5:mbedtls_ssl_tls13_process_certificate_verify	216	static
C:/analog/cfs/1.0.1/SDK/MAX/Libraries/USS/maxq10xx-sdk/mbedtls/library/ssl_tls13_generic.c:870:5:mbedtls_ssl_tls13_write_certificate	40	static
C:/analog/cfs/1.0.1/SDK/MAX/Libraries/USS/maxq10xx-sdk/mbedtls/library/ssl_tls13_generic.c:902:5:mbedtls_ssl_tls13_check_sig_alg_cert_key_match	16	static
C:/analog/cfs/1.0.1/SDK/MAX/Libraries/USS/maxq10xx-sdk/mbedtls/library/ssl_tls13_generic.c:947:12:ssl_tls13_write_certificate_verify_body	288	static
C:/analog/cfs/1.0.1/SDK/MAX/Libraries/USS/maxq10xx-sdk/mbedtls/library/ssl_tls13_generic.c:1075:5:mbedtls_ssl_tls13_write_certificate_verify	40	static
C:/analog/cfs/1.0.1/SDK/MAX/Libraries/USS/maxq10xx-sdk/mbedtls/library/ssl_tls13_generic.c:1175:5:mbedtls_ssl_tls13_process_finished_message	32	static
C:/analog/cfs/1.0.1/SDK/MAX/Libraries/USS/maxq10xx-sdk/mbedtls/library/ssl_tls13_generic.c:1253:5:mbedtls_ssl_tls13_write_finished_message	40	static
C:/analog/cfs/1.0.1/SDK/MAX/Libraries/USS/maxq10xx-sdk/mbedtls/library/ssl_tls13_generic.c:1280:6:mbedtls_ssl_tls13_handshake_wrapup	24	static
C:/analog/cfs/1.0.1/SDK/MAX/Libraries/USS/maxq10xx-sdk/mbedtls/library/ssl_tls13_generic.c:1325:5:mbedtls_ssl_tls13_write_change_cipher_spec	24	static
C:/analog/cfs/1.0.1/SDK/MAX/Libraries/USS/maxq10xx-sdk/mbedtls/library/ssl_tls13_generic.c:1394:5:mbedtls_ssl_reset_transcript_for_hrr	72	static
C:/analog/cfs/1.0.1/SDK/MAX/Libraries/USS/maxq10xx-sdk/mbedtls/library/ssl_tls13_generic.c:1440:5:mbedtls_ssl_tls13_read_public_ecdhe_share	24	static
C:/analog/cfs/1.0.1/SDK/MAX/Libraries/USS/maxq10xx-sdk/mbedtls/library/ssl_tls13_generic.c:1463:5:mbedtls_ssl_tls13_generate_and_write_ecdh_key_exchange	120	static
C:/analog/cfs/1.0.1/SDK/MAX/Libraries/USS/maxq10xx-sdk/mbedtls/library/ssl_tls13_generic.c:1534:5:mbedtls_ssl_tls13_check_received_extension	40	static
C:/analog/cfs/1.0.1/SDK/MAX/Libraries/USS/maxq10xx-sdk/mbedtls/library/ssl_tls13_generic.c:393:5:mbedtls_ssl_tls13_parse_certificate	64	static
C:/analog/cfs/1.0.1/SDK/MAX/Libraries/USS/maxq10xx-sdk/mbedtls/library/ssl_tls13_generic.c:751:5:mbedtls_ssl_tls13_process_certificate	32	static
