C:/analog/cfs/1.0.1/SDK/MAX/Libraries/USS/maxq10xx-sdk/mbedtls/include/mbedtls/psa_util.h:128:31:mbedtls_psa_translate_md	0	static
C:/analog/cfs/1.0.1/SDK/MAX/Libraries/USS/maxq10xx-sdk/mbedtls/library/ssl_misc.h:1646:33:mbedtls_ssl_own_cert	0	static
C:/analog/cfs/1.0.1/SDK/MAX/Libraries/USS/maxq10xx-sdk/mbedtls/library/ssl_misc.h:2184:19:mbedtls_ssl_tls13_named_group_is_ecdhe	0	static
C:/analog/cfs/1.0.1/SDK/MAX/Libraries/USS/maxq10xx-sdk/mbedtls/library/ssl_tls13_client.c:679:12:ssl_tls13_has_configured_ticket	0	static
C:/analog/cfs/1.0.1/SDK/MAX/Libraries/USS/maxq10xx-sdk/mbedtls/library/ssl_tls13_client.c:1863:20:ssl_tls13_get_kex_mode_str	0	static
C:/analog/cfs/1.0.1/SDK/MAX/Libraries/USS/maxq10xx-sdk/mbedtls/library/ssl_tls13_client.c:2659:12:ssl_tls13_flush_buffers	16	static
C:/analog/cfs/1.0.1/SDK/MAX/Libraries/USS/maxq10xx-sdk/mbedtls/library/ssl_tls13_client.c:775:12:ssl_tls13_get_configured_psk_count	24	static
C:/analog/cfs/1.0.1/SDK/MAX/Libraries/USS/maxq10xx-sdk/mbedtls/library/ssl_tls13_client.c:742:12:ssl_tls13_psk_get_identity	24	static
C:/analog/cfs/1.0.1/SDK/MAX/Libraries/USS/maxq10xx-sdk/mbedtls/library/ssl_tls13_client.c:759:12:ssl_tls13_psk_get_psk	24	static
C:/analog/cfs/1.0.1/SDK/MAX/Libraries/USS/maxq10xx-sdk/mbedtls/library/ssl_tls13_client.c:667:24:ssl_tls13_get_ciphersuite_hash_alg	8	static
C:/analog/cfs/1.0.1/SDK/MAX/Libraries/USS/maxq10xx-sdk/mbedtls/library/ssl_tls13_client.c:703:12:ssl_tls13_ticket_get_identity	24	static
C:/analog/cfs/1.0.1/SDK/MAX/Libraries/USS/maxq10xx-sdk/mbedtls/library/ssl_tls13_client.c:721:12:ssl_tls13_ticket_get_psk	24	static
C:/analog/cfs/1.0.1/SDK/MAX/Libraries/USS/maxq10xx-sdk/mbedtls/library/ssl_tls13_client.c:792:12:ssl_tls13_write_identity	40	static
C:/analog/cfs/1.0.1/SDK/MAX/Libraries/USS/maxq10xx-sdk/mbedtls/library/ssl_tls13_client.c:822:12:ssl_tls13_write_binder	80	static
C:/analog/cfs/1.0.1/SDK/MAX/Libraries/USS/maxq10xx-sdk/mbedtls/library/ssl_misc.h:2018:20:mbedtls_ssl_tls13_set_hs_sent_ext_mask	8	static
C:/analog/cfs/1.0.1/SDK/MAX/Libraries/USS/maxq10xx-sdk/mbedtls/library/ssl_tls13_client.c:559:12:ssl_tls13_write_cookie_ext	40	static
C:/analog/cfs/1.0.1/SDK/MAX/Libraries/USS/maxq10xx-sdk/mbedtls/library/ssl_tls13_client.c:607:12:ssl_tls13_write_psk_key_exchange_modes_ext	32	static
C:/analog/cfs/1.0.1/SDK/MAX/Libraries/USS/maxq10xx-sdk/mbedtls/library/ssl_tls13_client.c:51:12:ssl_tls13_write_supported_versions_ext	40	static
C:/analog/cfs/1.0.1/SDK/MAX/Libraries/USS/maxq10xx-sdk/mbedtls/library/ssl_tls13_client.c:216:12:ssl_tls13_get_default_group_id	24	static
C:/analog/cfs/1.0.1/SDK/MAX/Libraries/USS/maxq10xx-sdk/mbedtls/library/ssl_tls13_client.c:264:12:ssl_tls13_write_key_share_ext	56	static
C:/analog/cfs/1.0.1/SDK/MAX/Libraries/USS/maxq10xx-sdk/mbedtls/library/ssl_tls13_client.c:1320:12:ssl_tls13_is_supported_versions_ext_present	24	static
C:/analog/cfs/1.0.1/SDK/MAX/Libraries/USS/maxq10xx-sdk/mbedtls/library/ssl_tls13_client.c:374:12:ssl_tls13_parse_hrr_key_share_ext	40	static
C:/analog/cfs/1.0.1/SDK/MAX/Libraries/USS/maxq10xx-sdk/mbedtls/library/ssl_tls13_client.c:1397:12:ssl_tls13_is_downgrade_negotiation	24	static
C:/analog/cfs/1.0.1/SDK/MAX/Libraries/USS/maxq10xx-sdk/mbedtls/library/ssl_tls13_client.c:1429:12:ssl_server_hello_is_hrr	24	static
C:/analog/cfs/1.0.1/SDK/MAX/Libraries/USS/maxq10xx-sdk/mbedtls/library/ssl_tls13_client.c:1561:12:ssl_tls13_check_server_hello_session_id_echo	48	static
C:/analog/cfs/1.0.1/SDK/MAX/Libraries/USS/maxq10xx-sdk/mbedtls/library/ssl_tls13_client.c:179:12:ssl_tls13_reset_key_share	24	static
C:/analog/cfs/1.0.1/SDK/MAX/Libraries/USS/maxq10xx-sdk/mbedtls/library/ssl_tls13_client.c:1468:12:ssl_tls13_preprocess_server_hello	32	static
C:/analog/cfs/1.0.1/SDK/MAX/Libraries/USS/maxq10xx-sdk/mbedtls/library/ssl_tls13_client.c:103:12:ssl_tls13_parse_supported_versions_ext	24	static
C:/analog/cfs/1.0.1/SDK/MAX/Libraries/USS/maxq10xx-sdk/mbedtls/library/ssl_tls13_client.c:526:12:ssl_tls13_parse_cookie_ext	40	static
C:/analog/cfs/1.0.1/SDK/MAX/Libraries/USS/maxq10xx-sdk/mbedtls/library/ssl_tls13_client.c:1087:12:ssl_tls13_parse_server_pre_shared_key_ext	40	static
C:/analog/cfs/1.0.1/SDK/MAX/Libraries/USS/maxq10xx-sdk/mbedtls/library/ssl_tls13_client.c:456:12:ssl_tls13_parse_key_share_ext	40	static
C:/analog/cfs/1.0.1/SDK/MAX/Libraries/USS/maxq10xx-sdk/mbedtls/library/ssl_tls13_client.c:1608:12:ssl_tls13_parse_server_hello	80	static
C:/analog/cfs/1.0.1/SDK/MAX/Libraries/USS/maxq10xx-sdk/mbedtls/library/ssl_tls13_client.c:2006:12:ssl_tls13_postprocess_hrr	8	static
C:/analog/cfs/1.0.1/SDK/MAX/Libraries/USS/maxq10xx-sdk/mbedtls/library/ssl_tls13_client.c:1879:12:ssl_tls13_postprocess_server_hello	24	static
C:/analog/cfs/1.0.1/SDK/MAX/Libraries/USS/maxq10xx-sdk/mbedtls/library/ssl_tls13_client.c:2032:12:ssl_tls13_process_server_hello	48	static
C:/analog/cfs/1.0.1/SDK/MAX/Libraries/USS/maxq10xx-sdk/mbedtls/library/ssl_tls13_client.c:2682:12:ssl_tls13_parse_new_session_ticket_exts	48	static
C:/analog/cfs/1.0.1/SDK/MAX/Libraries/USS/maxq10xx-sdk/mbedtls/library/ssl_tls13_client.c:2756:12:ssl_tls13_parse_new_session_ticket	48	static
C:/analog/cfs/1.0.1/SDK/MAX/Libraries/USS/maxq10xx-sdk/mbedtls/library/ssl_tls13_client.c:131:12:ssl_tls13_parse_alpn_ext	32	static
C:/analog/cfs/1.0.1/SDK/MAX/Libraries/USS/maxq10xx-sdk/mbedtls/library/ssl_tls13_client.c:2106:12:ssl_tls13_parse_encrypted_extensions	56	static
C:/analog/cfs/1.0.1/SDK/MAX/Libraries/USS/maxq10xx-sdk/mbedtls/library/ssl_tls13_client.c:2214:12:ssl_tls13_process_encrypted_extensions	32	static
C:/analog/cfs/1.0.1/SDK/MAX/Libraries/USS/maxq10xx-sdk/mbedtls/library/ssl_tls13_client.c:2312:12:ssl_tls13_certificate_request_coordinate	24	static
C:/analog/cfs/1.0.1/SDK/MAX/Libraries/USS/maxq10xx-sdk/mbedtls/library/ssl_tls13_client.c:2342:12:ssl_tls13_parse_certificate_request	48	static
C:/analog/cfs/1.0.1/SDK/MAX/Libraries/USS/maxq10xx-sdk/mbedtls/library/ssl_tls13_client.c:2463:12:ssl_tls13_process_certificate_request	32	static
C:/analog/cfs/1.0.1/SDK/MAX/Libraries/USS/maxq10xx-sdk/mbedtls/library/ssl_tls13_client.c:2505:12:ssl_tls13_process_server_certificate	8	static
C:/analog/cfs/1.0.1/SDK/MAX/Libraries/USS/maxq10xx-sdk/mbedtls/library/ssl_tls13_client.c:2522:12:ssl_tls13_process_certificate_verify	8	static
C:/analog/cfs/1.0.1/SDK/MAX/Libraries/USS/maxq10xx-sdk/mbedtls/library/ssl_tls13_client.c:2540:12:ssl_tls13_process_server_finished	16	static
C:/analog/cfs/1.0.1/SDK/MAX/Libraries/USS/maxq10xx-sdk/mbedtls/library/ssl_tls13_client.c:2272:12:ssl_tls13_write_end_of_early_data	32	static
C:/analog/cfs/1.0.1/SDK/MAX/Libraries/USS/maxq10xx-sdk/mbedtls/library/ssl_tls13_client.c:2580:12:ssl_tls13_write_client_certificate	24	static
C:/analog/cfs/1.0.1/SDK/MAX/Libraries/USS/maxq10xx-sdk/mbedtls/library/ssl_tls13_client.c:2619:12:ssl_tls13_write_client_certificate_verify	8	static
C:/analog/cfs/1.0.1/SDK/MAX/Libraries/USS/maxq10xx-sdk/mbedtls/library/ssl_tls13_client.c:2635:12:ssl_tls13_write_client_finished	24	static
C:/analog/cfs/1.0.1/SDK/MAX/Libraries/USS/maxq10xx-sdk/mbedtls/library/ssl_tls13_client.c:2670:12:ssl_tls13_handshake_wrapup	8	static
C:/analog/cfs/1.0.1/SDK/MAX/Libraries/USS/maxq10xx-sdk/mbedtls/library/ssl_tls13_client.c:2845:12:ssl_tls13_postprocess_new_session_ticket	64	static
C:/analog/cfs/1.0.1/SDK/MAX/Libraries/USS/maxq10xx-sdk/mbedtls/library/ssl_tls13_client.c:2918:12:ssl_tls13_process_new_session_ticket	40	static
C:/analog/cfs/1.0.1/SDK/MAX/Libraries/USS/maxq10xx-sdk/mbedtls/library/ssl_tls13_client.c:893:5:mbedtls_ssl_tls13_write_identities_of_pre_shared_key_ext	64	static
C:/analog/cfs/1.0.1/SDK/MAX/Libraries/USS/maxq10xx-sdk/mbedtls/library/ssl_tls13_client.c:1011:5:mbedtls_ssl_tls13_write_binders_of_pre_shared_key_ext	56	static
C:/analog/cfs/1.0.1/SDK/MAX/Libraries/USS/maxq10xx-sdk/mbedtls/library/ssl_tls13_client.c:1146:5:mbedtls_ssl_tls13_write_client_hello_exts	32	static
C:/analog/cfs/1.0.1/SDK/MAX/Libraries/USS/maxq10xx-sdk/mbedtls/library/ssl_tls13_client.c:1229:5:mbedtls_ssl_tls13_finalize_client_hello	0	static
C:/analog/cfs/1.0.1/SDK/MAX/Libraries/USS/maxq10xx-sdk/mbedtls/library/ssl_tls13_client.c:2948:5:mbedtls_ssl_tls13_handshake_client_step	16	static
