C:/analog/cfs/1.0.1/SDK/MAX/Libraries/USS/maxq10xx-sdk/mbedtls/include/psa/crypto_struct.h:414:20:psa_extend_key_usage_flags	0	static
C:/analog/cfs/1.0.1/SDK/MAX/Libraries/USS/maxq10xx-sdk/mbedtls/include/mbedtls/psa_util.h:128:31:mbedtls_psa_translate_md	0	static
C:/analog/cfs/1.0.1/SDK/MAX/Libraries/USS/maxq10xx-sdk/mbedtls/library/ssl_misc.h:2184:19:mbedtls_ssl_tls13_named_group_is_ecdhe	0	static
C:/analog/cfs/1.0.1/SDK/MAX/Libraries/USS/maxq10xx-sdk/mbedtls/library/ssl_tls13_keys.c:111:13:ssl_tls13_hkdf_encode_label	24	static
C:/analog/cfs/1.0.1/SDK/MAX/Libraries/USS/maxq10xx-sdk/mbedtls/include/psa/crypto_struct.h:457:20:psa_set_key_type	8	static
C:/analog/cfs/1.0.1/SDK/MAX/Libraries/USS/maxq10xx-sdk/mbedtls/library/ssl_tls13_keys.c:1134:12:ssl_tls13_get_cipher_key_info	40	static
C:/analog/cfs/1.0.1/SDK/MAX/Libraries/USS/maxq10xx-sdk/mbedtls/library/ssl_tls13_keys.c:152:5:mbedtls_ssl_tls13_hkdf_expand_label	416	static
C:/analog/cfs/1.0.1/SDK/MAX/Libraries/USS/maxq10xx-sdk/mbedtls/library/ssl_tls13_keys.c:242:12:ssl_tls13_make_traffic_key	48	static
C:/analog/cfs/1.0.1/SDK/MAX/Libraries/USS/maxq10xx-sdk/mbedtls/library/ssl_tls13_keys.c:728:12:ssl_tls13_calc_finished_core	128	static
C:/analog/cfs/1.0.1/SDK/MAX/Libraries/USS/maxq10xx-sdk/mbedtls/library/ssl_tls13_keys.c:285:5:mbedtls_ssl_tls13_make_traffic_keys	48	static
C:/analog/cfs/1.0.1/SDK/MAX/Libraries/USS/maxq10xx-sdk/mbedtls/library/ssl_tls13_keys.c:324:5:mbedtls_ssl_tls13_derive_secret	80	static
C:/analog/cfs/1.0.1/SDK/MAX/Libraries/USS/maxq10xx-sdk/mbedtls/library/ssl_tls13_keys.c:363:5:mbedtls_ssl_tls13_evolve_secret	408	static
C:/analog/cfs/1.0.1/SDK/MAX/Libraries/USS/maxq10xx-sdk/mbedtls/library/ssl_tls13_keys.c:1501:12:ssl_tls13_key_schedule_stage_handshake	80	static
C:/analog/cfs/1.0.1/SDK/MAX/Libraries/USS/maxq10xx-sdk/mbedtls/library/ssl_tls13_keys.c:702:12:ssl_tls13_key_schedule_stage_application	40	static
C:/analog/cfs/1.0.1/SDK/MAX/Libraries/USS/maxq10xx-sdk/mbedtls/library/ssl_tls13_keys.c:462:5:mbedtls_ssl_tls13_derive_early_secrets	56	static
C:/analog/cfs/1.0.1/SDK/MAX/Libraries/USS/maxq10xx-sdk/mbedtls/library/ssl_tls13_keys.c:518:5:mbedtls_ssl_tls13_derive_handshake_secrets	56	static
C:/analog/cfs/1.0.1/SDK/MAX/Libraries/USS/maxq10xx-sdk/mbedtls/library/ssl_tls13_keys.c:1375:12:ssl_tls13_generate_handshake_keys	112	static
C:/analog/cfs/1.0.1/SDK/MAX/Libraries/USS/maxq10xx-sdk/mbedtls/library/ssl_tls13_keys.c:582:5:mbedtls_ssl_tls13_derive_application_secrets	56	static
C:/analog/cfs/1.0.1/SDK/MAX/Libraries/USS/maxq10xx-sdk/mbedtls/library/ssl_tls13_keys.c:1611:12:ssl_tls13_generate_application_keys	112	static
C:/analog/cfs/1.0.1/SDK/MAX/Libraries/USS/maxq10xx-sdk/mbedtls/library/ssl_tls13_keys.c:655:5:mbedtls_ssl_tls13_derive_resumption_master_secret	40	static
C:/analog/cfs/1.0.1/SDK/MAX/Libraries/USS/maxq10xx-sdk/mbedtls/library/ssl_tls13_keys.c:815:5:mbedtls_ssl_tls13_calculate_verify_data	96	static
C:/analog/cfs/1.0.1/SDK/MAX/Libraries/USS/maxq10xx-sdk/mbedtls/library/ssl_tls13_keys.c:880:5:mbedtls_ssl_tls13_create_psk_binder	120	static
C:/analog/cfs/1.0.1/SDK/MAX/Libraries/USS/maxq10xx-sdk/mbedtls/library/ssl_tls13_keys.c:968:5:mbedtls_ssl_tls13_populate_transform	48	static
C:/analog/cfs/1.0.1/SDK/MAX/Libraries/USS/maxq10xx-sdk/mbedtls/library/ssl_tls13_keys.c:1733:5:mbedtls_ssl_tls13_compute_handshake_transform	136	static
C:/analog/cfs/1.0.1/SDK/MAX/Libraries/USS/maxq10xx-sdk/mbedtls/library/ssl_tls13_keys.c:1783:5:mbedtls_ssl_tls13_compute_resumption_master_secret	80	static
C:/analog/cfs/1.0.1/SDK/MAX/Libraries/USS/maxq10xx-sdk/mbedtls/library/ssl_tls13_keys.c:1825:5:mbedtls_ssl_tls13_compute_application_transform	128	static
C:/analog/cfs/1.0.1/SDK/MAX/Libraries/USS/maxq10xx-sdk/mbedtls/library/ssl_tls13_keys.c:1875:5:mbedtls_ssl_tls13_export_handshake_psk	0	static
C:/analog/cfs/1.0.1/SDK/MAX/Libraries/USS/maxq10xx-sdk/mbedtls/library/ssl_tls13_keys.c:1316:5:mbedtls_ssl_tls13_key_schedule_stage_early	48	static
