C:/analog/cfs/1.0.1/SDK/MAX/Libraries/USS/maxq10xx-sdk/mbedtls/library/ssl_misc.h:1633:35:mbedtls_ssl_own_key	0	static
C:/analog/cfs/1.0.1/SDK/MAX/Libraries/USS/maxq10xx-sdk/mbedtls/library/ssl_misc.h:1646:33:mbedtls_ssl_own_cert	0	static
C:/analog/cfs/1.0.1/SDK/MAX/Libraries/USS/maxq10xx-sdk/mbedtls/library/ssl_misc.h:2244:27:mbedtls_ssl_get_sig_algs	0	static
C:/analog/cfs/1.0.1/SDK/MAX/Libraries/USS/maxq10xx-sdk/mbedtls/library/ssl_misc.h:2353:19:mbedtls_ssl_sig_alg_is_offered	8	static
C:/analog/cfs/1.0.1/SDK/MAX/Libraries/USS/maxq10xx-sdk/mbedtls/library/ssl_misc.h:2407:19:mbedtls_ssl_tls12_sig_alg_is_supported	0	static
C:/analog/cfs/1.0.1/SDK/MAX/Libraries/USS/maxq10xx-sdk/mbedtls/library/ssl_misc.h:2468:19:mbedtls_ssl_sig_alg_is_supported	8	static
C:/analog/cfs/1.0.1/SDK/MAX/Libraries/USS/maxq10xx-sdk/mbedtls/library/ssl_tls12_client.c:107:12:ssl_write_supported_point_formats_ext	24	static
C:/analog/cfs/1.0.1/SDK/MAX/Libraries/USS/maxq10xx-sdk/mbedtls/library/ssl_tls12_client.c:270:12:ssl_write_max_fragment_length_ext	32	static
C:/analog/cfs/1.0.1/SDK/MAX/Libraries/USS/maxq10xx-sdk/mbedtls/library/ssl_tls12_client.c:304:12:ssl_write_encrypt_then_mac_ext	32	static
C:/analog/cfs/1.0.1/SDK/MAX/Libraries/USS/maxq10xx-sdk/mbedtls/library/ssl_tls12_client.c:336:12:ssl_write_extended_ms_ext	32	static
C:/analog/cfs/1.0.1/SDK/MAX/Libraries/USS/maxq10xx-sdk/mbedtls/library/ssl_tls12_client.c:1874:12:ssl_parse_server_psk_hint	16	static
C:/analog/cfs/1.0.1/SDK/MAX/Libraries/USS/maxq10xx-sdk/mbedtls/library/ssl_tls12_client.c:64:12:ssl_write_renegotiation_ext	32	static
C:/analog/cfs/1.0.1/SDK/MAX/Libraries/USS/maxq10xx-sdk/mbedtls/library/ssl_tls12_client.c:227:12:ssl_write_cid_ext	32	static
C:/analog/cfs/1.0.1/SDK/MAX/Libraries/USS/maxq10xx-sdk/mbedtls/library/ssl_tls12_client.c:368:12:ssl_write_session_ticket_ext	32	static
C:/analog/cfs/1.0.1/SDK/MAX/Libraries/USS/maxq10xx-sdk/mbedtls/library/ssl_tls12_client.c:667:12:ssl_parse_max_fragment_length_ext	16	static
C:/analog/cfs/1.0.1/SDK/MAX/Libraries/USS/maxq10xx-sdk/mbedtls/library/ssl_tls12_client.c:746:12:ssl_parse_encrypt_then_mac_ext	16	static
C:/analog/cfs/1.0.1/SDK/MAX/Libraries/USS/maxq10xx-sdk/mbedtls/library/ssl_tls12_client.c:771:12:ssl_parse_extended_ms_ext	16	static
C:/analog/cfs/1.0.1/SDK/MAX/Libraries/USS/maxq10xx-sdk/mbedtls/library/ssl_tls12_client.c:796:12:ssl_parse_session_ticket_ext	16	static
C:/analog/cfs/1.0.1/SDK/MAX/Libraries/USS/maxq10xx-sdk/mbedtls/library/ssl_tls12_client.c:822:12:ssl_parse_supported_point_formats_ext	16	static
C:/analog/cfs/1.0.1/SDK/MAX/Libraries/USS/maxq10xx-sdk/mbedtls/library/ssl_tls12_client.c:693:12:ssl_parse_cid_ext	40	static
C:/analog/cfs/1.0.1/SDK/MAX/Libraries/USS/maxq10xx-sdk/mbedtls/library/ssl_tls12_client.c:1101:12:ssl_parse_hello_verify_request	40	static
C:/analog/cfs/1.0.1/SDK/MAX/Libraries/USS/maxq10xx-sdk/mbedtls/library/ssl_tls12_client.c:2745:12:ssl_parse_server_hello_done	24	static
C:/analog/cfs/1.0.1/SDK/MAX/Libraries/USS/maxq10xx-sdk/mbedtls/library/ssl_tls12_client.c:626:12:ssl_parse_renegotiation_info	24	static
C:/analog/cfs/1.0.1/SDK/MAX/Libraries/USS/maxq10xx-sdk/mbedtls/library/ssl_tls12_client.c:920:12:ssl_parse_alpn_ext	32	static
C:/analog/cfs/1.0.1/SDK/MAX/Libraries/USS/maxq10xx-sdk/mbedtls/library/ssl_tls12_client.c:1189:12:ssl_parse_server_hello	64	static
C:/analog/cfs/1.0.1/SDK/MAX/Libraries/USS/maxq10xx-sdk/mbedtls/library/ssl_tls12_client.c:1796:12:ssl_check_server_ecdh_params	24	static
C:/analog/cfs/1.0.1/SDK/MAX/Libraries/USS/maxq10xx-sdk/mbedtls/library/ssl_tls12_client.c:2008:12:ssl_get_ecdh_params_from_cert	40	static
C:/analog/cfs/1.0.1/SDK/MAX/Libraries/USS/maxq10xx-sdk/mbedtls/library/ssl_tls12_client.c:1675:12:ssl_parse_server_dh_params	32	static
C:/analog/cfs/1.0.1/SDK/MAX/Libraries/USS/maxq10xx-sdk/mbedtls/library/ssl_tls12_client.c:1835:12:ssl_parse_server_ecdh_params	24	static
C:/analog/cfs/1.0.1/SDK/MAX/Libraries/USS/maxq10xx-sdk/mbedtls/library/ssl_misc.h:2369:19:mbedtls_ssl_get_pk_type_and_md_alg_from_sig_alg	16	static
C:/analog/cfs/1.0.1/SDK/MAX/Libraries/USS/maxq10xx-sdk/mbedtls/library/ssl_tls12_client.c:2095:12:ssl_parse_server_key_exchange	80	static
C:/analog/cfs/1.0.1/SDK/MAX/Libraries/USS/maxq10xx-sdk/mbedtls/library/ssl_tls12_client.c:2560:12:ssl_parse_certificate_request	344	static
C:/analog/cfs/1.0.1/SDK/MAX/Libraries/USS/maxq10xx-sdk/mbedtls/library/ssl_tls12_client.c:1919:12:ssl_write_encrypted_pms	32	static
C:/analog/cfs/1.0.1/SDK/MAX/Libraries/USS/maxq10xx-sdk/mbedtls/library/ssl_tls12_client.c:2783:12:ssl_write_client_key_exchange	40	static
C:/analog/cfs/1.0.1/SDK/MAX/Libraries/USS/maxq10xx-sdk/mbedtls/library/ssl_tls12_client.c:3350:12:ssl_write_certificate_verify	104	static
C:/analog/cfs/1.0.1/SDK/MAX/Libraries/USS/maxq10xx-sdk/mbedtls/library/ssl_tls12_client.c:3492:12:ssl_parse_new_session_ticket	40	static
C:/analog/cfs/1.0.1/SDK/MAX/Libraries/USS/maxq10xx-sdk/mbedtls/library/ssl_tls12_client.c:523:5:mbedtls_ssl_tls12_write_client_hello_exts	48	static
C:/analog/cfs/1.0.1/SDK/MAX/Libraries/USS/maxq10xx-sdk/mbedtls/library/ssl_tls12_client.c:3606:5:mbedtls_ssl_handshake_client_step	16	static
