C:/analog/cfs/1.0.1/SDK/MAX/Libraries/USS/maxq10xx-sdk/mbedtls/library/ssl_msg.c:314:15:ssl_compute_padding_length	0	static
C:/analog/cfs/1.0.1/SDK/MAX/Libraries/USS/maxq10xx-sdk/mbedtls/library/ssl_msg.c:379:12:ssl_parse_inner_plaintext	4	static
C:/analog/cfs/1.0.1/SDK/MAX/Libraries/USS/maxq10xx-sdk/mbedtls/library/ssl_msg.c:643:12:ssl_transform_aead_dynamic_iv_is_explicit	0	static
C:/analog/cfs/1.0.1/SDK/MAX/Libraries/USS/maxq10xx-sdk/mbedtls/library/ssl_msg.c:2970:17:ssl_get_hs_frag_len	0	static
C:/analog/cfs/1.0.1/SDK/MAX/Libraries/USS/maxq10xx-sdk/mbedtls/library/ssl_msg.c:2977:17:ssl_get_hs_frag_off	0	static
C:/analog/cfs/1.0.1/SDK/MAX/Libraries/USS/maxq10xx-sdk/mbedtls/library/ssl_msg.c:3055:12:ssl_bitmask_check	4	static
C:/analog/cfs/1.0.1/SDK/MAX/Libraries/USS/maxq10xx-sdk/mbedtls/library/ssl_msg.c:3075:15:ssl_get_reassembly_buffer_size	0	static
C:/analog/cfs/1.0.1/SDK/MAX/Libraries/USS/maxq10xx-sdk/mbedtls/library/ssl_msg.c:3092:17:ssl_get_hs_total_len	0	static
C:/analog/cfs/1.0.1/SDK/MAX/Libraries/USS/maxq10xx-sdk/mbedtls/library/ssl_msg.c:2985:12:ssl_check_hs_header	16	static
C:/analog/cfs/1.0.1/SDK/MAX/Libraries/USS/maxq10xx-sdk/mbedtls/library/ssl_msg.c:3557:12:ssl_check_record_type	0	static
C:/analog/cfs/1.0.1/SDK/MAX/Libraries/USS/maxq10xx-sdk/mbedtls/library/ssl_msg.c:4067:12:ssl_next_record_is_in_datagram	0	static
C:/analog/cfs/1.0.1/SDK/MAX/Libraries/USS/maxq10xx-sdk/mbedtls/library/ssl_msg.c:4491:12:ssl_record_is_in_progress	0	static
C:/analog/cfs/1.0.1/SDK/MAX/Libraries/USS/maxq10xx-sdk/mbedtls/library/ssl_msg.c:5073:15:ssl_transform_get_explicit_iv_len	0	static
C:/analog/cfs/1.0.1/SDK/MAX/Libraries/USS/maxq10xx-sdk/mbedtls/library/ssl_msg.c:266:12:ssl_double_retransmit_timeout	16	static
C:/analog/cfs/1.0.1/SDK/MAX/Libraries/USS/maxq10xx-sdk/mbedtls/library/ssl_msg.c:300:13:ssl_reset_retransmit_timeout	16	static
C:/analog/cfs/1.0.1/SDK/MAX/Libraries/USS/maxq10xx-sdk/mbedtls/library/ssl_msg.c:5376:12:ssl_tls13_check_new_session_ticket	16	static
C:/analog/cfs/1.0.1/SDK/MAX/Libraries/USS/maxq10xx-sdk/mbedtls/library/ssl_msg.c:5395:12:ssl_tls13_handle_hs_message_post_handshake	16	static
C:/analog/cfs/1.0.1/SDK/MAX/Libraries/USS/maxq10xx-sdk/mbedtls/library/ssl_msg.c:4077:12:ssl_load_buffered_message	40	static
C:/analog/cfs/1.0.1/SDK/MAX/Libraries/USS/maxq10xx-sdk/mbedtls/library/ssl_msg.c:349:12:ssl_build_inner_plaintext	16	static
C:/analog/cfs/1.0.1/SDK/MAX/Libraries/USS/maxq10xx-sdk/mbedtls/library/ssl_msg.c:672:13:ssl_build_record_nonce	24	static
C:/analog/cfs/1.0.1/SDK/MAX/Libraries/USS/maxq10xx-sdk/mbedtls/library/ssl_msg.c:3011:13:ssl_bitmask_set	16	static
C:/analog/cfs/1.0.1/SDK/MAX/Libraries/USS/maxq10xx-sdk/mbedtls/library/ssl_msg.c:451:13:ssl_extract_add_data_from_record	32	static
C:/analog/cfs/1.0.1/SDK/MAX/Libraries/USS/maxq10xx-sdk/mbedtls/library/ssl_msg.c:2960:12:ssl_hs_is_proper_fragment	8	static
C:/analog/cfs/1.0.1/SDK/MAX/Libraries/USS/maxq10xx-sdk/mbedtls/library/ssl_msg.c:4410:12:ssl_consume_current_message	24	static
C:/analog/cfs/1.0.1/SDK/MAX/Libraries/USS/maxq10xx-sdk/mbedtls/library/ssl_msg.c:5915:13:ssl_buffering_free_slot	24	static
C:/analog/cfs/1.0.1/SDK/MAX/Libraries/USS/maxq10xx-sdk/mbedtls/library/ssl_msg.c:4502:13:ssl_free_buffered_record	8	static
C:/analog/cfs/1.0.1/SDK/MAX/Libraries/USS/maxq10xx-sdk/mbedtls/library/ssl_msg.c:4519:12:ssl_load_buffered_record	32	static
C:/analog/cfs/1.0.1/SDK/MAX/Libraries/USS/maxq10xx-sdk/mbedtls/library/ssl_msg.c:4168:12:ssl_buffer_make_space	32	static
C:/analog/cfs/1.0.1/SDK/MAX/Libraries/USS/maxq10xx-sdk/mbedtls/library/ssl_msg.c:175:15:ssl_get_maximum_datagram_size	8	static
C:/analog/cfs/1.0.1/SDK/MAX/Libraries/USS/maxq10xx-sdk/mbedtls/library/ssl_msg.c:192:12:ssl_get_remaining_space_in_datagram	8	static
C:/analog/cfs/1.0.1/SDK/MAX/Libraries/USS/maxq10xx-sdk/mbedtls/library/ssl_msg.c:2286:12:ssl_flight_append	32	static
C:/analog/cfs/1.0.1/SDK/MAX/Libraries/USS/maxq10xx-sdk/mbedtls/library/ssl_msg.c:4579:12:ssl_buffer_future_record	40	static
C:/analog/cfs/1.0.1/SDK/MAX/Libraries/USS/maxq10xx-sdk/mbedtls/library/ssl_msg.c:4210:12:ssl_buffer_message	72	static
C:/analog/cfs/1.0.1/SDK/MAX/Libraries/USS/maxq10xx-sdk/mbedtls/library/ssl_msg.c:5344:12:ssl_check_ctr_renegotiate	32	static
C:/analog/cfs/1.0.1/SDK/MAX/Libraries/USS/maxq10xx-sdk/mbedtls/library/ssl_msg.c:70:6:mbedtls_ssl_set_timer	24	static
C:/analog/cfs/1.0.1/SDK/MAX/Libraries/USS/maxq10xx-sdk/mbedtls/library/ssl_msg.c:83:5:mbedtls_ssl_check_timer	16	static
C:/analog/cfs/1.0.1/SDK/MAX/Libraries/USS/maxq10xx-sdk/mbedtls/library/ssl_msg.c:688:5:mbedtls_ssl_encrypt_buf	176	static
C:/analog/cfs/1.0.1/SDK/MAX/Libraries/USS/maxq10xx-sdk/mbedtls/library/ssl_msg.c:1312:5:mbedtls_ssl_decrypt_buf	224	static
C:/analog/cfs/1.0.1/SDK/MAX/Libraries/USS/maxq10xx-sdk/mbedtls/library/ssl_msg.c:3837:12:ssl_prepare_record_content	40	static
C:/analog/cfs/1.0.1/SDK/MAX/Libraries/USS/maxq10xx-sdk/mbedtls/library/ssl_msg.c:2331:6:mbedtls_ssl_flight_free	16	static
C:/analog/cfs/1.0.1/SDK/MAX/Libraries/USS/maxq10xx-sdk/mbedtls/library/ssl_msg.c:2589:6:mbedtls_ssl_send_flight_completed	8	static
C:/analog/cfs/1.0.1/SDK/MAX/Libraries/USS/maxq10xx-sdk/mbedtls/library/ssl_msg.c:2606:5:mbedtls_ssl_start_handshake_msg	4	static
C:/analog/cfs/1.0.1/SDK/MAX/Libraries/USS/maxq10xx-sdk/mbedtls/library/ssl_msg.c:3182:5:mbedtls_ssl_update_handshake_status	24	static
C:/analog/cfs/1.0.1/SDK/MAX/Libraries/USS/maxq10xx-sdk/mbedtls/library/ssl_msg.c:5079:6:mbedtls_ssl_update_out_pointers	16	static
C:/analog/cfs/1.0.1/SDK/MAX/Libraries/USS/maxq10xx-sdk/mbedtls/library/ssl_msg.c:2220:5:mbedtls_ssl_flush_output	32	static
C:/analog/cfs/1.0.1/SDK/MAX/Libraries/USS/maxq10xx-sdk/mbedtls/library/ssl_msg.c:2350:12:ssl_swap_epochs	24	static
C:/analog/cfs/1.0.1/SDK/MAX/Libraries/USS/maxq10xx-sdk/mbedtls/library/ssl_msg.c:5120:6:mbedtls_ssl_update_in_pointers	0	static
C:/analog/cfs/1.0.1/SDK/MAX/Libraries/USS/maxq10xx-sdk/mbedtls/library/ssl_msg.c:5165:6:mbedtls_ssl_reset_in_out_pointers	8	static
C:/analog/cfs/1.0.1/SDK/MAX/Libraries/USS/maxq10xx-sdk/mbedtls/library/ssl_msg.c:5188:8:mbedtls_ssl_get_bytes_avail	0	static
C:/analog/cfs/1.0.1/SDK/MAX/Libraries/USS/maxq10xx-sdk/mbedtls/library/ssl_msg.c:5193:5:mbedtls_ssl_check_pending	16	static
C:/analog/cfs/1.0.1/SDK/MAX/Libraries/USS/maxq10xx-sdk/mbedtls/library/ssl_msg.c:5246:5:mbedtls_ssl_get_record_expansion	16	static
C:/analog/cfs/1.0.1/SDK/MAX/Libraries/USS/maxq10xx-sdk/mbedtls/library/ssl_msg.c:208:12:ssl_get_remaining_payload_in_datagram	16	static
C:/analog/cfs/1.0.1/SDK/MAX/Libraries/USS/maxq10xx-sdk/mbedtls/library/ssl_msg.c:5856:6:mbedtls_ssl_transform_free	8	static
C:/analog/cfs/1.0.1/SDK/MAX/Libraries/USS/maxq10xx-sdk/mbedtls/library/ssl_msg.c:5883:6:mbedtls_ssl_set_inbound_transform	0	static
C:/analog/cfs/1.0.1/SDK/MAX/Libraries/USS/maxq10xx-sdk/mbedtls/library/ssl_msg.c:5890:6:mbedtls_ssl_set_outbound_transform	0	static
C:/analog/cfs/1.0.1/SDK/MAX/Libraries/USS/maxq10xx-sdk/mbedtls/library/ssl_msg.c:5899:6:mbedtls_ssl_buffering_free	16	static
C:/analog/cfs/1.0.1/SDK/MAX/Libraries/USS/maxq10xx-sdk/mbedtls/library/ssl_msg.c:2559:6:mbedtls_ssl_recv_flight_completed	16	static
C:/analog/cfs/1.0.1/SDK/MAX/Libraries/USS/maxq10xx-sdk/mbedtls/library/ssl_msg.c:5944:6:mbedtls_ssl_write_version	0	static
C:/analog/cfs/1.0.1/SDK/MAX/Libraries/USS/maxq10xx-sdk/mbedtls/library/ssl_msg.c:2809:5:mbedtls_ssl_write_record	112	static
C:/analog/cfs/1.0.1/SDK/MAX/Libraries/USS/maxq10xx-sdk/mbedtls/library/ssl_msg.c:2403:5:mbedtls_ssl_flight_transmit	48	static
C:/analog/cfs/1.0.1/SDK/MAX/Libraries/USS/maxq10xx-sdk/mbedtls/library/ssl_msg.c:2383:5:mbedtls_ssl_resend	24	static
C:/analog/cfs/1.0.1/SDK/MAX/Libraries/USS/maxq10xx-sdk/mbedtls/library/ssl_msg.c:2017:5:mbedtls_ssl_fetch_input	40	static
C:/analog/cfs/1.0.1/SDK/MAX/Libraries/USS/maxq10xx-sdk/mbedtls/library/ssl_msg.c:3099:5:mbedtls_ssl_prepare_handshake_record	40	static
C:/analog/cfs/1.0.1/SDK/MAX/Libraries/USS/maxq10xx-sdk/mbedtls/library/ssl_msg.c:4828:5:mbedtls_ssl_handle_message_type	24	static
C:/analog/cfs/1.0.1/SDK/MAX/Libraries/USS/maxq10xx-sdk/mbedtls/library/ssl_msg.c:2647:5:mbedtls_ssl_write_handshake_msg_ext	40	static
C:/analog/cfs/1.0.1/SDK/MAX/Libraries/USS/maxq10xx-sdk/mbedtls/library/ssl_msg.c:2781:5:mbedtls_ssl_finish_handshake_msg	8	static
C:/analog/cfs/1.0.1/SDK/MAX/Libraries/USS/maxq10xx-sdk/mbedtls/library/ssl_msg.c:4986:5:mbedtls_ssl_write_change_cipher_spec	24	static
C:/analog/cfs/1.0.1/SDK/MAX/Libraries/USS/maxq10xx-sdk/mbedtls/library/ssl_msg.c:4955:5:mbedtls_ssl_send_alert_message	40	static
C:/analog/cfs/1.0.1/SDK/MAX/Libraries/USS/maxq10xx-sdk/mbedtls/library/ssl_msg.c:4948:5:mbedtls_ssl_send_fatal_handshake_failure	8	static
C:/analog/cfs/1.0.1/SDK/MAX/Libraries/USS/maxq10xx-sdk/mbedtls/library/ssl_msg.c:5425:12:ssl_tls12_handle_hs_message_post_handshake	24	static
C:/analog/cfs/1.0.1/SDK/MAX/Libraries/USS/maxq10xx-sdk/mbedtls/library/ssl_msg.c:5511:12:ssl_handle_hs_message_post_handshake	8	static
C:/analog/cfs/1.0.1/SDK/MAX/Libraries/USS/maxq10xx-sdk/mbedtls/library/ssl_msg.c:5832:5:mbedtls_ssl_close_notify	24	static
C:/analog/cfs/1.0.1/SDK/MAX/Libraries/USS/maxq10xx-sdk/mbedtls/library/ssl_msg.c:5739:12:ssl_write_real	40	static
C:/analog/cfs/1.0.1/SDK/MAX/Libraries/USS/maxq10xx-sdk/mbedtls/library/ssl_msg.c:5798:5:mbedtls_ssl_write	32	static
C:/analog/cfs/1.0.1/SDK/MAX/Libraries/USS/maxq10xx-sdk/mbedtls/library/ssl_msg.c:5958:10:mbedtls_ssl_read_version	0	static
C:/analog/cfs/1.0.1/SDK/MAX/Libraries/USS/maxq10xx-sdk/mbedtls/library/ssl_msg.c:3589:12:ssl_parse_record_header	56	static
C:/analog/cfs/1.0.1/SDK/MAX/Libraries/USS/maxq10xx-sdk/mbedtls/library/ssl_msg.c:103:5:mbedtls_ssl_check_record	104	static
C:/analog/cfs/1.0.1/SDK/MAX/Libraries/USS/maxq10xx-sdk/mbedtls/library/ssl_msg.c:4639:12:ssl_get_next_record	88	static
C:/analog/cfs/1.0.1/SDK/MAX/Libraries/USS/maxq10xx-sdk/mbedtls/library/ssl_msg.c:3983:5:mbedtls_ssl_read_record	24	static
C:/analog/cfs/1.0.1/SDK/MAX/Libraries/USS/maxq10xx-sdk/mbedtls/library/ssl_msg.c:5008:5:mbedtls_ssl_parse_change_cipher_spec	24	static
C:/analog/cfs/1.0.1/SDK/MAX/Libraries/USS/maxq10xx-sdk/mbedtls/library/ssl_msg.c:5533:5:mbedtls_ssl_read	32	static
C:/analog/cfs/1.0.1/SDK/MAX/Libraries/USS/maxq10xx-sdk/mbedtls/library/ssl_msg.c:5979:5:mbedtls_ssl_handle_pending_alert	8	static
C:/analog/cfs/1.0.1/SDK/MAX/Libraries/USS/maxq10xx-sdk/mbedtls/library/ssl_msg.c:6009:6:mbedtls_ssl_pend_fatal_alert	0	static
