C:/analog/cfs/1.0.1/SDK/MAX/Libraries/USS/maxq10xx-sdk/mbedtls/library/x509.c:135:27:md_type_to_string	0	static
C:/analog/cfs/1.0.1/SDK/MAX/Libraries/USS/maxq10xx-sdk/mbedtls/library/x509.c:570:12:x509_parse_int	4	static
C:/analog/cfs/1.0.1/SDK/MAX/Libraries/USS/maxq10xx-sdk/mbedtls/library/x509.c:586:12:x509_date_is_valid	0	static
C:/analog/cfs/1.0.1/SDK/MAX/Libraries/USS/maxq10xx-sdk/mbedtls/library/x509.c:623:12:x509_parse_time	24	static
C:/analog/cfs/1.0.1/SDK/MAX/Libraries/USS/maxq10xx-sdk/mbedtls/library/x509.c:410:12:x509_get_attr_type_value	32	static
C:/analog/cfs/1.0.1/SDK/MAX/Libraries/USS/maxq10xx-sdk/mbedtls/library/x509.c:183:12:x509_get_hash_alg	40	static
C:/analog/cfs/1.0.1/SDK/MAX/Libraries/USS/maxq10xx-sdk/mbedtls/library/x509.c:1125:12:x509_get_other_name	48	static
C:/analog/cfs/1.0.1/SDK/MAX/Libraries/USS/maxq10xx-sdk/mbedtls/library/x509.c:71:5:mbedtls_x509_get_serial	16	static
C:/analog/cfs/1.0.1/SDK/MAX/Libraries/USS/maxq10xx-sdk/mbedtls/library/x509.c:105:5:mbedtls_x509_get_alg_null	8	static
C:/analog/cfs/1.0.1/SDK/MAX/Libraries/USS/maxq10xx-sdk/mbedtls/library/x509.c:120:5:mbedtls_x509_get_alg	8	static
C:/analog/cfs/1.0.1/SDK/MAX/Libraries/USS/maxq10xx-sdk/mbedtls/library/x509.c:249:5:mbedtls_x509_get_rsassa_pss_params	64	static
C:/analog/cfs/1.0.1/SDK/MAX/Libraries/USS/maxq10xx-sdk/mbedtls/library/x509.c:502:5:mbedtls_x509_get_name	40	static
C:/analog/cfs/1.0.1/SDK/MAX/Libraries/USS/maxq10xx-sdk/mbedtls/library/x509.c:688:5:mbedtls_x509_get_time	24	static
C:/analog/cfs/1.0.1/SDK/MAX/Libraries/USS/maxq10xx-sdk/mbedtls/library/x509.c:721:5:mbedtls_x509_get_sig	24	static
C:/analog/cfs/1.0.1/SDK/MAX/Libraries/USS/maxq10xx-sdk/mbedtls/library/x509.c:750:5:mbedtls_x509_get_sig_alg	24	static
C:/analog/cfs/1.0.1/SDK/MAX/Libraries/USS/maxq10xx-sdk/mbedtls/library/x509.c:800:5:mbedtls_x509_get_ext	24	static
C:/analog/cfs/1.0.1/SDK/MAX/Libraries/USS/maxq10xx-sdk/mbedtls/library/x509.c:839:5:mbedtls_x509_dn_gets	304	static
C:/analog/cfs/1.0.1/SDK/MAX/Libraries/USS/maxq10xx-sdk/mbedtls/library/x509.c:908:5:mbedtls_x509_serial_gets	40	static
C:/analog/cfs/1.0.1/SDK/MAX/Libraries/USS/maxq10xx-sdk/mbedtls/library/x509.c:942:5:mbedtls_x509_sig_alg_gets	40	static
C:/analog/cfs/1.0.1/SDK/MAX/Libraries/USS/maxq10xx-sdk/mbedtls/library/x509.c:987:5:mbedtls_x509_key_size_helper	8	static
C:/analog/cfs/1.0.1/SDK/MAX/Libraries/USS/maxq10xx-sdk/mbedtls/library/x509.c:1098:5:mbedtls_x509_time_is_past	0	static
C:/analog/cfs/1.0.1/SDK/MAX/Libraries/USS/maxq10xx-sdk/mbedtls/library/x509.c:1104:5:mbedtls_x509_time_is_future	0	static
C:/analog/cfs/1.0.1/SDK/MAX/Libraries/USS/maxq10xx-sdk/mbedtls/library/x509.c:1319:5:mbedtls_x509_get_ns_cert_type	24	static
C:/analog/cfs/1.0.1/SDK/MAX/Libraries/USS/maxq10xx-sdk/mbedtls/library/x509.c:1347:5:mbedtls_x509_get_key_usage	24	static
C:/analog/cfs/1.0.1/SDK/MAX/Libraries/USS/maxq10xx-sdk/mbedtls/library/x509.c:1375:5:mbedtls_x509_parse_subject_alt_name	56	static
C:/analog/cfs/1.0.1/SDK/MAX/Libraries/USS/maxq10xx-sdk/mbedtls/library/x509.c:1234:5:mbedtls_x509_get_subject_alt_name	96	static
C:/analog/cfs/1.0.1/SDK/MAX/Libraries/USS/maxq10xx-sdk/mbedtls/library/x509.c:1448:5:mbedtls_x509_info_subject_alt_name	80	static
C:/analog/cfs/1.0.1/SDK/MAX/Libraries/USS/maxq10xx-sdk/mbedtls/library/x509.c:1589:5:mbedtls_x509_info_cert_type	24	static
C:/analog/cfs/1.0.1/SDK/MAX/Libraries/USS/maxq10xx-sdk/mbedtls/library/x509.c:1616:5:mbedtls_x509_info_key_usage	24	static
