C:/analog/cfs/1.0.1/SDK/MAX/Libraries/USS/maxq10xx-sdk/mbedtls/library/x509_crt.c:187:12:x509_profile_check_md_alg	0	static
C:/analog/cfs/1.0.1/SDK/MAX/Libraries/USS/maxq10xx-sdk/mbedtls/library/x509_crt.c:205:12:x509_profile_check_pk_alg	0	static
C:/analog/cfs/1.0.1/SDK/MAX/Libraries/USS/maxq10xx-sdk/mbedtls/library/x509_crt.c:262:12:x509_memcasecmp	8	static
C:/analog/cfs/1.0.1/SDK/MAX/Libraries/USS/maxq10xx-sdk/mbedtls/library/x509_crt.c:389:13:x509_crt_verify_chain_reset	0	static
C:/analog/cfs/1.0.1/SDK/MAX/Libraries/USS/maxq10xx-sdk/mbedtls/library/x509_crt.c:2625:12:x509_crt_merge_flags_with_cb	32	static
C:/analog/cfs/1.0.1/SDK/MAX/Libraries/USS/maxq10xx-sdk/mbedtls/library/x509_crt.c:480:12:x509_get_uid	16	static
C:/analog/cfs/1.0.1/SDK/MAX/Libraries/USS/maxq10xx-sdk/mbedtls/library/x509_crt.c:645:12:x509_get_certificate_policies	48	static
C:/analog/cfs/1.0.1/SDK/MAX/Libraries/USS/maxq10xx-sdk/mbedtls/library/x509_crt.c:325:12:x509_string_cmp	24	static
C:/analog/cfs/1.0.1/SDK/MAX/Libraries/USS/maxq10xx-sdk/mbedtls/library/x509_crt.c:353:12:x509_name_cmp	16	static
C:/analog/cfs/1.0.1/SDK/MAX/Libraries/USS/maxq10xx-sdk/mbedtls/library/x509_crt.c:2312:12:x509_crt_check_ee_locally_trusted	16	static
C:/analog/cfs/1.0.1/SDK/MAX/Libraries/USS/maxq10xx-sdk/mbedtls/library/x509_crt.c:409:12:x509_get_version	24	static
C:/analog/cfs/1.0.1/SDK/MAX/Libraries/USS/maxq10xx-sdk/mbedtls/library/x509_crt.c:446:12:x509_get_dates	32	static
C:/analog/cfs/1.0.1/SDK/MAX/Libraries/USS/maxq10xx-sdk/mbedtls/library/x509_crt.c:508:12:x509_get_basic_constraints	32	static
C:/analog/cfs/1.0.1/SDK/MAX/Libraries/USS/maxq10xx-sdk/mbedtls/library/x509_crt.c:577:12:x509_get_ext_key_usage	8	static
C:/analog/cfs/1.0.1/SDK/MAX/Libraries/USS/maxq10xx-sdk/mbedtls/library/x509_crt.c:768:12:x509_get_crt_ext	72	static
C:/analog/cfs/1.0.1/SDK/MAX/Libraries/USS/maxq10xx-sdk/mbedtls/library/x509_crt.c:1559:12:x509_info_ext_key_usage	48	static
C:/analog/cfs/1.0.1/SDK/MAX/Libraries/USS/maxq10xx-sdk/mbedtls/library/x509_crt.c:1588:12:x509_info_cert_policies	48	static
C:/analog/cfs/1.0.1/SDK/MAX/Libraries/USS/maxq10xx-sdk/mbedtls/library/x509_crt.c:223:12:x509_profile_check_key	32	static
C:/analog/cfs/1.0.1/SDK/MAX/Libraries/USS/maxq10xx-sdk/mbedtls/library/x509_crt.c:290:12:x509_check_wildcard	16	static
C:/analog/cfs/1.0.1/SDK/MAX/Libraries/USS/maxq10xx-sdk/mbedtls/library/x509_crt.c:2550:12:x509_crt_check_cn	16	static
C:/analog/cfs/1.0.1/SDK/MAX/Libraries/USS/maxq10xx-sdk/mbedtls/library/x509_crt.c:2570:12:x509_crt_check_san	8	static
C:/analog/cfs/1.0.1/SDK/MAX/Libraries/USS/maxq10xx-sdk/mbedtls/library/x509_crt.c:2590:13:x509_crt_verify_name	24	static
C:/analog/cfs/1.0.1/SDK/MAX/Libraries/USS/maxq10xx-sdk/mbedtls/library/x509_crt.c:1990:12:x509_crt_check_signature	48	static
C:/analog/cfs/1.0.1/SDK/MAX/Libraries/USS/maxq10xx-sdk/mbedtls/library/x509_crt.c:1622:5:mbedtls_x509_crt_info	88	static
C:/analog/cfs/1.0.1/SDK/MAX/Libraries/USS/maxq10xx-sdk/mbedtls/library/x509_crt.c:1773:5:mbedtls_x509_crt_verify_info	40	static
C:/analog/cfs/1.0.1/SDK/MAX/Libraries/USS/maxq10xx-sdk/mbedtls/library/x509_crt.c:1801:5:mbedtls_x509_crt_check_key_usage	0	static
C:/analog/cfs/1.0.1/SDK/MAX/Libraries/USS/maxq10xx-sdk/mbedtls/library/x509_crt.c:2055:12:x509_crt_check_parent	16	static
C:/analog/cfs/1.0.1/SDK/MAX/Libraries/USS/maxq10xx-sdk/mbedtls/library/x509_crt.c:2129:12:x509_crt_find_parent_in	48	static
C:/analog/cfs/1.0.1/SDK/MAX/Libraries/USS/maxq10xx-sdk/mbedtls/library/x509_crt.c:2247:12:x509_crt_find_parent	56	static
C:/analog/cfs/1.0.1/SDK/MAX/Libraries/USS/maxq10xx-sdk/mbedtls/library/x509_crt.c:2375:12:x509_crt_verify_chain	72	static
C:/analog/cfs/1.0.1/SDK/MAX/Libraries/USS/maxq10xx-sdk/mbedtls/library/x509_crt.c:2669:12:x509_crt_verify_restartable_ca_cb	136	static
C:/analog/cfs/1.0.1/SDK/MAX/Libraries/USS/maxq10xx-sdk/mbedtls/library/x509_crt.c:1827:5:mbedtls_x509_crt_check_extended_key_usage	24	static
C:/analog/cfs/1.0.1/SDK/MAX/Libraries/USS/maxq10xx-sdk/mbedtls/library/x509_crt.c:2765:5:mbedtls_x509_crt_verify	48	static
C:/analog/cfs/1.0.1/SDK/MAX/Libraries/USS/maxq10xx-sdk/mbedtls/library/x509_crt.c:2782:5:mbedtls_x509_crt_verify_with_profile	48	static
C:/analog/cfs/1.0.1/SDK/MAX/Libraries/USS/maxq10xx-sdk/mbedtls/library/x509_crt.c:2816:5:mbedtls_x509_crt_verify_restartable	40	static
C:/analog/cfs/1.0.1/SDK/MAX/Libraries/USS/maxq10xx-sdk/mbedtls/library/x509_crt.c:2835:6:mbedtls_x509_crt_init	8	static
C:/analog/cfs/1.0.1/SDK/MAX/Libraries/USS/maxq10xx-sdk/mbedtls/library/x509_crt.c:2843:6:mbedtls_x509_crt_free	16	static
C:/analog/cfs/1.0.1/SDK/MAX/Libraries/USS/maxq10xx-sdk/mbedtls/library/x509_crt.c:962:12:x509_crt_parse_der_core	80	static
C:/analog/cfs/1.0.1/SDK/MAX/Libraries/USS/maxq10xx-sdk/mbedtls/library/x509_crt.c:1206:12:mbedtls_x509_crt_parse_der_internal	40	static
C:/analog/cfs/1.0.1/SDK/MAX/Libraries/USS/maxq10xx-sdk/mbedtls/library/x509_crt.c:1259:5:mbedtls_x509_crt_parse_der_nocopy	16	static
C:/analog/cfs/1.0.1/SDK/MAX/Libraries/USS/maxq10xx-sdk/mbedtls/library/x509_crt.c:1266:5:mbedtls_x509_crt_parse_der_with_ext_cb	16	static
C:/analog/cfs/1.0.1/SDK/MAX/Libraries/USS/maxq10xx-sdk/mbedtls/library/x509_crt.c:1276:5:mbedtls_x509_crt_parse_der	16	static
C:/analog/cfs/1.0.1/SDK/MAX/Libraries/USS/maxq10xx-sdk/mbedtls/library/x509_crt.c:1287:5:mbedtls_x509_crt_parse	64	static
