C:/analog/cfs/1.0.1/SDK/MAX/Libraries/USS/maxq10xx-sdk/maxq10xx-api/src/api/internal/crypto/aes_gcm/aes-internal-dec.c:90:13:rijndaelDecrypt	36	static
C:/analog/cfs/1.0.1/SDK/MAX/Libraries/USS/maxq10xx-sdk/maxq10xx-api/src/api/internal/crypto/aes_gcm/aes-internal-dec.c:28:12:rijndaelKeySetupDec	24	static
C:/analog/cfs/1.0.1/SDK/MAX/Libraries/USS/maxq10xx-sdk/maxq10xx-api/src/api/internal/crypto/aes_gcm/aes-internal-dec.c:60:8:aes_decrypt_init	8	static
C:/analog/cfs/1.0.1/SDK/MAX/Libraries/USS/maxq10xx-sdk/maxq10xx-api/src/api/internal/crypto/aes_gcm/aes-internal-dec.c:165:6:aes_decrypt	8	static
C:/analog/cfs/1.0.1/SDK/MAX/Libraries/USS/maxq10xx-sdk/maxq10xx-api/src/api/internal/crypto/aes_gcm/aes-internal-dec.c:172:6:aes_decrypt_deinit	8	static
