C:/analog/cfs/1.0.1/SDK/MAX/Libraries/USS/maxq10xx-sdk/maxq10xx-api/src/api/internal/crypto/aes/aes.c:290:17:oaes_sub_byte	0	static
C:/analog/cfs/1.0.1/SDK/MAX/Libraries/USS/maxq10xx-sdk/maxq10xx-api/src/api/internal/crypto/aes/aes.c:309:17:oaes_inv_sub_byte	0	static
C:/analog/cfs/1.0.1/SDK/MAX/Libraries/USS/maxq10xx-sdk/maxq10xx-api/src/api/internal/crypto/aes/aes.c:364:17:oaes_shift_rows	24	static
C:/analog/cfs/1.0.1/SDK/MAX/Libraries/USS/maxq10xx-sdk/maxq10xx-api/src/api/internal/crypto/aes/aes.c:396:17:oaes_inv_shift_rows	24	static
C:/analog/cfs/1.0.1/SDK/MAX/Libraries/USS/maxq10xx-sdk/maxq10xx-api/src/api/internal/crypto/aes/aes.c:428:16:oaes_gf_mul	0	static
C:/analog/cfs/1.0.1/SDK/MAX/Libraries/USS/maxq10xx-sdk/maxq10xx-api/src/api/internal/crypto/aes/aes.c:466:17:oaes_mix_cols	40	static
C:/analog/cfs/1.0.1/SDK/MAX/Libraries/USS/maxq10xx-sdk/maxq10xx-api/src/api/internal/crypto/aes/aes.c:490:17:oaes_inv_mix_cols	40	static
C:/analog/cfs/1.0.1/SDK/MAX/Libraries/USS/maxq10xx-sdk/maxq10xx-api/src/api/internal/crypto/aes/aes.c:1336:17:oaes_encrypt_block	24	static
C:/analog/cfs/1.0.1/SDK/MAX/Libraries/USS/maxq10xx-sdk/maxq10xx-api/src/api/internal/crypto/aes/aes.c:1477:17:oaes_decrypt_block	24	static
C:/analog/cfs/1.0.1/SDK/MAX/Libraries/USS/maxq10xx-sdk/maxq10xx-api/src/api/internal/crypto/aes/aes.c:346:17:oaes_word_rot_left	8	static
C:/analog/cfs/1.0.1/SDK/MAX/Libraries/USS/maxq10xx-sdk/maxq10xx-api/src/api/internal/crypto/aes/aes.c:625:17:oaes_key_expand	24	static
C:/analog/cfs/1.0.1/SDK/MAX/Libraries/USS/maxq10xx-sdk/maxq10xx-api/src/api/internal/crypto/aes/aes.c:769:17:oaes_key_gen	24	static
C:/analog/cfs/1.0.1/SDK/MAX/Libraries/USS/maxq10xx-sdk/maxq10xx-api/src/api/internal/crypto/aes/aes.c:514:10:oaes_sprintf	32	static
C:/analog/cfs/1.0.1/SDK/MAX/Libraries/USS/maxq10xx-sdk/maxq10xx-api/src/api/internal/crypto/aes/aes.c:564:10:oaes_key_destroy	0	static
C:/analog/cfs/1.0.1/SDK/MAX/Libraries/USS/maxq10xx-sdk/maxq10xx-api/src/api/internal/crypto/aes/aes.c:866:10:oaes_key_gen_128	16	static
C:/analog/cfs/1.0.1/SDK/MAX/Libraries/USS/maxq10xx-sdk/maxq10xx-api/src/api/internal/crypto/aes/aes.c:871:10:oaes_key_gen_192	16	static
C:/analog/cfs/1.0.1/SDK/MAX/Libraries/USS/maxq10xx-sdk/maxq10xx-api/src/api/internal/crypto/aes/aes.c:876:10:oaes_key_gen_256	16	static
C:/analog/cfs/1.0.1/SDK/MAX/Libraries/USS/maxq10xx-sdk/maxq10xx-api/src/api/internal/crypto/aes/aes.c:897:10:oaes_key_export	8	static
C:/analog/cfs/1.0.1/SDK/MAX/Libraries/USS/maxq10xx-sdk/maxq10xx-api/src/api/internal/crypto/aes/aes.c:940:10:oaes_key_export_data	8	static
C:/analog/cfs/1.0.1/SDK/MAX/Libraries/USS/maxq10xx-sdk/maxq10xx-api/src/api/internal/crypto/aes/aes.c:978:10:oaes_key_import	24	static
C:/analog/cfs/1.0.1/SDK/MAX/Libraries/USS/maxq10xx-sdk/maxq10xx-api/src/api/internal/crypto/aes/aes.c:1170:10:oaes_key_import_data	8	static
C:/analog/cfs/1.0.1/SDK/MAX/Libraries/USS/maxq10xx-sdk/maxq10xx-api/src/api/internal/crypto/aes/aes.c:1265:10:oaes_set_option	16	static
C:/analog/cfs/1.0.1/SDK/MAX/Libraries/USS/maxq10xx-sdk/maxq10xx-api/src/api/internal/crypto/aes/aes.c:1617:10:oaes_encrypt	64	static
C:/analog/cfs/1.0.1/SDK/MAX/Libraries/USS/maxq10xx-sdk/maxq10xx-api/src/api/internal/crypto/aes/aes.c:1697:10:oaes_mac	64	static
C:/analog/cfs/1.0.1/SDK/MAX/Libraries/USS/maxq10xx-sdk/maxq10xx-api/src/api/internal/crypto/aes/aes.c:1761:10:oaes_decrypt	64	static
C:/analog/cfs/1.0.1/SDK/MAX/Libraries/USS/maxq10xx-sdk/maxq10xx-api/src/api/internal/crypto/aes/aes.c:1839:11:HOST_aes_cbc	360	static
C:/analog/cfs/1.0.1/SDK/MAX/Libraries/USS/maxq10xx-sdk/maxq10xx-api/src/api/internal/crypto/aes/aes.c:1891:11:HOST_aes_cbc_mac	360	static
