C:/analog/cfs/1.0.1/SDK/MAX/Libraries/USS/maxq10xx-sdk/maxq10xx-api/src/api/MXQ_API.c:3134:19:MXQ_tls_cipher_auth_ccm_initial	40	static
C:/analog/cfs/1.0.1/SDK/MAX/Libraries/USS/maxq10xx-sdk/maxq10xx-api/src/api/MXQ_API.c:3181:19:MXQ_tls_cipher_auth_ccm_update	40	static
C:/analog/cfs/1.0.1/SDK/MAX/Libraries/USS/maxq10xx-sdk/maxq10xx-api/src/api/MXQ_API.c:3212:19:MXQ_tls_cipher_auth_ccm_last	40	static
C:/analog/cfs/1.0.1/SDK/MAX/Libraries/USS/maxq10xx-sdk/maxq10xx-api/src/api/MXQ_API.c:249:27:MXQ_Parse_Access_Rules	40	static
C:/analog/cfs/1.0.1/SDK/MAX/Libraries/USS/maxq10xx-sdk/maxq10xx-api/src/api/MXQ_API.c:52:6:MXQ_PRINTBUFFER	16	static
C:/analog/cfs/1.0.1/SDK/MAX/Libraries/USS/maxq10xx-sdk/maxq10xx-api/src/api/MXQ_API.c:70:6:put_u2	0	static
C:/analog/cfs/1.0.1/SDK/MAX/Libraries/USS/maxq10xx-sdk/maxq10xx-api/src/api/MXQ_API.c:78:6:put_u1	0	static
C:/analog/cfs/1.0.1/SDK/MAX/Libraries/USS/maxq10xx-sdk/maxq10xx-api/src/api/MXQ_API.c:85:6:put_buffer	4	static
C:/analog/cfs/1.0.1/SDK/MAX/Libraries/USS/maxq10xx-sdk/maxq10xx-api/src/api/MXQ_API.c:96:6:get_u4	0	static
C:/analog/cfs/1.0.1/SDK/MAX/Libraries/USS/maxq10xx-sdk/maxq10xx-api/src/api/MXQ_API.c:104:8:get_u2	0	static
C:/analog/cfs/1.0.1/SDK/MAX/Libraries/USS/maxq10xx-sdk/maxq10xx-api/src/api/MXQ_API.c:111:8:get_u1	0	static
C:/analog/cfs/1.0.1/SDK/MAX/Libraries/USS/maxq10xx-sdk/maxq10xx-api/src/api/MXQ_API.c:118:6:get_buffer	4	static
C:/analog/cfs/1.0.1/SDK/MAX/Libraries/USS/maxq10xx-sdk/maxq10xx-api/src/api/MXQ_API.c:130:23:MXQ_get_sign_alg_from_curve	0	static
C:/analog/cfs/1.0.1/SDK/MAX/Libraries/USS/maxq10xx-sdk/maxq10xx-api/src/api/MXQ_API.c:152:13:MXQ_get_curve_bytelen	0	static
C:/analog/cfs/1.0.1/SDK/MAX/Libraries/USS/maxq10xx-sdk/maxq10xx-api/src/api/MXQ_API.c:176:13:MXQ_Get_MD_OutputSize	8	static
C:/analog/cfs/1.0.1/SDK/MAX/Libraries/USS/maxq10xx-sdk/maxq10xx-api/src/api/MXQ_API.c:192:19:MXQ_Module_Init	8	static
C:/analog/cfs/1.0.1/SDK/MAX/Libraries/USS/maxq10xx-sdk/maxq10xx-api/src/api/MXQ_API.c:210:19:MXQ_Module_Deinit	8	static
C:/analog/cfs/1.0.1/SDK/MAX/Libraries/USS/maxq10xx-sdk/maxq10xx-api/src/api/MXQ_API.c:226:15:MXQ_Module_Interface	8	static
C:/analog/cfs/1.0.1/SDK/MAX/Libraries/USS/maxq10xx-sdk/maxq10xx-api/src/api/MXQ_API.c:231:19:MXQ_Module_SetInterface	8	static
C:/analog/cfs/1.0.1/SDK/MAX/Libraries/USS/maxq10xx-sdk/maxq10xx-api/src/api/MXQ_API.c:301:19:MXQ_DisplayObjectDetails	40	static
C:/analog/cfs/1.0.1/SDK/MAX/Libraries/USS/maxq10xx-sdk/maxq10xx-api/src/api/MXQ_API.c:382:19:MXQ_ListObject	40	static
C:/analog/cfs/1.0.1/SDK/MAX/Libraries/USS/maxq10xx-sdk/maxq10xx-api/src/api/MXQ_API.c:409:19:MXQ_CreateObject	48	static
C:/analog/cfs/1.0.1/SDK/MAX/Libraries/USS/maxq10xx-sdk/maxq10xx-api/src/api/MXQ_API.c:441:19:MXQ_CreateCounter	48	static
C:/analog/cfs/1.0.1/SDK/MAX/Libraries/USS/maxq10xx-sdk/maxq10xx-api/src/api/MXQ_API.c:474:19:MXQ_ReadObject	40	static
C:/analog/cfs/1.0.1/SDK/MAX/Libraries/USS/maxq10xx-sdk/maxq10xx-api/src/api/MXQ_API.c:499:19:MXQ_ReadCertificate	8	static
C:/analog/cfs/1.0.1/SDK/MAX/Libraries/USS/maxq10xx-sdk/maxq10xx-api/src/api/MXQ_API.c:511:19:MXQ_WriteObject	40	static
C:/analog/cfs/1.0.1/SDK/MAX/Libraries/USS/maxq10xx-sdk/maxq10xx-api/src/api/MXQ_API.c:539:19:MXQ_WriteObjectV2	40	static
C:/analog/cfs/1.0.1/SDK/MAX/Libraries/USS/maxq10xx-sdk/maxq10xx-api/src/api/MXQ_API.c:609:19:MXQ_UpdateCounter	40	static
C:/analog/cfs/1.0.1/SDK/MAX/Libraries/USS/maxq10xx-sdk/maxq10xx-api/src/api/MXQ_API.c:635:19:MXQ_ReadCounter	32	static
C:/analog/cfs/1.0.1/SDK/MAX/Libraries/USS/maxq10xx-sdk/maxq10xx-api/src/api/MXQ_API.c:655:19:MXQ_DeleteObject	24	static
C:/analog/cfs/1.0.1/SDK/MAX/Libraries/USS/maxq10xx-sdk/maxq10xx-api/src/api/MXQ_API.c:678:19:MXQ_MD_Init	24	static
C:/analog/cfs/1.0.1/SDK/MAX/Libraries/USS/maxq10xx-sdk/maxq10xx-api/src/api/MXQ_API.c:703:19:MXQ_MD_Update	32	static
C:/analog/cfs/1.0.1/SDK/MAX/Libraries/USS/maxq10xx-sdk/maxq10xx-api/src/api/MXQ_API.c:747:19:MXQ_MD_Finish	32	static
C:/analog/cfs/1.0.1/SDK/MAX/Libraries/USS/maxq10xx-sdk/maxq10xx-api/src/api/MXQ_API.c:771:19:MXQ_MAC_Init	40	static
C:/analog/cfs/1.0.1/SDK/MAX/Libraries/USS/maxq10xx-sdk/maxq10xx-api/src/api/MXQ_API.c:799:19:MXQ_MAC_Update	32	static
C:/analog/cfs/1.0.1/SDK/MAX/Libraries/USS/maxq10xx-sdk/maxq10xx-api/src/api/MXQ_API.c:839:19:MXQ_MAC_Finish	32	static
C:/analog/cfs/1.0.1/SDK/MAX/Libraries/USS/maxq10xx-sdk/maxq10xx-api/src/api/MXQ_API.c:858:19:MXQ_MAC_Verify	32	static
C:/analog/cfs/1.0.1/SDK/MAX/Libraries/USS/maxq10xx-sdk/maxq10xx-api/src/api/MXQ_API.c:2742:18:MXQ_tls_cbc_hmac_helper	56	dynamic
C:/analog/cfs/1.0.1/SDK/MAX/Libraries/USS/maxq10xx-sdk/maxq10xx-api/src/api/MXQ_API.c:878:19:MXQ_Cipher_Init	48	static
C:/analog/cfs/1.0.1/SDK/MAX/Libraries/USS/maxq10xx-sdk/maxq10xx-api/src/api/MXQ_API.c:1053:19:MXQ_Cipher_Update	48	static
C:/analog/cfs/1.0.1/SDK/MAX/Libraries/USS/maxq10xx-sdk/maxq10xx-api/src/api/MXQ_API.c:1132:19:MXQ_Cipher_Finish	32	static
C:/analog/cfs/1.0.1/SDK/MAX/Libraries/USS/maxq10xx-sdk/maxq10xx-api/src/api/MXQ_API.c:1188:19:MXQ_Verify	40	static
C:/analog/cfs/1.0.1/SDK/MAX/Libraries/USS/maxq10xx-sdk/maxq10xx-api/src/api/MXQ_API.c:1227:19:MXQ_Sign	40	static
C:/analog/cfs/1.0.1/SDK/MAX/Libraries/USS/maxq10xx-sdk/maxq10xx-api/src/api/MXQ_API.c:1274:19:MXQ_BuildKey_Ex	32	static
C:/analog/cfs/1.0.1/SDK/MAX/Libraries/USS/maxq10xx-sdk/maxq10xx-api/src/api/MXQ_API.c:1266:19:MXQ_BuildKey	48	static
C:/analog/cfs/1.0.1/SDK/MAX/Libraries/USS/maxq10xx-sdk/maxq10xx-api/src/api/MXQ_API.c:1303:19:MXQ_BuildEK_Material	40	static
C:/analog/cfs/1.0.1/SDK/MAX/Libraries/USS/maxq10xx-sdk/maxq10xx-api/src/api/MXQ_API.c:1322:19:MXQ_Build_EC_Cert	80	static
C:/analog/cfs/1.0.1/SDK/MAX/Libraries/USS/maxq10xx-sdk/maxq10xx-api/src/api/MXQ_API.c:1369:19:MXQ_ImportKeyCert	48	static
C:/analog/cfs/1.0.1/SDK/MAX/Libraries/USS/maxq10xx-sdk/maxq10xx-api/src/api/MXQ_API.c:1411:19:MXQ_ImportChildCert	32	static
C:/analog/cfs/1.0.1/SDK/MAX/Libraries/USS/maxq10xx-sdk/maxq10xx-api/src/api/MXQ_API.c:1469:19:MXQ_AdminAuth	40	static
C:/analog/cfs/1.0.1/SDK/MAX/Libraries/USS/maxq10xx-sdk/maxq10xx-api/src/api/MXQ_API.c:1534:19:MXQ_AdminAuthReset	24	static
C:/analog/cfs/1.0.1/SDK/MAX/Libraries/USS/maxq10xx-sdk/maxq10xx-api/src/api/MXQ_API.c:1650:19:MXQ_OpenSecureChannel	104	static
C:/analog/cfs/1.0.1/SDK/MAX/Libraries/USS/maxq10xx-sdk/maxq10xx-api/src/api/MXQ_API.c:1696:19:MXQ_CloseSecureChannel	24	static
C:/analog/cfs/1.0.1/SDK/MAX/Libraries/USS/maxq10xx-sdk/maxq10xx-api/src/api/MXQ_API.c:1793:19:MXQ_VerifyBoot	40	static
C:/analog/cfs/1.0.1/SDK/MAX/Libraries/USS/maxq10xx-sdk/maxq10xx-api/src/api/MXQ_API.c:1824:19:MXQ_VerifyBootReset	24	static
C:/analog/cfs/1.0.1/SDK/MAX/Libraries/USS/maxq10xx-sdk/maxq10xx-api/src/api/MXQ_API.c:1847:19:MXQ_GetStatus	136	static
C:/analog/cfs/1.0.1/SDK/MAX/Libraries/USS/maxq10xx-sdk/maxq10xx-api/src/api/MXQ_API.c:1889:19:MXQ_SetState	24	static
C:/analog/cfs/1.0.1/SDK/MAX/Libraries/USS/maxq10xx-sdk/maxq10xx-api/src/api/MXQ_API.c:1912:19:MXQ_SetConfig	24	static
C:/analog/cfs/1.0.1/SDK/MAX/Libraries/USS/maxq10xx-sdk/maxq10xx-api/src/api/MXQ_API.c:1935:19:MXQ_ResetFactory	24	static
C:/analog/cfs/1.0.1/SDK/MAX/Libraries/USS/maxq10xx-sdk/maxq10xx-api/src/api/MXQ_API.c:1985:19:MXQ_Ping	40	static
C:/analog/cfs/1.0.1/SDK/MAX/Libraries/USS/maxq10xx-sdk/maxq10xx-api/src/api/MXQ_API.c:2032:19:MXQ_Wakeup	8	static
C:/analog/cfs/1.0.1/SDK/MAX/Libraries/USS/maxq10xx-sdk/maxq10xx-api/src/api/MXQ_API.c:2048:19:MXQ_Reset	8	static
C:/analog/cfs/1.0.1/SDK/MAX/Libraries/USS/maxq10xx-sdk/maxq10xx-api/src/api/MXQ_API.c:2053:19:MXQ_Sleep	24	static
C:/analog/cfs/1.0.1/SDK/MAX/Libraries/USS/maxq10xx-sdk/maxq10xx-api/src/api/MXQ_API.c:2099:19:MXQ_Attestation	64	static
C:/analog/cfs/1.0.1/SDK/MAX/Libraries/USS/maxq10xx-sdk/maxq10xx-api/src/api/MXQ_API.c:2129:19:MXQ_EstablishKey	48	static
C:/analog/cfs/1.0.1/SDK/MAX/Libraries/USS/maxq10xx-sdk/maxq10xx-api/src/api/MXQ_API.c:2205:19:MXQ_EstablishKey_DH	48	static
C:/analog/cfs/1.0.1/SDK/MAX/Libraries/USS/maxq10xx-sdk/maxq10xx-api/src/api/MXQ_API.c:2258:19:MXQ_Get_Challenge	32	static
C:/analog/cfs/1.0.1/SDK/MAX/Libraries/USS/maxq10xx-sdk/maxq10xx-api/src/api/MXQ_API.c:2284:19:MXQ_GPIO_Ctrl	40	static
C:/analog/cfs/1.0.1/SDK/MAX/Libraries/USS/maxq10xx-sdk/maxq10xx-api/src/api/MXQ_API.c:2320:19:MXQ_GPIO_Read	40	static
C:/analog/cfs/1.0.1/SDK/MAX/Libraries/USS/maxq10xx-sdk/maxq10xx-api/src/api/MXQ_API.c:2346:19:MXQ_1065_Sleep	24	static
C:/analog/cfs/1.0.1/SDK/MAX/Libraries/USS/maxq10xx-sdk/maxq10xx-api/src/api/MXQ_API.c:2362:19:MXQ_1065_Restore	32	static
C:/analog/cfs/1.0.1/SDK/MAX/Libraries/USS/maxq10xx-sdk/maxq10xx-api/src/api/MXQ_API.c:2385:19:MXQ_Get_Random_Ext	40	static
C:/analog/cfs/1.0.1/SDK/MAX/Libraries/USS/maxq10xx-sdk/maxq10xx-api/src/api/MXQ_API.c:2416:19:MXQ_Perform_Key_Exchange	24	static
C:/analog/cfs/1.0.1/SDK/MAX/Libraries/USS/maxq10xx-sdk/maxq10xx-api/src/api/MXQ_API.c:2448:19:MXQ_TLS13_Generate_Key	48	static
C:/analog/cfs/1.0.1/SDK/MAX/Libraries/USS/maxq10xx-sdk/maxq10xx-api/src/api/MXQ_API.c:2480:19:MXQ_TLS13_Create_Secret	40	static
C:/analog/cfs/1.0.1/SDK/MAX/Libraries/USS/maxq10xx-sdk/maxq10xx-api/src/api/MXQ_API.c:2509:19:MXQ_TLS13_Extract_Secret	48	static
C:/analog/cfs/1.0.1/SDK/MAX/Libraries/USS/maxq10xx-sdk/maxq10xx-api/src/api/MXQ_API.c:2537:19:MXQ_TLS13_Update_IV	32	static
C:/analog/cfs/1.0.1/SDK/MAX/Libraries/USS/maxq10xx-sdk/maxq10xx-api/src/api/MXQ_API.c:2563:19:MXQ_TLS13_Expand_Secret	48	static
C:/analog/cfs/1.0.1/SDK/MAX/Libraries/USS/maxq10xx-sdk/maxq10xx-api/src/api/MXQ_API.c:2595:19:MXQ_Encrypt_PMS_with_RSA	40	static
C:/analog/cfs/1.0.1/SDK/MAX/Libraries/USS/maxq10xx-sdk/maxq10xx-api/src/api/MXQ_API.c:2626:19:MXQ_Ecdh_Compute_Shared	40	static
C:/analog/cfs/1.0.1/SDK/MAX/Libraries/USS/maxq10xx-sdk/maxq10xx-api/src/api/MXQ_API.c:2664:19:MXQ_SetECDHEKey	40	static
C:/analog/cfs/1.0.1/SDK/MAX/Libraries/USS/maxq10xx-sdk/maxq10xx-api/src/api/MXQ_API.c:2707:19:MXQ_tls_prf_sha_256	40	static
C:/analog/cfs/1.0.1/SDK/MAX/Libraries/USS/maxq10xx-sdk/maxq10xx-api/src/api/MXQ_API.c:2817:19:MXQ_tls_cipher_cbc	136	static
C:/analog/cfs/1.0.1/SDK/MAX/Libraries/USS/maxq10xx-sdk/maxq10xx-api/src/api/MXQ_API.c:3242:19:MXQ_TLS_Save	24	static
C:/analog/cfs/1.0.1/SDK/MAX/Libraries/USS/maxq10xx-sdk/maxq10xx-api/src/api/MXQ_API.c:3262:19:MXQ_TLS_Restore	24	static
C:/analog/cfs/1.0.1/SDK/MAX/Libraries/USS/maxq10xx-sdk/maxq10xx-api/src/api/MXQ_API.c:3281:20:MXQ_tls_cipher_aead	112	static
C:/analog/cfs/1.0.1/SDK/MAX/Libraries/USS/maxq10xx-sdk/maxq10xx-api/src/api/MXQ_API.c:3379:20:MXQ_cipher_auth_ccm	96	static
C:/analog/cfs/1.0.1/SDK/MAX/Libraries/USS/maxq10xx-sdk/maxq10xx-api/src/api/MXQ_API.c:3695:19:MXQ_TLS_Direct	8	static
C:/analog/cfs/1.0.1/SDK/MAX/Libraries/USS/maxq10xx-sdk/maxq10xx-api/src/api/MXQ_API.c:3705:19:MXQ_TLS_Enable	0	static
C:/analog/cfs/1.0.1/SDK/MAX/Libraries/USS/maxq10xx-sdk/maxq10xx-api/src/api/MXQ_API.c:3719:19:MAXQ1080_FW_Update	280	static
C:/analog/cfs/1.0.1/SDK/MAX/Libraries/USS/maxq10xx-sdk/maxq10xx-api/src/api/MXQ_API.c:3839:19:MAXQ1065_FW_Update	144	static
C:/analog/cfs/1.0.1/SDK/MAX/Libraries/USS/maxq10xx-sdk/maxq10xx-api/src/api/MXQ_API.c:3971:19:MAXQ_FW_Update	16	static
C:/analog/cfs/1.0.1/SDK/MAX/Libraries/USS/maxq10xx-sdk/maxq10xx-api/src/api/MXQ_API.c:3983:19:MXQ_Tamper	0	static
C:/analog/cfs/1.0.1/SDK/MAX/Libraries/USS/maxq10xx-sdk/maxq10xx-api/src/api/MXQ_API.c:4026:19:MXQ_Bypass	8	static
C:/analog/cfs/1.0.1/SDK/MAX/Libraries/USS/maxq10xx-sdk/maxq10xx-api/src/api/MXQ_API.c:4044:15:MXQ_get_str_code	8	static
