C:/analog/cfs/1.0.1/SDK/MAX/Libraries/USS/maxq10xx-sdk/maxq10xx-api/src/api/internal/MXQ_Print.c:68:13:printf_color	20	static
C:/analog/cfs/1.0.1/SDK/MAX/Libraries/USS/maxq10xx-sdk/maxq10xx-api/src/api/internal/MXQ_Print.c:82:6:cmd_print_seccmd	16	static
C:/analog/cfs/1.0.1/SDK/MAX/Libraries/USS/maxq10xx-sdk/maxq10xx-api/src/api/internal/MXQ_Print.c:94:6:cmd_print	24	static
C:/analog/cfs/1.0.1/SDK/MAX/Libraries/USS/maxq10xx-sdk/maxq10xx-api/src/api/internal/MXQ_Print.c:131:6:cmd_print_gcu	16	static
C:/analog/cfs/1.0.1/SDK/MAX/Libraries/USS/maxq10xx-sdk/maxq10xx-api/src/api/internal/MXQ_Print.c:142:6:cmd_print_array	24	static
C:/analog/cfs/1.0.1/SDK/MAX/Libraries/USS/maxq10xx-sdk/maxq10xx-api/src/api/internal/MXQ_Print.c:154:14:MXQ_DisplayStatus	48	static
C:/analog/cfs/1.0.1/SDK/MAX/Libraries/USS/maxq10xx-sdk/maxq10xx-api/src/api/internal/MXQ_Print.c:178:14:MXQ_DisplayConfig	8	static
C:/analog/cfs/1.0.1/SDK/MAX/Libraries/USS/maxq10xx-sdk/maxq10xx-api/src/api/internal/MXQ_Print.c:289:6:start_time_all	0	static
C:/analog/cfs/1.0.1/SDK/MAX/Libraries/USS/maxq10xx-sdk/maxq10xx-api/src/api/internal/MXQ_Print.c:290:6:stop_time_all	0	static
C:/analog/cfs/1.0.1/SDK/MAX/Libraries/USS/maxq10xx-sdk/maxq10xx-api/src/api/internal/MXQ_Print.c:291:6:start_time_proc	0	static
C:/analog/cfs/1.0.1/SDK/MAX/Libraries/USS/maxq10xx-sdk/maxq10xx-api/src/api/internal/MXQ_Print.c:292:6:stop_time_proc	0	static
