C:/analog/cfs/1.0.1/SDK/MAX/Libraries/USS/maxq10xx-sdk/maxq10xx-api/src/api/internal/crypto/ecc/asm_arm.inc:46:26:uECC_vli_add	12	static
C:/analog/cfs/1.0.1/SDK/MAX/Libraries/USS/maxq10xx-sdk/maxq10xx-api/src/api/internal/crypto/ecc/asm_arm.inc:100:26:uECC_vli_sub	12	static
C:/analog/cfs/1.0.1/SDK/MAX/Libraries/USS/maxq10xx-sdk/maxq10xx-api/src/api/internal/crypto/ecc/asm_arm.inc:467:19:uECC_vli_mult	24	static
C:/analog/cfs/1.0.1/SDK/MAX/Libraries/USS/maxq10xx-sdk/maxq10xx-api/src/api/internal/crypto/ecc/uECC.c:207:19:uECC_vli_clear	0	static
C:/analog/cfs/1.0.1/SDK/MAX/Libraries/USS/maxq10xx-sdk/maxq10xx-api/src/api/internal/crypto/ecc/uECC.c:217:26:uECC_vli_isZero	4	static
C:/analog/cfs/1.0.1/SDK/MAX/Libraries/USS/maxq10xx-sdk/maxq10xx-api/src/api/internal/crypto/ecc/uECC.c:227:26:uECC_vli_testBit	0	static
C:/analog/cfs/1.0.1/SDK/MAX/Libraries/USS/maxq10xx-sdk/maxq10xx-api/src/api/internal/crypto/ecc/uECC.c:232:20:vli_numDigits	0	static
C:/analog/cfs/1.0.1/SDK/MAX/Libraries/USS/maxq10xx-sdk/maxq10xx-api/src/api/internal/crypto/ecc/uECC.c:243:25:uECC_vli_numBits	8	static
C:/analog/cfs/1.0.1/SDK/MAX/Libraries/USS/maxq10xx-sdk/maxq10xx-api/src/api/internal/crypto/ecc/uECC.c:262:19:uECC_vli_set	4	static
C:/analog/cfs/1.0.1/SDK/MAX/Libraries/USS/maxq10xx-sdk/maxq10xx-api/src/api/internal/crypto/ecc/uECC.c:271:20:uECC_vli_cmp_unsafe	4	static
C:/analog/cfs/1.0.1/SDK/MAX/Libraries/USS/maxq10xx-sdk/maxq10xx-api/src/api/internal/crypto/ecc/uECC.c:287:26:uECC_vli_equal	4	static
C:/analog/cfs/1.0.1/SDK/MAX/Libraries/USS/maxq10xx-sdk/maxq10xx-api/src/api/internal/crypto/ecc/uECC.c:304:26:uECC_vli_cmp	48	static
C:/analog/cfs/1.0.1/SDK/MAX/Libraries/USS/maxq10xx-sdk/maxq10xx-api/src/api/internal/crypto/ecc/uECC.c:315:19:uECC_vli_rshift1	0	static
C:/analog/cfs/1.0.1/SDK/MAX/Libraries/USS/maxq10xx-sdk/maxq10xx-api/src/api/internal/crypto/ecc/uECC.c:535:19:uECC_vli_modAdd	16	static
C:/analog/cfs/1.0.1/SDK/MAX/Libraries/USS/maxq10xx-sdk/maxq10xx-api/src/api/internal/crypto/ecc/uECC.c:549:19:uECC_vli_modSub	16	static
C:/analog/cfs/1.0.1/SDK/MAX/Libraries/USS/maxq10xx-sdk/maxq10xx-api/src/api/internal/crypto/ecc/uECC.c:564:19:uECC_vli_mmod	168	static
C:/analog/cfs/1.0.1/SDK/MAX/Libraries/USS/maxq10xx-sdk/maxq10xx-api/src/api/internal/crypto/ecc/uECC.c:607:19:uECC_vli_modMult	88	static
C:/analog/cfs/1.0.1/SDK/MAX/Libraries/USS/maxq10xx-sdk/maxq10xx-api/src/api/internal/crypto/ecc/uECC.c:617:19:uECC_vli_modMult_fast	80	static
C:/analog/cfs/1.0.1/SDK/MAX/Libraries/USS/maxq10xx-sdk/maxq10xx-api/src/api/internal/crypto/ecc/uECC.c:667:19:uECC_vli_modSquare_fast	8	static
C:/analog/cfs/1.0.1/SDK/MAX/Libraries/USS/maxq10xx-sdk/maxq10xx-api/src/api/internal/crypto/ecc/uECC.c:676:13:vli_modInv_update	16	static
C:/analog/cfs/1.0.1/SDK/MAX/Libraries/USS/maxq10xx-sdk/maxq10xx-api/src/api/internal/crypto/ecc/uECC.c:691:19:uECC_vli_modInv	152	static
C:/analog/cfs/1.0.1/SDK/MAX/Libraries/USS/maxq10xx-sdk/maxq10xx-api/src/api/internal/crypto/ecc/curve-specific.inc:50:13:double_jacobian_default	104	static
C:/analog/cfs/1.0.1/SDK/MAX/Libraries/USS/maxq10xx-sdk/maxq10xx-api/src/api/internal/crypto/ecc/curve-specific.inc:98:13:x_side_default	72	static
C:/analog/cfs/1.0.1/SDK/MAX/Libraries/USS/maxq10xx-sdk/maxq10xx-api/src/api/internal/crypto/ecc/curve-specific.inc:113:13:mod_sqrt_default	88	static
C:/analog/cfs/1.0.1/SDK/MAX/Libraries/USS/maxq10xx-sdk/maxq10xx-api/src/api/internal/crypto/ecc/curve-specific.inc:257:13:omega_mult_secp160r1	16	static
C:/analog/cfs/1.0.1/SDK/MAX/Libraries/USS/maxq10xx-sdk/maxq10xx-api/src/api/internal/crypto/ecc/curve-specific.inc:215:13:vli_mmod_fast_secp160r1	64	static
C:/analog/cfs/1.0.1/SDK/MAX/Libraries/USS/maxq10xx-sdk/maxq10xx-api/src/api/internal/crypto/ecc/curve-specific.inc:352:13:vli_mmod_fast_secp192r1	48	static
C:/analog/cfs/1.0.1/SDK/MAX/Libraries/USS/maxq10xx-sdk/maxq10xx-api/src/api/internal/crypto/ecc/curve-specific.inc:454:13:mod_sqrt_secp224r1_rs	80	static
C:/analog/cfs/1.0.1/SDK/MAX/Libraries/USS/maxq10xx-sdk/maxq10xx-api/src/api/internal/crypto/ecc/curve-specific.inc:472:13:mod_sqrt_secp224r1_rss	32	static
C:/analog/cfs/1.0.1/SDK/MAX/Libraries/USS/maxq10xx-sdk/maxq10xx-api/src/api/internal/crypto/ecc/curve-specific.inc:490:13:mod_sqrt_secp224r1_rm	112	static
C:/analog/cfs/1.0.1/SDK/MAX/Libraries/USS/maxq10xx-sdk/maxq10xx-api/src/api/internal/crypto/ecc/curve-specific.inc:518:13:mod_sqrt_secp224r1_rp	152	static
C:/analog/cfs/1.0.1/SDK/MAX/Libraries/USS/maxq10xx-sdk/maxq10xx-api/src/api/internal/crypto/ecc/curve-specific.inc:544:13:mod_sqrt_secp224r1	216	static
C:/analog/cfs/1.0.1/SDK/MAX/Libraries/USS/maxq10xx-sdk/maxq10xx-api/src/api/internal/crypto/ecc/curve-specific.inc:630:13:vli_mmod_fast_secp224r1	56	static
C:/analog/cfs/1.0.1/SDK/MAX/Libraries/USS/maxq10xx-sdk/maxq10xx-api/src/api/internal/crypto/ecc/curve-specific.inc:884:13:vli_mmod_fast_secp256r1	56	static
C:/analog/cfs/1.0.1/SDK/MAX/Libraries/USS/maxq10xx-sdk/maxq10xx-api/src/api/internal/crypto/ecc/curve-specific.inc:1111:13:double_jacobian_secp256k1	104	static
C:/analog/cfs/1.0.1/SDK/MAX/Libraries/USS/maxq10xx-sdk/maxq10xx-api/src/api/internal/crypto/ecc/curve-specific.inc:1150:13:x_side_secp256k1	24	static
C:/analog/cfs/1.0.1/SDK/MAX/Libraries/USS/maxq10xx-sdk/maxq10xx-api/src/api/internal/crypto/ecc/curve-specific.inc:1212:13:omega_mult_secp256k1	16	static
C:/analog/cfs/1.0.1/SDK/MAX/Libraries/USS/maxq10xx-sdk/maxq10xx-api/src/api/internal/crypto/ecc/curve-specific.inc:1158:13:vli_mmod_fast_secp256k1	88	static
C:/analog/cfs/1.0.1/SDK/MAX/Libraries/USS/maxq10xx-sdk/maxq10xx-api/src/api/internal/crypto/ecc/uECC.c:748:13:apply_z	56	static
C:/analog/cfs/1.0.1/SDK/MAX/Libraries/USS/maxq10xx-sdk/maxq10xx-api/src/api/internal/crypto/ecc/uECC.c:761:13:XYcZ_initial_double	64	static
C:/analog/cfs/1.0.1/SDK/MAX/Libraries/USS/maxq10xx-sdk/maxq10xx-api/src/api/internal/crypto/ecc/uECC.c:788:13:XYcZ_add	80	static
C:/analog/cfs/1.0.1/SDK/MAX/Libraries/USS/maxq10xx-sdk/maxq10xx-api/src/api/internal/crypto/ecc/uECC.c:819:13:XYcZ_addC	152	static
C:/analog/cfs/1.0.1/SDK/MAX/Libraries/USS/maxq10xx-sdk/maxq10xx-api/src/api/internal/crypto/ecc/uECC.c:857:13:EccPoint_mult	232	static
C:/analog/cfs/1.0.1/SDK/MAX/Libraries/USS/maxq10xx-sdk/maxq10xx-api/src/api/internal/crypto/ecc/uECC.c:902:20:regularize_k	24	static
C:/analog/cfs/1.0.1/SDK/MAX/Libraries/USS/maxq10xx-sdk/maxq10xx-api/src/api/internal/crypto/ecc/uECC.c:915:20:EccPoint_compute_public_key	96	static
C:/analog/cfs/1.0.1/SDK/MAX/Libraries/USS/maxq10xx-sdk/maxq10xx-api/src/api/internal/crypto/ecc/uECC.c:954:19:uECC_vli_nativeToBytes	4	static
C:/analog/cfs/1.0.1/SDK/MAX/Libraries/USS/maxq10xx-sdk/maxq10xx-api/src/api/internal/crypto/ecc/uECC.c:964:19:uECC_vli_bytesToNative	16	static
C:/analog/cfs/1.0.1/SDK/MAX/Libraries/USS/maxq10xx-sdk/maxq10xx-api/src/api/internal/crypto/ecc/uECC.c:980:18:uECC_generate_random_int	24	static
C:/analog/cfs/1.0.1/SDK/MAX/Libraries/USS/maxq10xx-sdk/maxq10xx-api/src/api/internal/crypto/ecc/uECC.c:1194:13:bits2int	32	static
C:/analog/cfs/1.0.1/SDK/MAX/Libraries/USS/maxq10xx-sdk/maxq10xx-api/src/api/internal/crypto/ecc/uECC.c:1232:12:uECC_sign_with_k	192	static
C:/analog/cfs/1.0.1/SDK/MAX/Libraries/USS/maxq10xx-sdk/maxq10xx-api/src/api/internal/crypto/ecc/uECC.c:1328:13:HMAC_init	16	static
C:/analog/cfs/1.0.1/SDK/MAX/Libraries/USS/maxq10xx-sdk/maxq10xx-api/src/api/internal/crypto/ecc/uECC.c:1340:13:HMAC_update	8	static
C:/analog/cfs/1.0.1/SDK/MAX/Libraries/USS/maxq10xx-sdk/maxq10xx-api/src/api/internal/crypto/ecc/uECC.c:1346:13:HMAC_finish	16	static
C:/analog/cfs/1.0.1/SDK/MAX/Libraries/USS/maxq10xx-sdk/maxq10xx-api/src/api/internal/crypto/ecc/uECC.c:1452:19:smax	0	static
C:/analog/cfs/1.0.1/SDK/MAX/Libraries/USS/maxq10xx-sdk/maxq10xx-api/src/api/internal/crypto/ecc/uECC.c:190:6:uECC_set_rng	0	static
C:/analog/cfs/1.0.1/SDK/MAX/Libraries/USS/maxq10xx-sdk/maxq10xx-api/src/api/internal/crypto/ecc/uECC.c:194:19:uECC_get_rng	0	static
C:/analog/cfs/1.0.1/SDK/MAX/Libraries/USS/maxq10xx-sdk/maxq10xx-api/src/api/internal/crypto/ecc/uECC.c:198:5:uECC_curve_private_key_size	0	static
C:/analog/cfs/1.0.1/SDK/MAX/Libraries/USS/maxq10xx-sdk/maxq10xx-api/src/api/internal/crypto/ecc/uECC.c:202:5:uECC_curve_public_key_size	0	static
C:/analog/cfs/1.0.1/SDK/MAX/Libraries/USS/maxq10xx-sdk/maxq10xx-api/src/api/internal/crypto/ecc/curve-specific.inc:169:12:uECC_secp160r1	0	static
C:/analog/cfs/1.0.1/SDK/MAX/Libraries/USS/maxq10xx-sdk/maxq10xx-api/src/api/internal/crypto/ecc/curve-specific.inc:314:12:uECC_secp192r1	0	static
C:/analog/cfs/1.0.1/SDK/MAX/Libraries/USS/maxq10xx-sdk/maxq10xx-api/src/api/internal/crypto/ecc/curve-specific.inc:449:12:uECC_secp224r1	0	static
C:/analog/cfs/1.0.1/SDK/MAX/Libraries/USS/maxq10xx-sdk/maxq10xx-api/src/api/internal/crypto/ecc/curve-specific.inc:772:12:uECC_secp256r1	0	static
C:/analog/cfs/1.0.1/SDK/MAX/Libraries/USS/maxq10xx-sdk/maxq10xx-api/src/api/internal/crypto/ecc/curve-specific.inc:1107:12:uECC_secp256k1	0	static
C:/analog/cfs/1.0.1/SDK/MAX/Libraries/USS/maxq10xx-sdk/maxq10xx-api/src/api/internal/crypto/ecc/uECC.c:1004:5:uECC_make_key	120	static
C:/analog/cfs/1.0.1/SDK/MAX/Libraries/USS/maxq10xx-sdk/maxq10xx-api/src/api/internal/crypto/ecc/uECC.c:1034:5:uECC_shared_secret	176	static
C:/analog/cfs/1.0.1/SDK/MAX/Libraries/USS/maxq10xx-sdk/maxq10xx-api/src/api/internal/crypto/ecc/uECC.c:1080:6:uECC_compress	4	static
C:/analog/cfs/1.0.1/SDK/MAX/Libraries/USS/maxq10xx-sdk/maxq10xx-api/src/api/internal/crypto/ecc/uECC.c:1092:6:uECC_decompress	96	static
C:/analog/cfs/1.0.1/SDK/MAX/Libraries/USS/maxq10xx-sdk/maxq10xx-api/src/api/internal/crypto/ecc/uECC.c:1118:5:uECC_valid_point	88	static
C:/analog/cfs/1.0.1/SDK/MAX/Libraries/USS/maxq10xx-sdk/maxq10xx-api/src/api/internal/crypto/ecc/uECC.c:1141:5:uECC_valid_public_key	80	static
C:/analog/cfs/1.0.1/SDK/MAX/Libraries/USS/maxq10xx-sdk/maxq10xx-api/src/api/internal/crypto/ecc/uECC.c:1156:5:uECC_compute_public_key	112	static
C:/analog/cfs/1.0.1/SDK/MAX/Libraries/USS/maxq10xx-sdk/maxq10xx-api/src/api/internal/crypto/ecc/uECC.c:1306:5:uECC_sign	72	static
C:/analog/cfs/1.0.1/SDK/MAX/Libraries/USS/maxq10xx-sdk/maxq10xx-api/src/api/internal/crypto/ecc/uECC.c:1365:6:update_V	16	static
C:/analog/cfs/1.0.1/SDK/MAX/Libraries/USS/maxq10xx-sdk/maxq10xx-api/src/api/internal/crypto/ecc/uECC.c:1456:5:uECC_verify	544	static
